Archive member included to satisfy reference by file (symbol)

d:/dane/qmk_msys/mingw64/bin/../lib/gcc/arm-none-eabi/12.2.0/thumb/v6-m/nofp\libgcc.a(_dvmd_tls.o)
                              .build/obj_jokapad_default/./lib/pico-sdk/src/rp2_common/pico_divider/divider.o (__aeabi_idiv0)
d:/dane/qmk_msys/mingw64/bin/../lib/gcc/arm-none-eabi/12.2.0/../../../../arm-none-eabi/lib/thumb/v6-m/nofp\libg_nano.a(libc_a-rand.o)
                              .build/obj_jokapad_default/quantum/send_string/send_string.o (symbol from plugin) (rand)
d:/dane/qmk_msys/mingw64/bin/../lib/gcc/arm-none-eabi/12.2.0/../../../../arm-none-eabi/lib/thumb/v6-m/nofp\libg_nano.a(libc_a-ctype_.o)
                              .build/obj_jokapad_default/quantum/send_string/send_string.o (symbol from plugin) (_ctype_)
d:/dane/qmk_msys/mingw64/bin/../lib/gcc/arm-none-eabi/12.2.0/../../../../arm-none-eabi/lib/thumb/v6-m/nofp\libg_nano.a(libc_a-impure.o)
                              d:/dane/qmk_msys/mingw64/bin/../lib/gcc/arm-none-eabi/12.2.0/../../../../arm-none-eabi/lib/thumb/v6-m/nofp\libg_nano.a(libc_a-rand.o) (_impure_ptr)
d:/dane/qmk_msys/mingw64/bin/../lib/gcc/arm-none-eabi/12.2.0/../../../../arm-none-eabi/lib/thumb/v6-m/nofp\libg_nano.a(libc_a-errno.o)
                              .build/obj_jokapad_default/platforms/chibios/syscall-fallbacks.o (symbol from plugin) (__errno)
d:/dane/qmk_msys/mingw64/bin/../lib/gcc/arm-none-eabi/12.2.0/../../../../arm-none-eabi/lib/thumb/v6-m/nofp\libg_nano.a(libc_a-assert.o)
                              d:/dane/qmk_msys/mingw64/bin/../lib/gcc/arm-none-eabi/12.2.0/../../../../arm-none-eabi/lib/thumb/v6-m/nofp\libg_nano.a(libc_a-rand.o) (__assert_func)
d:/dane/qmk_msys/mingw64/bin/../lib/gcc/arm-none-eabi/12.2.0/../../../../arm-none-eabi/lib/thumb/v6-m/nofp\libg_nano.a(libc_a-malloc.o)
                              d:/dane/qmk_msys/mingw64/bin/../lib/gcc/arm-none-eabi/12.2.0/../../../../arm-none-eabi/lib/thumb/v6-m/nofp\libg_nano.a(libc_a-rand.o) (malloc)
d:/dane/qmk_msys/mingw64/bin/../lib/gcc/arm-none-eabi/12.2.0/../../../../arm-none-eabi/lib/thumb/v6-m/nofp\libg_nano.a(libc_a-mallocr.o)
                              d:/dane/qmk_msys/mingw64/bin/../lib/gcc/arm-none-eabi/12.2.0/../../../../arm-none-eabi/lib/thumb/v6-m/nofp\libg_nano.a(libc_a-malloc.o) (_malloc_r)
d:/dane/qmk_msys/mingw64/bin/../lib/gcc/arm-none-eabi/12.2.0/../../../../arm-none-eabi/lib/thumb/v6-m/nofp\libg_nano.a(libc_a-mlock.o)
                              d:/dane/qmk_msys/mingw64/bin/../lib/gcc/arm-none-eabi/12.2.0/../../../../arm-none-eabi/lib/thumb/v6-m/nofp\libg_nano.a(libc_a-mallocr.o) (__malloc_lock)
d:/dane/qmk_msys/mingw64/bin/../lib/gcc/arm-none-eabi/12.2.0/../../../../arm-none-eabi/lib/thumb/v6-m/nofp\libg_nano.a(libc_a-fprintf.o)
                              d:/dane/qmk_msys/mingw64/bin/../lib/gcc/arm-none-eabi/12.2.0/../../../../arm-none-eabi/lib/thumb/v6-m/nofp\libg_nano.a(libc_a-assert.o) (fiprintf)
d:/dane/qmk_msys/mingw64/bin/../lib/gcc/arm-none-eabi/12.2.0/../../../../arm-none-eabi/lib/thumb/v6-m/nofp\libg_nano.a(libc_a-lock.o)
                              d:/dane/qmk_msys/mingw64/bin/../lib/gcc/arm-none-eabi/12.2.0/../../../../arm-none-eabi/lib/thumb/v6-m/nofp\libg_nano.a(libc_a-mlock.o) (__retarget_lock_acquire_recursive)
d:/dane/qmk_msys/mingw64/bin/../lib/gcc/arm-none-eabi/12.2.0/../../../../arm-none-eabi/lib/thumb/v6-m/nofp\libg_nano.a(libc_a-abort.o)
                              d:/dane/qmk_msys/mingw64/bin/../lib/gcc/arm-none-eabi/12.2.0/../../../../arm-none-eabi/lib/thumb/v6-m/nofp\libg_nano.a(libc_a-assert.o) (abort)
d:/dane/qmk_msys/mingw64/bin/../lib/gcc/arm-none-eabi/12.2.0/../../../../arm-none-eabi/lib/thumb/v6-m/nofp\libg_nano.a(libc_a-freer.o)
                              d:/dane/qmk_msys/mingw64/bin/../lib/gcc/arm-none-eabi/12.2.0/../../../../arm-none-eabi/lib/thumb/v6-m/nofp\libg_nano.a(libc_a-malloc.o) (_free_r)
d:/dane/qmk_msys/mingw64/bin/../lib/gcc/arm-none-eabi/12.2.0/../../../../arm-none-eabi/lib/thumb/v6-m/nofp\libg_nano.a(libc_a-nano-vfprintf.o)
                              d:/dane/qmk_msys/mingw64/bin/../lib/gcc/arm-none-eabi/12.2.0/../../../../arm-none-eabi/lib/thumb/v6-m/nofp\libg_nano.a(libc_a-fprintf.o) (_vfprintf_r)
d:/dane/qmk_msys/mingw64/bin/../lib/gcc/arm-none-eabi/12.2.0/../../../../arm-none-eabi/lib/thumb/v6-m/nofp\libg_nano.a(libc_a-nano-vfprintf_i.o)
                              d:/dane/qmk_msys/mingw64/bin/../lib/gcc/arm-none-eabi/12.2.0/../../../../arm-none-eabi/lib/thumb/v6-m/nofp\libg_nano.a(libc_a-nano-vfprintf.o) (_printf_i)
d:/dane/qmk_msys/mingw64/bin/../lib/gcc/arm-none-eabi/12.2.0/../../../../arm-none-eabi/lib/thumb/v6-m/nofp\libg_nano.a(libc_a-findfp.o)
                              d:/dane/qmk_msys/mingw64/bin/../lib/gcc/arm-none-eabi/12.2.0/../../../../arm-none-eabi/lib/thumb/v6-m/nofp\libg_nano.a(libc_a-nano-vfprintf.o) (__sinit)
[...]
Memory Configuration

Name             Origin             Length             Attributes
flash0           0x00000000         0x00004000         xr
flash1           0x10000000         0x00200000         xr
flash2           0x00000000         0x00000000         xr
flash3           0x00000000         0x00000000         xr
flash4           0x00000000         0x00000000         xr
flash5           0x00000000         0x00000000         xr
flash6           0x00000000         0x00000000         xr
flash7           0x00000000         0x00000000         xr
ram0             0x20000000         0x00040000         xw
ram1             0x00000000         0x00040000         xw
ram2             0x00000000         0x00000000         xw
ram3             0x00000000         0x00000000         xw
ram4             0x20040000         0x00001000         xw
ram5             0x20041000         0x00001000         xw
ram6             0x00000000         0x00000000         xw
ram7             0x20041f00         0x00000100         xw
*default*        0x00000000         0xffffffff

Linker script and memory map

LOAD .build/obj_jokapad_default/.build/obj_jokapad_default/src/default_keyboard.o
LOAD D:\Dane\QMK_MSYS\tmp\ccfdoPfp.ltrans0.ltrans.o
LOAD D:\Dane\QMK_MSYS\tmp\ccRr1CCF.debug.temp.o
LOAD D:\Dane\QMK_MSYS\tmp\ccQz9uNG.debug.temp.o
LOAD D:\Dane\QMK_MSYS\tmp\ccvDiYZG.debug.temp.o
LOAD D:\Dane\QMK_MSYS\tmp\ccKv4KoH.debug.temp.o
LOAD D:\Dane\QMK_MSYS\tmp\ccpxGtJH.debug.temp.o
LOAD D:\Dane\QMK_MSYS\tmp\ccUbvRfI.debug.temp.o
LOAD D:\Dane\QMK_MSYS\tmp\cctYEgII.debug.temp.o
LOAD D:\Dane\QMK_MSYS\tmp\ccmnxBoJ.debug.temp.o
LOAD D:\Dane\QMK_MSYS\tmp\cch3vlYJ.debug.temp.o
LOAD D:\Dane\QMK_MSYS\tmp\ccAZWYBJ.debug.temp.o
LOAD D:\Dane\QMK_MSYS\tmp\ccjjjd9I.debug.temp.o
LOAD D:\Dane\QMK_MSYS\tmp\ccEGRpUI.debug.temp.o
LOAD D:\Dane\QMK_MSYS\tmp\ccrGWURI.debug.temp.o
LOAD D:\Dane\QMK_MSYS\tmp\cc8O7lJI.debug.temp.o
LOAD D:\Dane\QMK_MSYS\tmp\ccTfVePI.debug.temp.o
LOAD D:\Dane\QMK_MSYS\tmp\ccGHGAQI.debug.temp.o
LOAD D:\Dane\QMK_MSYS\tmp\ccXKLeTH.debug.temp.o
LOAD D:\Dane\QMK_MSYS\tmp\ccSgzzRG.debug.temp.o
LOAD D:\Dane\QMK_MSYS\tmp\ccxu5t3F.debug.temp.o
LOAD D:\Dane\QMK_MSYS\tmp\cciRa9aF.debug.temp.o
LOAD D:\Dane\QMK_MSYS\tmp\ccfU0EuE.debug.temp.o
LOAD D:\Dane\QMK_MSYS\tmp\ccIfw7JD.debug.temp.o
LOAD D:\Dane\QMK_MSYS\tmp\ccP9U8cD.debug.temp.o
LOAD D:\Dane\QMK_MSYS\tmp\ccOR9ioG.debug.temp.o
LOAD D:\Dane\QMK_MSYS\tmp\ccxbWavJ.debug.temp.o
LOAD D:\Dane\QMK_MSYS\tmp\ccS4q9PM.debug.temp.o
LOAD D:\Dane\QMK_MSYS\tmp\ccNkQx2P.debug.temp.o
LOAD D:\Dane\QMK_MSYS\tmp\ccIGaysT.debug.temp.o
LOAD D:\Dane\QMK_MSYS\tmp\ccvUePOW.debug.temp.o
LOAD D:\Dane\QMK_MSYS\tmp\ccEH9co0.debug.temp.o
LOAD D:\Dane\QMK_MSYS\tmp\ccd6k7S3.debug.temp.o
LOAD D:\Dane\QMK_MSYS\tmp\ccWPqcr6.debug.temp.o
LOAD D:\Dane\QMK_MSYS\tmp\cc56Iib9.debug.temp.o
LOAD D:\Dane\QMK_MSYS\tmp\ccY1BnRb.debug.temp.o
LOAD D:\Dane\QMK_MSYS\tmp\ccdQz3Ie.debug.temp.o
LOAD D:\Dane\QMK_MSYS\tmp\cccOEQwh.debug.temp.o
LOAD D:\Dane\QMK_MSYS\tmp\cctlbzyk.debug.temp.o
LOAD D:\Dane\QMK_MSYS\tmp\ccIBP5tn.debug.temp.o
LOAD D:\Dane\QMK_MSYS\tmp\ccvhaIsp.debug.temp.o
LOAD D:\Dane\QMK_MSYS\tmp\ccej7Dmr.debug.temp.o
LOAD D:\Dane\QMK_MSYS\tmp\ccPIm2tt.debug.temp.o
LOAD D:\Dane\QMK_MSYS\tmp\ccQFMowv.debug.temp.o
LOAD D:\Dane\QMK_MSYS\tmp\ccvb6jMx.debug.temp.o
LOAD D:\Dane\QMK_MSYS\tmp\ccSF3fXz.debug.temp.o
LOAD D:\Dane\QMK_MSYS\tmp\ccTIUKlC.debug.temp.o
LOAD D:\Dane\QMK_MSYS\tmp\ccq2nVFE.debug.temp.o
LOAD D:\Dane\QMK_MSYS\tmp\ccFYRV2F.debug.temp.o
LOAD D:\Dane\QMK_MSYS\tmp\ccoA7blH.debug.temp.o
LOAD D:\Dane\QMK_MSYS\tmp\ccltYIPI.debug.temp.o
LOAD D:\Dane\QMK_MSYS\tmp\cc2ZrhxK.debug.temp.o
LOAD D:\Dane\QMK_MSYS\tmp\ccbJ2LaM.debug.temp.o
LOAD D:\Dane\QMK_MSYS\tmp\ccMyDq0N.debug.temp.o
LOAD D:\Dane\QMK_MSYS\tmp\ccX6FwKP.debug.temp.o
LOAD D:\Dane\QMK_MSYS\tmp\ccItvjcV.debug.temp.o
LOAD D:\Dane\QMK_MSYS\tmp\ccRomFQ0.debug.temp.o
LOAD D:\Dane\QMK_MSYS\tmp\ccedscr6.debug.temp.o
LOAD D:\Dane\QMK_MSYS\tmp\ccp3TYcc.debug.temp.o
LOAD D:\Dane\QMK_MSYS\tmp\cc63QEai.debug.temp.o
LOAD D:\Dane\QMK_MSYS\tmp\cchMCR3n.debug.temp.o
LOAD D:\Dane\QMK_MSYS\tmp\ccsySWZs.debug.temp.o
LOAD D:\Dane\QMK_MSYS\tmp\ccthx8Ox.debug.temp.o
LOAD D:\Dane\QMK_MSYS\tmp\ccMZ0yRC.debug.temp.o
LOAD D:\Dane\QMK_MSYS\tmp\cc9ZQa4H.debug.temp.o
LOAD D:\Dane\QMK_MSYS\tmp\ccKlmycN.debug.temp.o
LOAD D:\Dane\QMK_MSYS\tmp\ccF5eWwS.debug.temp.o
LOAD D:\Dane\QMK_MSYS\tmp\cc0YXfNX.debug.temp.o
LOAD D:\Dane\QMK_MSYS\tmp\ccVAMB41.debug.temp.o
LOAD D:\Dane\QMK_MSYS\tmp\ccuZzbx6.debug.temp.o
LOAD D:\Dane\QMK_MSYS\tmp\ccv4XyVa.debug.temp.o
LOAD D:\Dane\QMK_MSYS\tmp\ccgVa4xf.debug.temp.o
LOAD D:\Dane\QMK_MSYS\tmp\ccpCyi4j.debug.temp.o
LOAD D:\Dane\QMK_MSYS\tmp\ccaRBmOo.debug.temp.o
LOAD D:\Dane\QMK_MSYS\tmp\ccpzMCys.debug.temp.o
LOAD D:\Dane\QMK_MSYS\tmp\ccuyQJew.debug.temp.o
LOAD D:\Dane\QMK_MSYS\tmp\ccjNcQ8z.debug.temp.o
LOAD D:\Dane\QMK_MSYS\tmp\ccUs2IWD.debug.temp.o
LOAD D:\Dane\QMK_MSYS\tmp\ccNfTWYH.debug.temp.o
LOAD D:\Dane\QMK_MSYS\tmp\cc4W0rVL.debug.temp.o
LOAD D:\Dane\QMK_MSYS\tmp\ccxkTN3P.debug.temp.o
LOAD D:\Dane\QMK_MSYS\tmp\cccWfNTX.debug.temp.o
LOAD D:\Dane\QMK_MSYS\tmp\ccv0ktF5.debug.temp.o
LOAD D:\Dane\QMK_MSYS\tmp\ccwvgxyd.debug.temp.o
LOAD D:\Dane\QMK_MSYS\tmp\ccnpjBFl.debug.temp.o
LOAD D:\Dane\QMK_MSYS\tmp\ccSfydIt.debug.temp.o
LOAD D:\Dane\QMK_MSYS\tmp\ccXUNtZA.debug.temp.o
LOAD D:\Dane\QMK_MSYS\tmp\ccOKoAcI.debug.temp.o
LOAD D:\Dane\QMK_MSYS\tmp\ccT1PkDP.debug.temp.o
LOAD D:\Dane\QMK_MSYS\tmp\ccQyloZW.debug.temp.o
LOAD D:\Dane\QMK_MSYS\tmp\cczmnaz4.debug.temp.o
LOAD D:\Dane\QMK_MSYS\tmp\ccQvlT4b.debug.temp.o
LOAD D:\Dane\QMK_MSYS\tmp\ccVgiyMj.debug.temp.o
LOAD D:\Dane\QMK_MSYS\tmp\cc4F6mqr.debug.temp.o
LOAD D:\Dane\QMK_MSYS\tmp\ccZDeF5x.debug.temp.o
LOAD D:\Dane\QMK_MSYS\tmp\cca0iJGE.debug.temp.o
LOAD D:\Dane\QMK_MSYS\tmp\ccnLHltL.debug.temp.o
LOAD D:\Dane\QMK_MSYS\tmp\ccYOXxdS.debug.temp.o
LOAD D:\Dane\QMK_MSYS\tmp\cc9ead6Y.debug.temp.o
LOAD D:\Dane\QMK_MSYS\tmp\cckjRTc6.debug.temp.o
LOAD D:\Dane\QMK_MSYS\tmp\ccHFWlfd.debug.temp.o
LOAD D:\Dane\QMK_MSYS\tmp\cceL0Kfj.debug.temp.o
LOAD D:\Dane\QMK_MSYS\tmp\ccLKH7rp.debug.temp.o
LOAD D:\Dane\QMK_MSYS\tmp\ccw99NAv.debug.temp.o
LOAD D:\Dane\QMK_MSYS\tmp\cctsIgXB.debug.temp.o
LOAD D:\Dane\QMK_MSYS\tmp\ccYoqWuI.debug.temp.o
LOAD D:\Dane\QMK_MSYS\tmp\ccNxbVVO.debug.temp.o
LOAD D:\Dane\QMK_MSYS\tmp\ccS21O4Y.debug.temp.o
LOAD D:\Dane\QMK_MSYS\tmp\ccZCYMq9.debug.temp.o
LOAD D:\Dane\QMK_MSYS\tmp\cceRb6Hj.debug.temp.o
LOAD D:\Dane\QMK_MSYS\tmp\ccFrVLcu.debug.temp.o
LOAD D:\Dane\QMK_MSYS\tmp\cc21TQOD.debug.temp.o
LOAD D:\Dane\QMK_MSYS\tmp\ccvTnwjN.debug.temp.o
LOAD D:\Dane\QMK_MSYS\tmp\ccOd5J2W.debug.temp.o
LOAD D:\Dane\QMK_MSYS\tmp\ccpRPGX6.debug.temp.o
LOAD D:\Dane\QMK_MSYS\tmp\ccemMxOg.debug.temp.o
LOAD D:\Dane\QMK_MSYS\tmp\ccBA1qRq.debug.temp.o
LOAD D:\Dane\QMK_MSYS\tmp\ccAE5jPA.debug.temp.o
LOAD D:\Dane\QMK_MSYS\tmp\ccmDgUIC.debug.temp.o
LOAD D:\Dane\QMK_MSYS\tmp\cca7SOxE.debug.temp.o
LOAD D:\Dane\QMK_MSYS\tmp\ccCDS9zG.debug.temp.o
LOAD D:\Dane\QMK_MSYS\tmp\cciXXQxI.debug.temp.o
LOAD D:\Dane\QMK_MSYS\tmp\ccUS33sK.debug.temp.o
LOAD D:\Dane\QMK_MSYS\tmp\cc28DhxM.debug.temp.o
LOAD D:\Dane\QMK_MSYS\tmp\ccwij6MO.debug.temp.o
LOAD D:\Dane\QMK_MSYS\tmp\ccoIqO6P.debug.temp.o
LOAD D:\Dane\QMK_MSYS\tmp\ccQ23ozR.debug.temp.o
LOAD D:\Dane\QMK_MSYS\tmp\ccSHOoXS.debug.temp.o
LOAD D:\Dane\QMK_MSYS\tmp\cc260ByU.debug.temp.o
LOAD D:\Dane\QMK_MSYS\tmp\ccKlpqiW.debug.temp.o
LOAD D:\Dane\QMK_MSYS\tmp\ccQoVGVX.debug.temp.o
LOAD D:\Dane\QMK_MSYS\tmp\ccqJwLBY.debug.temp.o
LOAD D:\Dane\QMK_MSYS\tmp\cc8h1RdZ.debug.temp.o
LOAD D:\Dane\QMK_MSYS\tmp\ccGvLU1Z.debug.temp.o
LOAD D:\Dane\QMK_MSYS\tmp\ccEQiCL0.debug.temp.o
LOAD D:\Dane\QMK_MSYS\tmp\ccUgOnJ1.debug.temp.o
LOAD D:\Dane\QMK_MSYS\tmp\ccKFVzQ2.debug.temp.o
LOAD D:\Dane\QMK_MSYS\tmp\ccOha2Y2.debug.temp.o
LOAD D:\Dane\QMK_MSYS\tmp\ccwOxL22.debug.temp.o
LOAD D:\Dane\QMK_MSYS\tmp\ccmH2Fk3.debug.temp.o
LOAD D:\Dane\QMK_MSYS\tmp\ccGxu3v3.debug.temp.o
LOAD D:\Dane\QMK_MSYS\tmp\ccUo8zV3.debug.temp.o
LOAD D:\Dane\QMK_MSYS\tmp\ccmttfj8.debug.temp.o
LOAD D:\Dane\QMK_MSYS\tmp\cca3wqCc.debug.temp.o
LOAD D:\Dane\QMK_MSYS\tmp\ccKfycng.debug.temp.o
LOAD D:\Dane\QMK_MSYS\tmp\ccm16Q3j.debug.temp.o
LOAD D:\Dane\QMK_MSYS\tmp\ccuLi8dn.debug.temp.o
LOAD D:\Dane\QMK_MSYS\tmp\ccgwIpMp.debug.temp.o
LOAD D:\Dane\QMK_MSYS\tmp\ccseI1vs.debug.temp.o
LOAD D:\Dane\QMK_MSYS\tmp\cce3JDtz.debug.temp.o
LOAD D:\Dane\QMK_MSYS\tmp\cc26cImF.debug.temp.o
LOAD D:\Dane\QMK_MSYS\tmp\ccKvCWAL.debug.temp.o
LOAD D:\Dane\QMK_MSYS\tmp\ccettQWR.debug.temp.o
LOAD D:\Dane\QMK_MSYS\tmp\cc4R6OsX.debug.temp.o
LOAD D:\Dane\QMK_MSYS\tmp\ccw0r192.debug.temp.o
LOAD .build/obj_jokapad_default/quantum/keymap_introspection.o
LOAD .build/obj_jokapad_default/quantum/quantum.o
LOAD .build/obj_jokapad_default/quantum/bitwise.o
LOAD .build/obj_jokapad_default/quantum/led.o
LOAD .build/obj_jokapad_default/quantum/action.o
LOAD .build/obj_jokapad_default/quantum/action_layer.o
LOAD .build/obj_jokapad_default/quantum/action_tapping.o
LOAD .build/obj_jokapad_default/quantum/action_util.o
LOAD .build/obj_jokapad_default/quantum/eeconfig.o
LOAD .build/obj_jokapad_default/quantum/keyboard.o
LOAD .build/obj_jokapad_default/quantum/keymap_common.o
LOAD .build/obj_jokapad_default/quantum/keycode_config.o
LOAD .build/obj_jokapad_default/quantum/sync_timer.o
LOAD .build/obj_jokapad_default/quantum/logging/debug.o
LOAD .build/obj_jokapad_default/quantum/logging/sendchar.o
LOAD .build/obj_jokapad_default/quantum/logging/print.o
LOAD .build/obj_jokapad_default/quantum/matrix_common.o
LOAD .build/obj_jokapad_default/quantum/matrix.o
LOAD .build/obj_jokapad_default/quantum/debounce/sym_defer_g.o
LOAD .build/obj_jokapad_default/quantum/main.o
LOAD .build/obj_jokapad_default/printf.o
LOAD .build/obj_jokapad_default/eeprom_driver.o
LOAD .build/obj_jokapad_default/eeprom_wear_leveling.o
LOAD .build/obj_jokapad_default/wear_leveling.o
LOAD .build/obj_jokapad_default/wear_leveling_rp2040_flash.o
LOAD .build/obj_jokapad_default/qmk_fnv_type_validation.o
LOAD .build/obj_jokapad_default/hash_32a.o
LOAD .build/obj_jokapad_default/hash_64a.o
LOAD .build/obj_jokapad_default/quantum/bootmagic/bootmagic.o
LOAD .build/obj_jokapad_default/quantum/dynamic_keymap.o
LOAD .build/obj_jokapad_default/quantum/process_keycode/process_grave_esc.o
LOAD .build/obj_jokapad_default/quantum/process_keycode/process_magic.o
LOAD .build/obj_jokapad_default/quantum/mousekey.o
LOAD .build/obj_jokapad_default/quantum/send_string/send_string.o
LOAD .build/obj_jokapad_default/quantum/process_keycode/process_space_cadet.o
LOAD .build/obj_jokapad_default/quantum/process_keycode/process_tri_layer.o
LOAD .build/obj_jokapad_default/quantum/tri_layer.o
LOAD .build/obj_jokapad_default/quantum/via.o
LOAD .build/obj_jokapad_default/protocol/host.o
LOAD .build/obj_jokapad_default/protocol/report.o
LOAD .build/obj_jokapad_default/protocol/usb_device_state.o
LOAD .build/obj_jokapad_default/protocol/usb_util.o
LOAD .build/obj_jokapad_default/platforms/suspend.o
LOAD .build/obj_jokapad_default/platforms/synchronization_util.o
LOAD .build/obj_jokapad_default/platforms/timer.o
LOAD .build/obj_jokapad_default/platforms/chibios/hardware_id.o
LOAD .build/obj_jokapad_default/platforms/chibios/platform.o
LOAD .build/obj_jokapad_default/platforms/chibios/suspend.o
LOAD .build/obj_jokapad_default/platforms/chibios/timer.o
LOAD .build/obj_jokapad_default/platforms/chibios/bootloaders/rp2040.o
LOAD .build/obj_jokapad_default/./lib/chibios/os/common/startup/ARMCMx/compilers/GCC/crt0_v6m.o
LOAD .build/obj_jokapad_default/./lib/chibios/os/common/startup/ARMCMx/compilers/GCC/vectors.o
LOAD .build/obj_jokapad_default/./lib/chibios/os/common/ports/ARMv6-M-RP2/compilers/GCC/chcoreasm.o
LOAD .build/obj_jokapad_default/protocol/chibios/usb_main.o
LOAD .build/obj_jokapad_default/protocol/chibios/chibios.o
LOAD .build/obj_jokapad_default/usb_descriptor.o
LOAD .build/obj_jokapad_default/protocol/chibios/usb_driver.o
LOAD .build/obj_jokapad_default/protocol/chibios/usb_endpoints.o
LOAD .build/obj_jokapad_default/protocol/chibios/usb_report_handling.o
LOAD .build/obj_jokapad_default/protocol/chibios/usb_util.o
LOAD .build/obj_jokapad_default/lib/chibios/os/common/startup/ARMCMx/compilers/GCC/crt1.o
LOAD .build/obj_jokapad_default/lib/chibios/os/rt/src/chsys.o
LOAD .build/obj_jokapad_default/lib/chibios/os/rt/src/chrfcu.o
LOAD .build/obj_jokapad_default/lib/chibios/os/rt/src/chdebug.o
LOAD .build/obj_jokapad_default/lib/chibios/os/rt/src/chtrace.o
LOAD .build/obj_jokapad_default/lib/chibios/os/rt/src/chvt.o
LOAD .build/obj_jokapad_default/lib/chibios/os/rt/src/chschd.o
LOAD .build/obj_jokapad_default/lib/chibios/os/rt/src/chinstances.o
LOAD .build/obj_jokapad_default/lib/chibios/os/rt/src/chthreads.o
LOAD .build/obj_jokapad_default/lib/chibios/os/rt/src/chtm.o
LOAD .build/obj_jokapad_default/lib/chibios/os/rt/src/chstats.o
LOAD .build/obj_jokapad_default/lib/chibios/os/rt/src/chregistry.o
LOAD .build/obj_jokapad_default/lib/chibios/os/rt/src/chsem.o
LOAD .build/obj_jokapad_default/lib/chibios/os/rt/src/chmtx.o
LOAD .build/obj_jokapad_default/lib/chibios/os/rt/src/chcond.o
LOAD .build/obj_jokapad_default/lib/chibios/os/rt/src/chevents.o
LOAD .build/obj_jokapad_default/lib/chibios/os/rt/src/chmsg.o
LOAD .build/obj_jokapad_default/lib/chibios/os/rt/src/chdynamic.o
LOAD .build/obj_jokapad_default/lib/chibios/os/common/ports/ARMv6-M-RP2/chcore.o
LOAD .build/obj_jokapad_default/lib/chibios/os/hal/osal/rt-nil/osal.o
LOAD .build/obj_jokapad_default/lib/chibios/os/oslib/src/chmboxes.o
LOAD .build/obj_jokapad_default/lib/chibios/os/oslib/src/chmemcore.o
LOAD .build/obj_jokapad_default/lib/chibios/os/oslib/src/chmemheaps.o
LOAD .build/obj_jokapad_default/lib/chibios/os/oslib/src/chmempools.o
LOAD .build/obj_jokapad_default/lib/chibios/os/oslib/src/chpipes.o
LOAD .build/obj_jokapad_default/lib/chibios/os/oslib/src/chobjcaches.o
LOAD .build/obj_jokapad_default/lib/chibios/os/oslib/src/chdelegates.o
LOAD .build/obj_jokapad_default/lib/chibios/os/oslib/src/chfactory.o
LOAD .build/obj_jokapad_default/lib/chibios/os/hal/src/hal.o
LOAD .build/obj_jokapad_default/lib/chibios/os/hal/src/hal_st.o
LOAD .build/obj_jokapad_default/lib/chibios/os/hal/src/hal_buffers.o
LOAD .build/obj_jokapad_default/lib/chibios/os/hal/src/hal_queues.o
LOAD .build/obj_jokapad_default/lib/chibios/os/hal/src/hal_flash.o
LOAD .build/obj_jokapad_default/lib/chibios/os/hal/src/hal_mmcsd.o
LOAD .build/obj_jokapad_default/lib/chibios/os/hal/src/hal_adc.o
LOAD .build/obj_jokapad_default/lib/chibios/os/hal/src/hal_can.o
LOAD .build/obj_jokapad_default/lib/chibios/os/hal/src/hal_crypto.o
LOAD .build/obj_jokapad_default/lib/chibios/os/hal/src/hal_dac.o
LOAD .build/obj_jokapad_default/lib/chibios/os/hal/src/hal_efl.o
LOAD .build/obj_jokapad_default/lib/chibios/os/hal/src/hal_gpt.o
LOAD .build/obj_jokapad_default/lib/chibios/os/hal/src/hal_i2c.o
LOAD .build/obj_jokapad_default/lib/chibios/os/hal/src/hal_i2s.o
LOAD .build/obj_jokapad_default/lib/chibios/os/hal/src/hal_icu.o
LOAD .build/obj_jokapad_default/lib/chibios/os/hal/src/hal_mac.o
LOAD .build/obj_jokapad_default/lib/chibios/os/hal/src/hal_mmc_spi.o
LOAD .build/obj_jokapad_default/lib/chibios/os/hal/src/hal_pal.o
LOAD .build/obj_jokapad_default/lib/chibios/os/hal/src/hal_pwm.o
LOAD .build/obj_jokapad_default/lib/chibios/os/hal/src/hal_rtc.o
LOAD .build/obj_jokapad_default/lib/chibios/os/hal/src/hal_sdc.o
LOAD .build/obj_jokapad_default/lib/chibios/os/hal/src/hal_serial.o
LOAD .build/obj_jokapad_default/lib/chibios/os/hal/src/hal_serial_usb.o
LOAD .build/obj_jokapad_default/lib/chibios/os/hal/src/hal_sio.o
LOAD .build/obj_jokapad_default/lib/chibios/os/hal/src/hal_spi.o
LOAD .build/obj_jokapad_default/lib/chibios/os/hal/src/hal_trng.o
LOAD .build/obj_jokapad_default/lib/chibios/os/hal/src/hal_uart.o
LOAD .build/obj_jokapad_default/lib/chibios/os/hal/src/hal_usb.o
LOAD .build/obj_jokapad_default/lib/chibios/os/hal/src/hal_wdg.o
LOAD .build/obj_jokapad_default/lib/chibios/os/hal/src/hal_wspi.o
LOAD .build/obj_jokapad_default/lib/chibios/os/hal/ports/common/ARMCMx/nvic.o
LOAD .build/obj_jokapad_default/lib/chibios/os/hal/ports/RP/RP2040/rp_isr.o
LOAD .build/obj_jokapad_default/lib/chibios/os/hal/ports/RP/RP2040/hal_lld.o
LOAD .build/obj_jokapad_default/lib/chibios/os/hal/ports/RP/LLD/DMAv1/rp_dma.o
LOAD .build/obj_jokapad_default/lib/chibios/os/hal/ports/RP/LLD/GPIOv1/hal_pal_lld.o
LOAD .build/obj_jokapad_default/lib/chibios/os/hal/ports/RP/LLD/SPIv1/hal_spi_lld.o
LOAD .build/obj_jokapad_default/lib/chibios/os/hal/ports/RP/LLD/TIMERv1/hal_st_lld.o
LOAD .build/obj_jokapad_default/lib/chibios/os/hal/ports/RP/LLD/UARTv1/hal_sio_lld.o
LOAD .build/obj_jokapad_default/lib/chibios/os/hal/ports/RP/LLD/RTCv1/hal_rtc_lld.o
LOAD .build/obj_jokapad_default/lib/chibios/os/hal/ports/RP/LLD/WDGv1/hal_wdg_lld.o
LOAD .build/obj_jokapad_default/lib/chibios-contrib/os/hal/ports/RP/LLD/I2Cv1/hal_i2c_lld.o
LOAD .build/obj_jokapad_default/lib/chibios-contrib/os/hal/ports/RP/LLD/PWMv1/hal_pwm_lld.o
LOAD .build/obj_jokapad_default/lib/chibios-contrib/os/hal/ports/RP/LLD/ADCv1/hal_adc_lld.o
LOAD .build/obj_jokapad_default/lib/chibios-contrib/os/hal/ports/RP/LLD/USBDv1/hal_usb_lld.o
LOAD .build/obj_jokapad_default/lib/chibios/os/hal/boards/RP_PICO_RP2040/board.o
LOAD .build/obj_jokapad_default/lib/chibios/os/hal/lib/streams/chprintf.o
LOAD .build/obj_jokapad_default/lib/chibios/os/hal/lib/streams/chscanf.o
LOAD .build/obj_jokapad_default/lib/chibios/os/hal/lib/streams/memstreams.o
LOAD .build/obj_jokapad_default/lib/chibios/os/hal/lib/streams/nullstreams.o
LOAD .build/obj_jokapad_default/lib/chibios/os/hal/lib/streams/bufstreams.o
LOAD .build/obj_jokapad_default/lib/chibios/os/various/syscalls.o
LOAD .build/obj_jokapad_default/platforms/chibios/syscall-fallbacks.o
LOAD .build/obj_jokapad_default/platforms/chibios/wait.o
LOAD .build/obj_jokapad_default/platforms/chibios/synchronization_util.o
LOAD .build/obj_jokapad_default/platforms/chibios/interrupt_handlers.o
LOAD .build/obj_jokapad_default/./lib/pico-sdk/src/rp2_common/hardware_clocks/clocks.o
LOAD .build/obj_jokapad_default/./lib/pico-sdk/src/rp2_common/hardware_pll/pll.o
LOAD .build/obj_jokapad_default/./lib/pico-sdk/src/rp2_common/hardware_pio/pio.o
LOAD .build/obj_jokapad_default/./lib/pico-sdk/src/rp2_common/hardware_timer/timer.o
LOAD .build/obj_jokapad_default/./lib/pico-sdk/src/rp2_common/hardware_flash/flash.o
LOAD .build/obj_jokapad_default/./lib/pico-sdk/src/rp2_common/hardware_gpio/gpio.o
LOAD .build/obj_jokapad_default/./lib/pico-sdk/src/rp2_common/hardware_claim/claim.o
LOAD .build/obj_jokapad_default/./lib/pico-sdk/src/rp2_common/hardware_watchdog/watchdog.o
LOAD .build/obj_jokapad_default/./lib/pico-sdk/src/rp2_common/hardware_xosc/xosc.o
LOAD .build/obj_jokapad_default/./lib/pico-sdk/src/rp2_common/pico_bootrom/bootrom.o
LOAD .build/obj_jokapad_default/platforms/chibios/vendors/RP/stage2_bootloaders.o
LOAD .build/obj_jokapad_default/platforms/chibios/vendors/RP/pico_sdk_shims.o
LOAD .build/obj_jokapad_default/./lib/pico-sdk/src/rp2_common/pico_divider/divider.o
LOAD .build/obj_jokapad_default/./lib/pico-sdk/src/rp2_common/pico_int64_ops/pico_int64_ops_aeabi.o
                0x00000800                        __process_stack_size__ = 0x800
                0x00000400                        __main_stack_size__ = 0x400
LOAD d:/dane/qmk_msys/mingw64/bin/../lib/gcc/arm-none-eabi/12.2.0/../../../../arm-none-eabi/lib/thumb/v6-m/nofp\libm.a
START GROUP
LOAD d:/dane/qmk_msys/mingw64/bin/../lib/gcc/arm-none-eabi/12.2.0/thumb/v6-m/nofp\libgcc.a
LOAD d:/dane/qmk_msys/mingw64/bin/../lib/gcc/arm-none-eabi/12.2.0/../../../../arm-none-eabi/lib/thumb/v6-m/nofp\libg_nano.a
LOAD d:/dane/qmk_msys/mingw64/bin/../lib/gcc/arm-none-eabi/12.2.0/../../../../arm-none-eabi/lib/thumb/v6-m/nofp\libc_nano.a
END GROUP
START GROUP
LOAD d:/dane/qmk_msys/mingw64/bin/../lib/gcc/arm-none-eabi/12.2.0/thumb/v6-m/nofp\libgcc.a
LOAD d:/dane/qmk_msys/mingw64/bin/../lib/gcc/arm-none-eabi/12.2.0/../../../../arm-none-eabi/lib/thumb/v6-m/nofp\libc_nano.a
END GROUP

.flash_begin    0x10000000        0x0
                0x10000000                        __flash_binary_start = .

.boot2          0x10000000      0x100
                0x10000000                        __boot2_start__ = .
 *(.boot2)
 .boot2         0x10000000      0x100 D:\Dane\QMK_MSYS\tmp\ccfdoPfp.ltrans0.ltrans.o
                0x10000000                BOOT2_ROM
                0x10000100                        __boot2_end__ = .

.mstack         0x20040000      0x400
                0x20040000                        . = ALIGN (0x8)
                0x20040000                        __main_stack_base__ = .
                0x20040400                        . = (. + __main_stack_size__)
 *fill*         0x20040000      0x400 
                0x20040400                        . = ALIGN (0x8)
                0x20040400                        __main_stack_end__ = .

.pstack         0x20040400      0x800
                0x20040400                        . = ALIGN (0x8)
                0x20040400                        __process_stack_base__ = .
                0x20040400                        __main_thread_stack_base__ = .
                0x20040c00                        . = (. + __process_stack_size__)
 *fill*         0x20040400      0x800 
                0x20040c00                        . = ALIGN (0x8)
                0x20040c00                        __process_stack_end__ = .
                0x20040c00                        __main_thread_stack_end__ = .
                0x00000400                        __c1_main_stack_size__ = __main_stack_size__
                0x00000800                        __c1_process_stack_size__ = __process_stack_size__

.c1_mstack      0x20041000      0x400
                0x20041000                        . = ALIGN (0x8)
                0x20041000                        __c1_main_stack_base__ = .
                0x20041400                        . = (. + __c1_main_stack_size__)
 *fill*         0x20041000      0x400 
                0x20041400                        . = ALIGN (0x8)
                0x20041400                        __c1_main_stack_end__ = .

.c1_pstack      0x20041400      0x800
                0x20041400                        . = ALIGN (0x8)
                0x20041400                        __c1_process_stack_base__ = .
                0x20041400                        __c1_main_thread_stack_base__ = .
                0x20041c00                        . = (. + __c1_process_stack_size__)
 *fill*         0x20041400      0x800 
                0x20041c00                        . = ALIGN (0x8)
                0x20041c00                        __c1_process_stack_end__ = .
                0x20041c00                        __c1_main_thread_stack_end__ = .

.vectors        0x10000100       0xc0
                0x10000100                        __textvectors_base__ = LOADADDR (.vectors)
                0x10000100                        __vectors_base__ = .
 *(.vectors)
 .vectors       0x10000100       0xc0 .build/obj_jokapad_default/./lib/chibios/os/common/startup/ARMCMx/compilers/GCC/vectors.o
                0x10000100                _vectors
                0x100001c0                        __vectors_end__ = .

.xtors          0x100001c0        0x0
                0x100001c0                        __init_array_base__ = .
 *(SORT_BY_NAME(.init_array.*))
 *(.init_array)
                0x100001c0                        __init_array_end__ = .
                0x100001c0                        __fini_array_base__ = .
 *(.fini_array)
 *(SORT_BY_NAME(.fini_array.*))
                0x100001c0                        __fini_array_end__ = .

.text           0x100001c0     0x57c0
                0x100001c0                        __text_base__ = .
 *(.text)
 .text          0x100001c0      0x104 .build/obj_jokapad_default/./lib/chibios/os/common/startup/ARMCMx/compilers/GCC/crt0_v6m.o
                0x100001c0                _crt0_entry
 .text          0x100002c4        0x8 .build/obj_jokapad_default/./lib/chibios/os/common/startup/ARMCMx/compilers/GCC/vectors.o
                0x100002c4                Reset_Handler
                0x100002c6                Vector9C
                0x100002c6                VectorAC
                0x100002c6                DebugMon_Handler
                0x100002c6                Vector5C
                0x100002c6                HardFault_Handler
                0x100002c6                Vector8C
                0x100002c6                SysTick_Handler
                0x100002c6                PendSV_Handler
                0x100002c6                Vector94
                0x100002c6                VectorA8
                0x100002c6                VectorB4
                0x100002c6                Vector74
                0x100002c6                UsageFault_Handler
                0x100002c6                VectorBC
                0x100002c6                Vector64
                0x100002c6                Vector58
                0x100002c6                Vector98
                0x100002c6                Vector24
                0x100002c6                Vector84
                0x100002c6                SecureFault_Handler
                0x100002c6                MemManage_Handler
                0x100002c6                Vector6C
                0x100002c6                VectorA0
                0x100002c6                SVC_Handler
                0x100002c6                VectorB0
                0x100002c6                Vector90
                0x100002c6                Vector60
                0x100002c6                Vector70
                0x100002c6                Vector68
                0x100002c6                Vector78
                0x100002c6                VectorA4
                0x100002c6                Vector88
                0x100002c6                BusFault_Handler
                0x100002c6                Vector50
                0x100002c6                Vector28
                0x100002c6                VectorB8
                0x100002c6                Vector34
                0x100002c6                Vector20
                0x100002ca                _unhandled_exception
 .text          0x100002cc       0x48 .build/obj_jokapad_default/./lib/chibios/os/common/ports/ARMv6-M-RP2/compilers/GCC/chcoreasm.o
                0x100002cc                __port_switch
                0x100002ec                __port_thread_start
                0x100002fe                __port_switch_from_isr
                0x10000302                __port_exit_from_isr
 .text          0x10000314        0x4 d:/dane/qmk_msys/mingw64/bin/../lib/gcc/arm-none-eabi/12.2.0/thumb/v6-m/nofp\libgcc.a(_dvmd_tls.o)
                0x10000314                __aeabi_idiv0
                0x10000314                __aeabi_ldiv0
 .text          0x10000318       0x14 d:/dane/qmk_msys/mingw64/bin/../lib/gcc/arm-none-eabi/12.2.0/thumb/v6-m/nofp\libgcc.a(_thumb1_case_sqi.o)
                0x10000318                __gnu_thumb1_case_sqi
 .text          0x1000032c       0x14 d:/dane/qmk_msys/mingw64/bin/../lib/gcc/arm-none-eabi/12.2.0/thumb/v6-m/nofp\libgcc.a(_thumb1_case_uqi.o)
                0x1000032c                __gnu_thumb1_case_uqi
 .text          0x10000340       0x14 d:/dane/qmk_msys/mingw64/bin/../lib/gcc/arm-none-eabi/12.2.0/thumb/v6-m/nofp\libgcc.a(_thumb1_case_shi.o)
                0x10000340                __gnu_thumb1_case_shi
 .text          0x10000354       0x14 d:/dane/qmk_msys/mingw64/bin/../lib/gcc/arm-none-eabi/12.2.0/thumb/v6-m/nofp\libgcc.a(_thumb1_case_uhi.o)
                0x10000354                __gnu_thumb1_case_uhi
 .text          0x10000368       0xa8 d:/dane/qmk_msys/mingw64/bin/../lib/gcc/arm-none-eabi/12.2.0/../../../../arm-none-eabi/lib/thumb/v6-m/nofp\libg_nano.a(libc_a-memset.o)
                0x10000368                memset
 .text          0x10000410       0x90 d:/dane/qmk_msys/mingw64/bin/../lib/gcc/arm-none-eabi/12.2.0/../../../../arm-none-eabi/lib/thumb/v6-m/nofp\libg_nano.a(libc_a-memcpy-stub.o)
                0x10000410                memcpy
 .text          0x100004a0       0x44 d:/dane/qmk_msys/mingw64/bin/../lib/gcc/arm-none-eabi/12.2.0/../../../../arm-none-eabi/lib/thumb/v6-m/nofp\libg_nano.a(libc_a-memcmp.o)
                0x100004a0                memcmp
 *(.text.*)
 .text.layer_on
                0x100004e4       0x14 D:\Dane\QMK_MSYS\tmp\ccfdoPfp.ltrans0.ltrans.o
 .text.layer_off
                0x100004f8       0x14 D:\Dane\QMK_MSYS\tmp\ccfdoPfp.ltrans0.ltrans.o
 .text.update_source_layers_cache
                0x1000050c       0x50 D:\Dane\QMK_MSYS\tmp\ccfdoPfp.ltrans0.ltrans.o
 .text.read_source_layers_cache
                0x1000055c       0x48 D:\Dane\QMK_MSYS\tmp\ccfdoPfp.ltrans0.ltrans.o
 .text.update_tri_layer
                0x100005a4       0x30 D:\Dane\QMK_MSYS\tmp\ccfdoPfp.ltrans0.ltrans.o
 .text.debug_waiting_buffer
                0x100005d4       0x20 D:\Dane\QMK_MSYS\tmp\ccfdoPfp.ltrans0.ltrans.o
 .text.clear_oneshot_layer_state
                0x100005f4       0x38 D:\Dane\QMK_MSYS\tmp\ccfdoPfp.ltrans0.ltrans.o
 .text.get_mods_for_report
                0x1000062c       0x6c D:\Dane\QMK_MSYS\tmp\ccfdoPfp.ltrans0.ltrans.o
 .text.del_mods
                0x10000698       0x10 D:\Dane\QMK_MSYS\tmp\ccfdoPfp.ltrans0.ltrans.o
 .text.keycode_config
                0x100006a8      0x100 D:\Dane\QMK_MSYS\tmp\ccfdoPfp.ltrans0.ltrans.o
 .text.mod_config
                0x100007a8       0x98 D:\Dane\QMK_MSYS\tmp\ccfdoPfp.ltrans0.ltrans.o
 .text.action_for_keycode
                0x10000840      0x1d0 D:\Dane\QMK_MSYS\tmp\ccfdoPfp.ltrans0.ltrans.o
 .text.sendchar
                0x10000a10        0x4 D:\Dane\QMK_MSYS\tmp\ccfdoPfp.ltrans0.ltrans.o
 .text.null_sendchar_func
                0x10000a14        0x4 D:\Dane\QMK_MSYS\tmp\ccfdoPfp.ltrans0.ltrans.o
 .text.port_lock.lto_priv.0
                0x10000a18       0x16 D:\Dane\QMK_MSYS\tmp\ccfdoPfp.ltrans0.ltrans.o
 .text.port_unlock.lto_priv.0
                0x10000a2e       0x12 D:\Dane\QMK_MSYS\tmp\ccfdoPfp.ltrans0.ltrans.o
 .text.gpio_atomic_set_pin_input_high
                0x10000a40       0x34 D:\Dane\QMK_MSYS\tmp\ccfdoPfp.ltrans0.ltrans.o
 .text.__idle_thread
                0x10000a74        0x4 D:\Dane\QMK_MSYS\tmp\ccfdoPfp.ltrans0.ltrans.o
 .text.wear_leveling_unlock
                0x10000a78       0x1c D:\Dane\QMK_MSYS\tmp\ccfdoPfp.ltrans0.ltrans.o
 .text.wear_leveling_lock
                0x10000a94       0x1c D:\Dane\QMK_MSYS\tmp\ccfdoPfp.ltrans0.ltrans.o
 .text.backing_store_read_bulk
                0x10000ab0       0x20 D:\Dane\QMK_MSYS\tmp\ccfdoPfp.ltrans0.ltrans.o
 .text.times_inv_sqrt2
                0x10000ad0       0x22 D:\Dane\QMK_MSYS\tmp\ccfdoPfp.ltrans0.ltrans.o
 *fill*         0x10000af2        0x2 
 .text.move_unit
                0x10000af4       0x40 D:\Dane\QMK_MSYS\tmp\ccfdoPfp.ltrans0.ltrans.o
 .text.wheel_unit
                0x10000b34       0x50 D:\Dane\QMK_MSYS\tmp\ccfdoPfp.ltrans0.ltrans.o
 .text.mousekey_on
                0x10000b84       0xac D:\Dane\QMK_MSYS\tmp\ccfdoPfp.ltrans0.ltrans.o
 .text.mousekey_off
                0x10000c30       0xe8 D:\Dane\QMK_MSYS\tmp\ccfdoPfp.ltrans0.ltrans.o
 .text.host_keyboard_leds
                0x10000d18       0x14 D:\Dane\QMK_MSYS\tmp\ccfdoPfp.ltrans0.ltrans.o
 .text.host_system_send
                0x10000d2c       0x34 D:\Dane\QMK_MSYS\tmp\ccfdoPfp.ltrans0.ltrans.o
 .text.host_consumer_send
                0x10000d60       0x34 D:\Dane\QMK_MSYS\tmp\ccfdoPfp.ltrans0.ltrans.o
 .text.add_key_to_report
                0x10000d94       0x6c D:\Dane\QMK_MSYS\tmp\ccfdoPfp.ltrans0.ltrans.o
 .text.del_key_from_report
                0x10000e00       0x58 D:\Dane\QMK_MSYS\tmp\ccfdoPfp.ltrans0.ltrans.o
 .text.timer_read32
                0x10000e58       0x7c D:\Dane\QMK_MSYS\tmp\ccfdoPfp.ltrans0.ltrans.o
 .text.mousekey_send
                0x10000ed4       0x44 D:\Dane\QMK_MSYS\tmp\ccfdoPfp.ltrans0.ltrans.o
 .text.usb_get_descriptor_cb
                0x10000f18       0xa4 D:\Dane\QMK_MSYS\tmp\ccfdoPfp.ltrans0.ltrans.o
 .text.set_led_transfer_cb
                0x10000fbc       0x30 D:\Dane\QMK_MSYS\tmp\ccfdoPfp.ltrans0.ltrans.o
 .text.usb_requests_hook_cb
                0x10000fec      0x1a4 D:\Dane\QMK_MSYS\tmp\ccfdoPfp.ltrans0.ltrans.o
 .text.keyboard_leds
                0x10001190        0xc D:\Dane\QMK_MSYS\tmp\ccfdoPfp.ltrans0.ltrans.o
 .text.usb_endpoint_in_is_inactive
                0x1000119c       0x32 D:\Dane\QMK_MSYS\tmp\ccfdoPfp.ltrans0.ltrans.o
 *fill*         0x100011ce        0x2 
 .text.usb_set_idle_rate
                0x100011d0       0x1c D:\Dane\QMK_MSYS\tmp\ccfdoPfp.ltrans0.ltrans.o
 .text.usb_get_idle_rate
                0x100011ec        0xe D:\Dane\QMK_MSYS\tmp\ccfdoPfp.ltrans0.ltrans.o
 *fill*         0x100011fa        0x2 
 .text.usb_idle_timer_elapsed
                0x100011fc       0x58 D:\Dane\QMK_MSYS\tmp\ccfdoPfp.ltrans0.ltrans.o
 .text.usb_shared_set_idle_rate
                0x10001254       0x24 D:\Dane\QMK_MSYS\tmp\ccfdoPfp.ltrans0.ltrans.o
 .text.usb_shared_get_idle_rate
                0x10001278       0x18 D:\Dane\QMK_MSYS\tmp\ccfdoPfp.ltrans0.ltrans.o
 .text.usb_shared_idle_timer_elapsed
                0x10001290       0x60 D:\Dane\QMK_MSYS\tmp\ccfdoPfp.ltrans0.ltrans.o
 .text.__port_irq_epilogue
                0x100012f0       0x4c D:\Dane\QMK_MSYS\tmp\ccfdoPfp.ltrans0.ltrans.o
 .text.obqGetFullBufferI
                0x1000133c       0x1c D:\Dane\QMK_MSYS\tmp\ccfdoPfp.ltrans0.ltrans.o
 .text.obqPostFullBufferS
                0x10001358       0x2a D:\Dane\QMK_MSYS\tmp\ccfdoPfp.ltrans0.ltrans.o
 *fill*         0x10001382        0x2 
 .text.set_address
                0x10001384       0x30 D:\Dane\QMK_MSYS\tmp\ccfdoPfp.ltrans0.ltrans.o
 .text.hal_lld_peripheral_unreset.lto_priv.0
                0x100013b4       0x14 D:\Dane\QMK_MSYS\tmp\ccfdoPfp.ltrans0.ltrans.o
 .text.usb_isochronous_buffer_size
                0x100013c8       0x44 D:\Dane\QMK_MSYS\tmp\ccfdoPfp.ltrans0.ltrans.o
 .text.usb_prepare_out_ep
                0x1000140c       0x8c D:\Dane\QMK_MSYS\tmp\ccfdoPfp.ltrans0.ltrans.o
 .text.usbStartReceiveI
                0x10001498       0x42 D:\Dane\QMK_MSYS\tmp\ccfdoPfp.ltrans0.ltrans.o
 .text.usb_start_receive
                0x100014da       0x36 D:\Dane\QMK_MSYS\tmp\ccfdoPfp.ltrans0.ltrans.o
 .text.ibnotify
                0x10001510        0xa D:\Dane\QMK_MSYS\tmp\ccfdoPfp.ltrans0.ltrans.o
 *fill*         0x1000151a        0x2 
 .text._usb_wakeup.constprop.0
                0x1000151c       0x24 D:\Dane\QMK_MSYS\tmp\ccfdoPfp.ltrans0.ltrans.o
 .text.backing_store_erase
                0x10001540       0x20 D:\Dane\QMK_MSYS\tmp\ccfdoPfp.ltrans0.ltrans.o
 .text.reset_usb_boot.constprop.0
                0x10001560       0x1c D:\Dane\QMK_MSYS\tmp\ccfdoPfp.ltrans0.ltrans.o
 .text.clock_configure.constprop.0.isra.0
                0x1000157c       0xd8 D:\Dane\QMK_MSYS\tmp\ccfdoPfp.ltrans0.ltrans.o
 .text.clocks_init
                0x10001654      0x198 D:\Dane\QMK_MSYS\tmp\ccfdoPfp.ltrans0.ltrans.o
 .text.usb_event_queue_enqueue.isra.0
                0x100017ec       0x28 D:\Dane\QMK_MSYS\tmp\ccfdoPfp.ltrans0.ltrans.o
 .text.waiting_buffer_typed.isra.0
                0x10001814       0x48 D:\Dane\QMK_MSYS\tmp\ccfdoPfp.ltrans0.ltrans.o
 .text.usb_lld_reset.constprop.0
                0x1000185c       0x74 D:\Dane\QMK_MSYS\tmp\ccfdoPfp.ltrans0.ltrans.o
 .text.send_keyboard_report
                0x100018d0       0x94 D:\Dane\QMK_MSYS\tmp\ccfdoPfp.ltrans0.ltrans.o
 .text.unregister_code
                0x10001964       0x6a D:\Dane\QMK_MSYS\tmp\ccfdoPfp.ltrans0.ltrans.o
 *fill*         0x100019ce        0x2 
 .text.register_code
                0x100019d0       0xcc D:\Dane\QMK_MSYS\tmp\ccfdoPfp.ltrans0.ltrans.o
 .text.register_mods
                0x10001a9c       0x18 D:\Dane\QMK_MSYS\tmp\ccfdoPfp.ltrans0.ltrans.o
 .text.unregister_mods
                0x10001ab4       0x10 D:\Dane\QMK_MSYS\tmp\ccfdoPfp.ltrans0.ltrans.o
 .text.usb_set_report
                0x10001ac4       0x1c D:\Dane\QMK_MSYS\tmp\ccfdoPfp.ltrans0.ltrans.o
 .text.usb_get_report
                0x10001ae0       0x1a D:\Dane\QMK_MSYS\tmp\ccfdoPfp.ltrans0.ltrans.o
 *fill*         0x10001afa        0x2 
 .text.usb_shared_set_report
                0x10001afc       0x24 D:\Dane\QMK_MSYS\tmp\ccfdoPfp.ltrans0.ltrans.o
 .text.usb_shared_get_report
                0x10001b20       0x20 D:\Dane\QMK_MSYS\tmp\ccfdoPfp.ltrans0.ltrans.o
 .text.usb_prepare_in_ep_buffer
                0x10001b40       0x6e D:\Dane\QMK_MSYS\tmp\ccfdoPfp.ltrans0.ltrans.o
 *fill*         0x10001bae        0x2 
 .text.usb_prepare_in_ep
                0x10001bb0       0x88 D:\Dane\QMK_MSYS\tmp\ccfdoPfp.ltrans0.ltrans.o
 .text.usbStartTransmitI
                0x10001c38       0x28 D:\Dane\QMK_MSYS\tmp\ccfdoPfp.ltrans0.ltrans.o
 .text.obnotify
                0x10001c60       0x32 D:\Dane\QMK_MSYS\tmp\ccfdoPfp.ltrans0.ltrans.o
 *fill*         0x10001c92        0x2 
 .text._usb_ep0in
                0x10001c94       0xd8 D:\Dane\QMK_MSYS\tmp\ccfdoPfp.ltrans0.ltrans.o
 .text._usb_ep0out
                0x10001d6c       0xa0 D:\Dane\QMK_MSYS\tmp\ccfdoPfp.ltrans0.ltrans.o
 .text.wear_leveling_read.isra.0
                0x10001e0c       0x20 D:\Dane\QMK_MSYS\tmp\ccfdoPfp.ltrans0.ltrans.o
 .text.eeprom_read_byte
                0x10001e2c       0x18 D:\Dane\QMK_MSYS\tmp\ccfdoPfp.ltrans0.ltrans.o
 .text.dynamic_keymap_get_keycode
                0x10001e44       0x34 D:\Dane\QMK_MSYS\tmp\ccfdoPfp.ltrans0.ltrans.o
 .text.keymap_key_to_keycode
                0x10001e78       0x1e D:\Dane\QMK_MSYS\tmp\ccfdoPfp.ltrans0.ltrans.o
 *fill*         0x10001e96        0x2 
 .text.layer_switch_get_layer
                0x10001e98       0x50 D:\Dane\QMK_MSYS\tmp\ccfdoPfp.ltrans0.ltrans.o
 .text.get_record_keycode
                0x10001ee8       0x34 D:\Dane\QMK_MSYS\tmp\ccfdoPfp.ltrans0.ltrans.o
 .text.layer_switch_get_action
                0x10001f1c       0x20 D:\Dane\QMK_MSYS\tmp\ccfdoPfp.ltrans0.ltrans.o
 .text.is_tap_record
                0x10001f3c       0x56 D:\Dane\QMK_MSYS\tmp\ccfdoPfp.ltrans0.ltrans.o
 .text.via_eeprom_is_valid
                0x10001f92       0x28 D:\Dane\QMK_MSYS\tmp\ccfdoPfp.ltrans0.ltrans.o
 .text.via_get_layout_options
                0x10001fba        0xa D:\Dane\QMK_MSYS\tmp\ccfdoPfp.ltrans0.ltrans.o
 .text.eeprom_read_word
                0x10001fc4       0x18 D:\Dane\QMK_MSYS\tmp\ccfdoPfp.ltrans0.ltrans.o
 .text.matrix_scan.isra.0
                0x10001fdc      0x2ac D:\Dane\QMK_MSYS\tmp\ccfdoPfp.ltrans0.ltrans.o
 .text.wear_leveling_clear_cache
                0x10002288       0x20 D:\Dane\QMK_MSYS\tmp\ccfdoPfp.ltrans0.ltrans.o
 .text.wear_leveling_erase.isra.0
                0x100022a8       0x1e D:\Dane\QMK_MSYS\tmp\ccfdoPfp.ltrans0.ltrans.o
 *fill*         0x100022c6        0x2 
 .text.clear_keys_from_report
                0x100022c8       0x34 D:\Dane\QMK_MSYS\tmp\ccfdoPfp.ltrans0.ltrans.o
 .text.clear_keyboard
                0x100022fc       0x54 D:\Dane\QMK_MSYS\tmp\ccfdoPfp.ltrans0.ltrans.o
 .text.usb_reset_report
                0x10002350       0x20 D:\Dane\QMK_MSYS\tmp\ccfdoPfp.ltrans0.ltrans.o
 .text.usb_shared_reset_report
                0x10002370       0x2a D:\Dane\QMK_MSYS\tmp\ccfdoPfp.ltrans0.ltrans.o
 *fill*         0x1000239a        0x2 
 .text.usbInitEndpointI
                0x1000239c      0x154 D:\Dane\QMK_MSYS\tmp\ccfdoPfp.ltrans0.ltrans.o
 .text.wear_leveling_consolidate_force
                0x100024f0       0xfc D:\Dane\QMK_MSYS\tmp\ccfdoPfp.ltrans0.ltrans.o
 .text.wear_leveling_consolidate_if_needed
                0x100025ec       0x20 D:\Dane\QMK_MSYS\tmp\ccfdoPfp.ltrans0.ltrans.o
 .text.wear_leveling_append_raw
                0x1000260c       0x40 D:\Dane\QMK_MSYS\tmp\ccfdoPfp.ltrans0.ltrans.o
 .text.wear_leveling_write.isra.0
                0x1000264c      0x12c D:\Dane\QMK_MSYS\tmp\ccfdoPfp.ltrans0.ltrans.o
 .text.eeprom_update_word
                0x10002778       0x1e D:\Dane\QMK_MSYS\tmp\ccfdoPfp.ltrans0.ltrans.o
 *fill*         0x10002796        0x2 
 .text.oneshot_set
                0x10002798       0x30 D:\Dane\QMK_MSYS\tmp\ccfdoPfp.ltrans0.ltrans.o
 .text.eeprom_update_byte
                0x100027c8       0x1e D:\Dane\QMK_MSYS\tmp\ccfdoPfp.ltrans0.ltrans.o
 .text.dynamic_keymap_set_keycode
                0x100027e6       0x2e D:\Dane\QMK_MSYS\tmp\ccfdoPfp.ltrans0.ltrans.o
 .text.dynamic_keymap_reset
                0x10002814       0x40 D:\Dane\QMK_MSYS\tmp\ccfdoPfp.ltrans0.ltrans.o
 .text.dynamic_keymap_macro_reset
                0x10002854       0x18 D:\Dane\QMK_MSYS\tmp\ccfdoPfp.ltrans0.ltrans.o
 .text.via_eeprom_set_valid
                0x1000286c       0x34 D:\Dane\QMK_MSYS\tmp\ccfdoPfp.ltrans0.ltrans.o
 .text.eeconfig_init_via
                0x100028a0       0x20 D:\Dane\QMK_MSYS\tmp\ccfdoPfp.ltrans0.ltrans.o
 .text.eeprom_update_dword.constprop.0
                0x100028c0       0x24 D:\Dane\QMK_MSYS\tmp\ccfdoPfp.ltrans0.ltrans.o
 .text.ch_dlist_insert
                0x100028e4       0x2a D:\Dane\QMK_MSYS\tmp\ccfdoPfp.ltrans0.ltrans.o
 *fill*         0x1000290e        0x2 
 .text.vt_set_alarm
                0x10002910       0x4c D:\Dane\QMK_MSYS\tmp\ccfdoPfp.ltrans0.ltrans.o
 .text.vt_insert_first
                0x1000295c       0x7c D:\Dane\QMK_MSYS\tmp\ccfdoPfp.ltrans0.ltrans.o
 .text.chVTDoTickI
                0x100029d8       0xd0 D:\Dane\QMK_MSYS\tmp\ccfdoPfp.ltrans0.ltrans.o
 .text.__sch_ready_behind.isra.0
                0x10002aa8       0x1c D:\Dane\QMK_MSYS\tmp\ccfdoPfp.ltrans0.ltrans.o
 .text.__sch_wakeup
                0x10002ac4       0x42 D:\Dane\QMK_MSYS\tmp\ccfdoPfp.ltrans0.ltrans.o
 *fill*         0x10002b06        0x2 
 .text.chSchReadyI.isra.0
                0x10002b08       0x2c D:\Dane\QMK_MSYS\tmp\ccfdoPfp.ltrans0.ltrans.o
 .text.usb_endpoint_out_rx_complete_cb
                0x10002b34       0x74 D:\Dane\QMK_MSYS\tmp\ccfdoPfp.ltrans0.ltrans.o
 .text.usb_endpoint_in_tx_complete_cb
                0x10002ba8       0xc8 D:\Dane\QMK_MSYS\tmp\ccfdoPfp.ltrans0.ltrans.o
 .text.chThdResumeI
                0x10002c70       0x16 D:\Dane\QMK_MSYS\tmp\ccfdoPfp.ltrans0.ltrans.o
 *fill*         0x10002c86        0x2 
 .text._usb_ep0setup
                0x10002c88      0x3d8 D:\Dane\QMK_MSYS\tmp\ccfdoPfp.ltrans0.ltrans.o
 .text.chThdDequeueAllI.constprop.0
                0x10003060       0x1e D:\Dane\QMK_MSYS\tmp\ccfdoPfp.ltrans0.ltrans.o
 .text.obqResetI
                0x1000307e       0x18 D:\Dane\QMK_MSYS\tmp\ccfdoPfp.ltrans0.ltrans.o
 *fill*         0x10003096        0x2 
 .text.usb_event_cb
                0x10003098      0x110 D:\Dane\QMK_MSYS\tmp\ccfdoPfp.ltrans0.ltrans.o
 .text.chSchGoSleepS
                0x100031a8       0x2c D:\Dane\QMK_MSYS\tmp\ccfdoPfp.ltrans0.ltrans.o
 .text.chSchGoSleepTimeoutS
                0x100031d4      0x104 D:\Dane\QMK_MSYS\tmp\ccfdoPfp.ltrans0.ltrans.o
 .text.chThdSleep
                0x100032d8       0x16 D:\Dane\QMK_MSYS\tmp\ccfdoPfp.ltrans0.ltrans.o
 *fill*         0x100032ee        0x2 
 .text.soft_reset_keyboard
                0x100032f0       0x2c D:\Dane\QMK_MSYS\tmp\ccfdoPfp.ltrans0.ltrans.o
 .text.tap_code_delay
                0x1000331c       0x44 D:\Dane\QMK_MSYS\tmp\ccfdoPfp.ltrans0.ltrans.o
 .text.perform_space_cadet.constprop.0.isra.0
                0x10003360       0xa4 D:\Dane\QMK_MSYS\tmp\ccfdoPfp.ltrans0.ltrans.o
 .text.process_record
                0x10003404      0xa04 D:\Dane\QMK_MSYS\tmp\ccfdoPfp.ltrans0.ltrans.o
 .text.waiting_buffer_scan_tap
                0x10003e08       0x7c D:\Dane\QMK_MSYS\tmp\ccfdoPfp.ltrans0.ltrans.o
 .text.process_tapping
                0x10003e84      0x22c D:\Dane\QMK_MSYS\tmp\ccfdoPfp.ltrans0.ltrans.o
 .text.action_exec
                0x100040b0       0xd4 D:\Dane\QMK_MSYS\tmp\ccfdoPfp.ltrans0.ltrans.o
 .text.generate_tick_event
                0x10004184       0x30 D:\Dane\QMK_MSYS\tmp\ccfdoPfp.ltrans0.ltrans.o
 .text.chThdEnqueueTimeoutS
                0x100041b4       0x34 D:\Dane\QMK_MSYS\tmp\ccfdoPfp.ltrans0.ltrans.o
 .text.led_init_ports
                0x100041e8        0x2 D:\Dane\QMK_MSYS\tmp\ccfdoPfp.ltrans0.ltrans.o
                0x100041e8                __cpu_init
 *fill*         0x100041ea        0x2 
 .text.__late_init
                0x100041ec       0x40 D:\Dane\QMK_MSYS\tmp\ccfdoPfp.ltrans0.ltrans.o
                0x100041ec                __late_init
 .text.__early_init
                0x1000422c        0x2 D:\Dane\QMK_MSYS\tmp\ccfdoPfp.ltrans0.ltrans.o
                0x1000422c                __early_init
 .text.__default_exit
                0x1000422e        0x2 D:\Dane\QMK_MSYS\tmp\ccfdoPfp.ltrans0.ltrans.o
                0x1000422e                __default_exit
 .text.__init_ram_areas
                0x10004230       0x54 D:\Dane\QMK_MSYS\tmp\ccfdoPfp.ltrans0.ltrans.o
                0x10004230                __init_ram_areas
 .text.__sch_reschedule_ahead
                0x10004284       0x44 D:\Dane\QMK_MSYS\tmp\ccfdoPfp.ltrans0.ltrans.o
                0x10004284                chSchDoPreemption
 .text.chSchRescheduleS
                0x100042c8       0x28 D:\Dane\QMK_MSYS\tmp\ccfdoPfp.ltrans0.ltrans.o
 .text.send_report.isra.0
                0x100042f0      0x170 D:\Dane\QMK_MSYS\tmp\ccfdoPfp.ltrans0.ltrans.o
 .text.startup.main
                0x10004460     0x1084 D:\Dane\QMK_MSYS\tmp\ccfdoPfp.ltrans0.ltrans.o
                0x10004460                main
 .text.send_keyboard
                0x100054e4        0xe D:\Dane\QMK_MSYS\tmp\ccfdoPfp.ltrans0.ltrans.o
 .text.send_nkro
                0x100054f2        0xe D:\Dane\QMK_MSYS\tmp\ccfdoPfp.ltrans0.ltrans.o
 .text.send_mouse
                0x10005500        0xe D:\Dane\QMK_MSYS\tmp\ccfdoPfp.ltrans0.ltrans.o
 .text.send_extra
                0x1000550e        0xe D:\Dane\QMK_MSYS\tmp\ccfdoPfp.ltrans0.ltrans.o
 .text.chThdExit
                0x1000551c       0x28 D:\Dane\QMK_MSYS\tmp\ccfdoPfp.ltrans0.ltrans.o
                0x1000551c                chThdExit
 .text.NMI_Handler
                0x10005544       0x12 D:\Dane\QMK_MSYS\tmp\ccfdoPfp.ltrans0.ltrans.o
                0x10005544                NMI_Handler
 .text.Vector7C
                0x10005556       0x20 D:\Dane\QMK_MSYS\tmp\ccfdoPfp.ltrans0.ltrans.o
                0x10005556                Vector7C
 *fill*         0x10005576        0x2 
 .text.Vector80
                0x10005578       0x3c D:\Dane\QMK_MSYS\tmp\ccfdoPfp.ltrans0.ltrans.o
                0x10005578                Vector80
 .text.__port_spinlock_release
                0x100055b4       0x10 D:\Dane\QMK_MSYS\tmp\ccfdoPfp.ltrans0.ltrans.o
                0x100055b4                __port_spinlock_release
 .text.Vector40
                0x100055c4       0x24 D:\Dane\QMK_MSYS\tmp\ccfdoPfp.ltrans0.ltrans.o
                0x100055c4                Vector40
 .text.Vector44
                0x100055e8       0x24 D:\Dane\QMK_MSYS\tmp\ccfdoPfp.ltrans0.ltrans.o
                0x100055e8                Vector44
 .text.Vector48
                0x1000560c       0x28 D:\Dane\QMK_MSYS\tmp\ccfdoPfp.ltrans0.ltrans.o
                0x1000560c                Vector48
 .text.Vector4C
                0x10005634       0x28 D:\Dane\QMK_MSYS\tmp\ccfdoPfp.ltrans0.ltrans.o
                0x10005634                Vector4C
 .text.Vector54
                0x1000565c      0x2ac D:\Dane\QMK_MSYS\tmp\ccfdoPfp.ltrans0.ltrans.o
                0x1000565c                Vector54
 .text._fini    0x10005908        0x2 D:\Dane\QMK_MSYS\tmp\ccfdoPfp.ltrans0.ltrans.o
                0x10005908                _fini
 *fill*         0x1000590a        0x6 
 .text._fini.__stub
                0x10005910       0x70 linker stubs
 *(.glue_7t)
 .glue_7t       0x10005980        0x0 linker stubs
 *(.glue_7)
 .glue_7        0x10005980        0x0 linker stubs
 *(.gcc*)
                0x10005980                        __text_end__ = .

.vfp11_veneer   0x10005980        0x0
 .vfp11_veneer  0x10005980        0x0 linker stubs

.v4_bx          0x10005980        0x0
 .v4_bx         0x10005980        0x0 linker stubs

.iplt           0x10005980        0x0
 .iplt          0x10005980        0x0 .build/obj_jokapad_default/./lib/chibios/os/common/startup/ARMCMx/compilers/GCC/crt0_v6m.o

.rodata         0x10005980      0x5f8
                0x10005980                        __rodata_base__ = .
 *(.rodata)
 .rodata        0x10005980      0x100 D:\Dane\QMK_MSYS\tmp\ccfdoPfp.ltrans0.ltrans.o
 .rodata        0x10005a80      0x101 d:/dane/qmk_msys/mingw64/bin/../lib/gcc/arm-none-eabi/12.2.0/../../../../arm-none-eabi/lib/thumb/v6-m/nofp\libg_nano.a(libc_a-ctype_.o)
                0x10005a80                _ctype_
 *(.rodata.*)
 .rodata.Vector80.str1.1
                0x10005b81       0x10 D:\Dane\QMK_MSYS\tmp\ccfdoPfp.ltrans0.ltrans.o
                                  0xd (size before relaxing)
 .rodata.SharedReport
                0x10005b91       0xb6 D:\Dane\QMK_MSYS\tmp\ccfdoPfp.ltrans0.ltrans.o
 .rodata.RawReport
                0x10005c47       0x22 D:\Dane\QMK_MSYS\tmp\ccfdoPfp.ltrans0.ltrans.o
 .rodata.KeyboardReport
                0x10005c69       0x44 D:\Dane\QMK_MSYS\tmp\ccfdoPfp.ltrans0.ltrans.o
 .rodata.ProductString
                0x10005cad       0x12 D:\Dane\QMK_MSYS\tmp\ccfdoPfp.ltrans0.ltrans.o
 .rodata.ManufacturerString
                0x10005cbf       0x20 D:\Dane\QMK_MSYS\tmp\ccfdoPfp.ltrans0.ltrans.o
 .rodata.LanguageString
                0x10005cdf        0x4 D:\Dane\QMK_MSYS\tmp\ccfdoPfp.ltrans0.ltrans.o
 *fill*         0x10005ce3        0x1 
 .rodata.ep0config
                0x10005ce4       0x1c D:\Dane\QMK_MSYS\tmp\ccfdoPfp.ltrans0.ltrans.o
 .rodata.active_status
                0x10005d00        0x2 D:\Dane\QMK_MSYS\tmp\ccfdoPfp.ltrans0.ltrans.o
 .rodata.halted_status
                0x10005d02        0x2 D:\Dane\QMK_MSYS\tmp\ccfdoPfp.ltrans0.ltrans.o
 .rodata.zero_status
                0x10005d04        0x2 D:\Dane\QMK_MSYS\tmp\ccfdoPfp.ltrans0.ltrans.o
 *fill*         0x10005d06        0x2 
 .rodata.ram_areas
                0x10005d08       0x80 D:\Dane\QMK_MSYS\tmp\ccfdoPfp.ltrans0.ltrans.o
 .rodata.usb_endpoint_interface_lut
                0x10005d88        0x3 D:\Dane\QMK_MSYS\tmp\ccfdoPfp.ltrans0.ltrans.o
 .rodata.ConfigurationDescriptor
                0x10005d8b       0x5b D:\Dane\QMK_MSYS\tmp\ccfdoPfp.ltrans0.ltrans.o
 .rodata.DeviceDescriptor
                0x10005de6       0x12 D:\Dane\QMK_MSYS\tmp\ccfdoPfp.ltrans0.ltrans.o
 .rodata.CSWTCH.5
                0x10005df8        0x3 D:\Dane\QMK_MSYS\tmp\ccfdoPfp.ltrans0.ltrans.o
 *fill*         0x10005dfb        0x1 
 .rodata.CSWTCH.4
                0x10005dfc        0xc D:\Dane\QMK_MSYS\tmp\ccfdoPfp.ltrans0.ltrans.o
 .rodata.CSWTCH.3
                0x10005e08        0xc D:\Dane\QMK_MSYS\tmp\ccfdoPfp.ltrans0.ltrans.o
 .rodata.CSWTCH.2
                0x10005e14        0x3 D:\Dane\QMK_MSYS\tmp\ccfdoPfp.ltrans0.ltrans.o
 *fill*         0x10005e17        0x1 
 .rodata.CSWTCH.1
                0x10005e18        0xc D:\Dane\QMK_MSYS\tmp\ccfdoPfp.ltrans0.ltrans.o
 .rodata.keymaps
                0x10005e24       0x20 D:\Dane\QMK_MSYS\tmp\ccfdoPfp.ltrans0.ltrans.o
 .rodata.alarm_irqs
                0x10005e44       0x20 D:\Dane\QMK_MSYS\tmp\ccfdoPfp.ltrans0.ltrans.o
 .rodata.str1.1
                0x10005e64        0x3 D:\Dane\QMK_MSYS\tmp\ccfdoPfp.ltrans0.ltrans.o
 .rodata.ch_core0_cfg
                0x10005e64        0xc D:\Dane\QMK_MSYS\tmp\ccfdoPfp.ltrans0.ltrans.o
 .rodata.usbcfg
                0x10005e70       0x10 D:\Dane\QMK_MSYS\tmp\ccfdoPfp.ltrans0.ltrans.o
 .rodata.row_pins
                0x10005e80       0x10 D:\Dane\QMK_MSYS\tmp\ccfdoPfp.ltrans0.ltrans.o
 .rodata.col_pins
                0x10005e90       0x10 D:\Dane\QMK_MSYS\tmp\ccfdoPfp.ltrans0.ltrans.o
 .rodata.CSWTCH.10
                0x10005ea0       0x36 D:\Dane\QMK_MSYS\tmp\ccfdoPfp.ltrans0.ltrans.o
 .rodata.ascii_to_altgr_lut
                0x10005ed6       0x10 D:\Dane\QMK_MSYS\tmp\ccfdoPfp.ltrans0.ltrans.o
 .rodata.ascii_to_shift_lut
                0x10005ee6       0x10 D:\Dane\QMK_MSYS\tmp\ccfdoPfp.ltrans0.ltrans.o
 .rodata.ascii_to_keycode_lut
                0x10005ef6       0x80 D:\Dane\QMK_MSYS\tmp\ccfdoPfp.ltrans0.ltrans.o
                0x10005f78                        . = ALIGN (0x4)
 *fill*         0x10005f76        0x2 
                0x10005f78                        __rodata_end__ = .

.rel.dyn        0x10005f78        0x0
 .rel.iplt      0x10005f78        0x0 .build/obj_jokapad_default/./lib/chibios/os/common/startup/ARMCMx/compilers/GCC/crt0_v6m.o

.ARM.extab
 *(.ARM.extab* .gnu.linkonce.armextab.*)

.ARM.exidx      0x10005f78        0x0
                0x10005f78                        __exidx_base__ = .
                0x10005f78                        __exidx_start = .
 *(.ARM.exidx* .gnu.linkonce.armexidx.*)
                0x10005f78                        __exidx_end__ = .
                0x10005f78                        __exidx_end = .

.eh_frame_hdr
 *(.eh_frame_hdr)

.eh_frame
 *(.eh_frame)

.data           0x20000000      0xbb8 load address 0x10005f78
                [!provide]                        PROVIDE (_textdata = LOADADDR (.data))
                [!provide]                        PROVIDE (_data = .)
                0x10005f78                        __textdata_base__ = LOADADDR (.data)
                0x20000000                        __data_base__ = .
 *(vtable)
 *(.time_critical*)
 .time_critical.flash_enable_xip_via_boot2
                0x20000000       0x18 D:\Dane\QMK_MSYS\tmp\ccfdoPfp.ltrans0.ltrans.o
 .time_critical.flash_cs_force
                0x20000018       0x20 D:\Dane\QMK_MSYS\tmp\ccfdoPfp.ltrans0.ltrans.o
 .time_critical.flash_was_aborted
                0x20000038       0x10 D:\Dane\QMK_MSYS\tmp\ccfdoPfp.ltrans0.ltrans.o
 .time_critical.flash_init_boot2_copyout
                0x20000048       0x30 D:\Dane\QMK_MSYS\tmp\ccfdoPfp.ltrans0.ltrans.o
 .time_critical.flash_range_erase
                0x20000078       0x60 D:\Dane\QMK_MSYS\tmp\ccfdoPfp.ltrans0.ltrans.o
 .time_critical.flash_put_cmd_addr
                0x200000d8       0x24 D:\Dane\QMK_MSYS\tmp\ccfdoPfp.ltrans0.ltrans.o
 .time_critical.flash_put_get
                0x200000fc       0x6e D:\Dane\QMK_MSYS\tmp\ccfdoPfp.ltrans0.ltrans.o
 .time_critical._flash_do_cmd
                0x2000016a       0x22 D:\Dane\QMK_MSYS\tmp\ccfdoPfp.ltrans0.ltrans.o
 .time_critical.flash_wait_ready
                0x2000018c       0x22 D:\Dane\QMK_MSYS\tmp\ccfdoPfp.ltrans0.ltrans.o
 .time_critical.flash_enable_write
                0x200001ae        0xe D:\Dane\QMK_MSYS\tmp\ccfdoPfp.ltrans0.ltrans.o
 .time_critical.pico_program_bulk
                0x200001bc       0x94 D:\Dane\QMK_MSYS\tmp\ccfdoPfp.ltrans0.ltrans.o
 .time_critical.__wrap___aeabi_idiv
                0x20000250       0x40 .build/obj_jokapad_default/./lib/pico-sdk/src/rp2_common/pico_divider/divider.o
                0x20000250                divmod_s32s32
                0x20000250                div_s32s32
                0x20000250                __wrap___aeabi_idiv
                0x20000250                divmod_s32s32_unsafe
                0x20000250                __wrap___aeabi_idivmod
 .time_critical.__wrap___aeabi_uidiv
                0x20000290       0x3c .build/obj_jokapad_default/./lib/pico-sdk/src/rp2_common/pico_divider/divider.o
                0x20000290                __wrap___aeabi_uidiv
                0x20000290                __wrap___aeabi_uidivmod
                0x20000290                div_u32u32
                0x20000290                divmod_u32u32
                0x20000290                divmod_u32u32_unsafe
 .time_critical.__wrap___aeabi_ldiv
                0x200002cc      0x3ec .build/obj_jokapad_default/./lib/pico-sdk/src/rp2_common/pico_divider/divider.o
                0x200002cc                __wrap___aeabi_ldivmod
                0x200002cc                div_s64s64
                0x200002cc                divmod_s64s64
                0x200002e0                divmod_u64u64
                0x200002e0                div_u64u64
                0x200002e0                __wrap___aeabi_uldivmod
                0x200002f4                divmod_s64s64_unsafe
                0x2000037c                divmod_u64u64_unsafe
 .time_critical.__aeabi_lmul
                0x200006b8       0x32 .build/obj_jokapad_default/./lib/pico-sdk/src/rp2_common/pico_int64_ops/pico_int64_ops_aeabi.o
                0x200006b8                __wrap___aeabi_lmul
 *fill*         0x200006ea        0x6 
 .time_critical.__aeabi_lmul.__stub
                0x200006f0       0x20 linker stubs
                0x20000710                        . = ALIGN (0x4)
 *fill*         0x20000710        0x0 
 *(.data)
 *(.data.*)
 .data.__compound_literal.11
                0x20000710       0x4c D:\Dane\QMK_MSYS\tmp\ccfdoPfp.ltrans0.ltrans.o
 .data.__compound_literal.7
                0x2000075c       0x4c D:\Dane\QMK_MSYS\tmp\ccfdoPfp.ltrans0.ltrans.o
 .data.__compound_literal.3
                0x200007a8       0x4c D:\Dane\QMK_MSYS\tmp\ccfdoPfp.ltrans0.ltrans.o
 .data.__compound_literal.2
                0x200007f4       0x4c D:\Dane\QMK_MSYS\tmp\ccfdoPfp.ltrans0.ltrans.o
 .data.__compound_literal.1.lto_priv.1
                0x20000840       0x4c D:\Dane\QMK_MSYS\tmp\ccfdoPfp.ltrans0.ltrans.o
 .data.__compound_literal.0.lto_priv.1
                0x2000088c       0x4c D:\Dane\QMK_MSYS\tmp\ccfdoPfp.ltrans0.ltrans.o
 .data.__compound_literal.12
                0x200008d8        0x4 D:\Dane\QMK_MSYS\tmp\ccfdoPfp.ltrans0.ltrans.o
 .data.__compound_literal.8
                0x200008dc        0x4 D:\Dane\QMK_MSYS\tmp\ccfdoPfp.ltrans0.ltrans.o
 .data.__compound_literal.4
                0x200008e0       0x24 D:\Dane\QMK_MSYS\tmp\ccfdoPfp.ltrans0.ltrans.o
 .data.__compound_literal.13
                0x20000904       0x1c D:\Dane\QMK_MSYS\tmp\ccfdoPfp.ltrans0.ltrans.o
 .data.__compound_literal.9
                0x20000920       0x1c D:\Dane\QMK_MSYS\tmp\ccfdoPfp.ltrans0.ltrans.o
 .data.__compound_literal.5
                0x2000093c       0x1c D:\Dane\QMK_MSYS\tmp\ccfdoPfp.ltrans0.ltrans.o
 .data.func     0x20000958        0x4 D:\Dane\QMK_MSYS\tmp\ccfdoPfp.ltrans0.ltrans.o
 .data.chibios_driver
                0x2000095c       0x14 D:\Dane\QMK_MSYS\tmp\ccfdoPfp.ltrans0.ltrans.o
 .data.usb_endpoints_in
                0x20000970      0x1bc D:\Dane\QMK_MSYS\tmp\ccfdoPfp.ltrans0.ltrans.o
 .data.usb_endpoints_out
                0x20000b2c       0x88 D:\Dane\QMK_MSYS\tmp\ccfdoPfp.ltrans0.ltrans.o
 .data.keyboard_protocol
                0x20000bb4        0x1 D:\Dane\QMK_MSYS\tmp\ccfdoPfp.ltrans0.ltrans.o
 *(.ramtext)
                0x20000bb8                        . = ALIGN (0x4)
 *fill*         0x20000bb5        0x3 
                [!provide]                        PROVIDE (_edata = .)
                0x20000bb8                        __data_end__ = .

.igot.plt       0x20000bb8        0x0 load address 0x10006b30
 .igot.plt      0x20000bb8        0x0 .build/obj_jokapad_default/./lib/chibios/os/common/startup/ARMCMx/compilers/GCC/crt0_v6m.o

.bss            0x20000bb8     0x178c load address 0x10006b30
                0x20000bb8                        __bss_base__ = .
 *(.bss)
 *(.bss.*)
 .bss.ep0_state
                0x20000bb8       0x3c D:\Dane\QMK_MSYS\tmp\ccfdoPfp.ltrans0.ltrans.o
 .bss.__compound_literal.14
                0x20000bf4       0x90 D:\Dane\QMK_MSYS\tmp\ccfdoPfp.ltrans0.ltrans.o
 .bss.__compound_literal.10
                0x20000c84       0x30 D:\Dane\QMK_MSYS\tmp\ccfdoPfp.ltrans0.ltrans.o
 .bss.__compound_literal.6
                0x20000cb4       0x90 D:\Dane\QMK_MSYS\tmp\ccfdoPfp.ltrans0.ltrans.o
 .bss.__compound_literal.15
                0x20000d44       0x90 D:\Dane\QMK_MSYS\tmp\ccfdoPfp.ltrans0.ltrans.o
 .bss.__compound_literal.1.lto_priv.0
                0x20000dd4       0x20 D:\Dane\QMK_MSYS\tmp\ccfdoPfp.ltrans0.ltrans.o
 .bss.__compound_literal.0.lto_priv.0
                0x20000df4        0x8 D:\Dane\QMK_MSYS\tmp\ccfdoPfp.ltrans0.ltrans.o
 .bss.debouncing_time
                0x20000dfc        0x4 D:\Dane\QMK_MSYS\tmp\ccfdoPfp.ltrans0.ltrans.o
 .bss.debouncing
                0x20000e00        0x1 D:\Dane\QMK_MSYS\tmp\ccfdoPfp.ltrans0.ltrans.o
 *fill*         0x20000e01        0x1 
 .bss.sc_timer  0x20000e02        0x2 D:\Dane\QMK_MSYS\tmp\ccfdoPfp.ltrans0.ltrans.o
 .bss.boot2_copyout
                0x20000e04      0x100 D:\Dane\QMK_MSYS\tmp\ccfdoPfp.ltrans0.ltrans.o
 .bss.boot2_copyout_valid
                0x20000f04        0x1 D:\Dane\QMK_MSYS\tmp\ccfdoPfp.ltrans0.ltrans.o
 *fill*         0x20000f05        0x3 
 .bss.report.2  0x20000f08       0x4c D:\Dane\QMK_MSYS\tmp\ccfdoPfp.ltrans0.ltrans.o
 .bss.idle_rate.0
                0x20000f54        0x1 D:\Dane\QMK_MSYS\tmp\ccfdoPfp.ltrans0.ltrans.o
 .bss.keyboard_led_state
                0x20000f55        0x1 D:\Dane\QMK_MSYS\tmp\ccfdoPfp.ltrans0.ltrans.o
 *fill*         0x20000f56        0x2 
 .bss.set_report_buf
                0x20000f58        0x2 D:\Dane\QMK_MSYS\tmp\ccfdoPfp.ltrans0.ltrans.o
 *fill*         0x20000f5a        0x2 
 .bss.descriptor.0
                0x20000f5c        0x8 D:\Dane\QMK_MSYS\tmp\ccfdoPfp.ltrans0.ltrans.o
 .bss.last_consumer_usage
                0x20000f64        0x2 D:\Dane\QMK_MSYS\tmp\ccfdoPfp.ltrans0.ltrans.o
 .bss.last_system_usage
                0x20000f66        0x2 D:\Dane\QMK_MSYS\tmp\ccfdoPfp.ltrans0.ltrans.o
 .bss.bulk_write_buffer.0
                0x20000f68       0x80 D:\Dane\QMK_MSYS\tmp\ccfdoPfp.ltrans0.ltrans.o
 .bss.interrupts
                0x20000fe8        0x4 D:\Dane\QMK_MSYS\tmp\ccfdoPfp.ltrans0.ltrans.o
 .bss.configured_freq
                0x20000fec       0x28 D:\Dane\QMK_MSYS\tmp\ccfdoPfp.ltrans0.ltrans.o
 .bss.st_callbacks
                0x20001014       0x10 D:\Dane\QMK_MSYS\tmp\ccfdoPfp.ltrans0.ltrans.o
 .bss.ch_memcore
                0x20001024        0x8 D:\Dane\QMK_MSYS\tmp\ccfdoPfp.ltrans0.ltrans.o
 .bss.ch_system
                0x2000102c       0x10 D:\Dane\QMK_MSYS\tmp\ccfdoPfp.ltrans0.ltrans.o
 .bss.wear_leveling
                0x2000103c     0x1008 D:\Dane\QMK_MSYS\tmp\ccfdoPfp.ltrans0.ltrans.o
 .bss.BOOT2_ROM_RAM
                0x20002044      0x100 D:\Dane\QMK_MSYS\tmp\ccfdoPfp.ltrans0.ltrans.o
 .bss.ms_offset
                0x20002144        0x4 D:\Dane\QMK_MSYS\tmp\ccfdoPfp.ltrans0.ltrans.o
 .bss.last_ticks
                0x20002148        0x4 D:\Dane\QMK_MSYS\tmp\ccfdoPfp.ltrans0.ltrans.o
 .bss.ticks_offset
                0x2000214c        0x4 D:\Dane\QMK_MSYS\tmp\ccfdoPfp.ltrans0.ltrans.o
 .bss.raw_matrix
                0x20002150        0x4 D:\Dane\QMK_MSYS\tmp\ccfdoPfp.ltrans0.ltrans.o
 .bss.driver.lto_priv.1
                0x20002154        0x4 D:\Dane\QMK_MSYS\tmp\ccfdoPfp.ltrans0.ltrans.o
 .bss.event_queue
                0x20002158       0x10 D:\Dane\QMK_MSYS\tmp\ccfdoPfp.ltrans0.ltrans.o
 .bss.event_queue_tail
                0x20002168        0x1 D:\Dane\QMK_MSYS\tmp\ccfdoPfp.ltrans0.ltrans.o
 .bss.event_queue_head
                0x20002169        0x1 D:\Dane\QMK_MSYS\tmp\ccfdoPfp.ltrans0.ltrans.o
 .bss.last_suspend_state
                0x2000216a        0x1 D:\Dane\QMK_MSYS\tmp\ccfdoPfp.ltrans0.ltrans.o
 *fill*         0x2000216b        0x1 
 .bss.USBD1     0x2000216c       0xe4 D:\Dane\QMK_MSYS\tmp\ccfdoPfp.ltrans0.ltrans.o
 .bss.debug_config
                0x20002250        0x1 D:\Dane\QMK_MSYS\tmp\ccfdoPfp.ltrans0.ltrans.o
 .bss.matrix_previous.1
                0x20002251        0x4 D:\Dane\QMK_MSYS\tmp\ccfdoPfp.ltrans0.ltrans.o
 *fill*         0x20002255        0x1 
 .bss.last_timer_w
                0x20002256        0x2 D:\Dane\QMK_MSYS\tmp\ccfdoPfp.ltrans0.ltrans.o
 .bss.last_timer_c
                0x20002258        0x2 D:\Dane\QMK_MSYS\tmp\ccfdoPfp.ltrans0.ltrans.o
 .bss.last_led_status.0
                0x2000225a        0x1 D:\Dane\QMK_MSYS\tmp\ccfdoPfp.ltrans0.ltrans.o
 *fill*         0x2000225b        0x1 
 .bss.report.1  0x2000225c       0x4c D:\Dane\QMK_MSYS\tmp\ccfdoPfp.ltrans0.ltrans.o
 .bss.run_idle_task
                0x200022a8        0x1 D:\Dane\QMK_MSYS\tmp\ccfdoPfp.ltrans0.ltrans.o
 .bss.matrix    0x200022a9        0x4 D:\Dane\QMK_MSYS\tmp\ccfdoPfp.ltrans0.ltrans.o
 *fill*         0x200022ad        0x1 
 .bss.last_tick.0
                0x200022ae        0x2 D:\Dane\QMK_MSYS\tmp\ccfdoPfp.ltrans0.ltrans.o
 .bss.last_report.0
                0x200022b0       0x20 D:\Dane\QMK_MSYS\tmp\ccfdoPfp.ltrans0.ltrans.o
 .bss.driver.lto_priv.0
                0x200022d0        0x4 D:\Dane\QMK_MSYS\tmp\ccfdoPfp.ltrans0.ltrans.o
 .bss.last_report.1
                0x200022d4        0x8 D:\Dane\QMK_MSYS\tmp\ccfdoPfp.ltrans0.ltrans.o
 .bss.source_layers_cache
                0x200022dc        0x6 D:\Dane\QMK_MSYS\tmp\ccfdoPfp.ltrans0.ltrans.o
 .bss.mousekey_accel
                0x200022e2        0x1 D:\Dane\QMK_MSYS\tmp\ccfdoPfp.ltrans0.ltrans.o
 .bss.mousekey_wheel_repeat
                0x200022e3        0x1 D:\Dane\QMK_MSYS\tmp\ccfdoPfp.ltrans0.ltrans.o
 .bss.mousekey_repeat
                0x200022e4        0x1 D:\Dane\QMK_MSYS\tmp\ccfdoPfp.ltrans0.ltrans.o
 .bss.mouse_report
                0x200022e5        0x6 D:\Dane\QMK_MSYS\tmp\ccfdoPfp.ltrans0.ltrans.o
 .bss.sc_last   0x200022eb        0x1 D:\Dane\QMK_MSYS\tmp\ccfdoPfp.ltrans0.ltrans.o
 .bss.grave_esc_was_shifted
                0x200022ec        0x1 D:\Dane\QMK_MSYS\tmp\ccfdoPfp.ltrans0.ltrans.o
 .bss.real_mods
                0x200022ed        0x1 D:\Dane\QMK_MSYS\tmp\ccfdoPfp.ltrans0.ltrans.o
 .bss.oneshot_mods
                0x200022ee        0x1 D:\Dane\QMK_MSYS\tmp\ccfdoPfp.ltrans0.ltrans.o
 .bss.oneshot_locked_mods
                0x200022ef        0x1 D:\Dane\QMK_MSYS\tmp\ccfdoPfp.ltrans0.ltrans.o
 .bss.default_layer_state
                0x200022f0        0x1 D:\Dane\QMK_MSYS\tmp\ccfdoPfp.ltrans0.ltrans.o
 .bss.layer_state
                0x200022f1        0x1 D:\Dane\QMK_MSYS\tmp\ccfdoPfp.ltrans0.ltrans.o
 .bss.oneshot_layer_data
                0x200022f2        0x1 D:\Dane\QMK_MSYS\tmp\ccfdoPfp.ltrans0.ltrans.o
 *fill*         0x200022f3        0x1 
 .bss.keymap_config
                0x200022f4        0x2 D:\Dane\QMK_MSYS\tmp\ccfdoPfp.ltrans0.ltrans.o
 .bss.weak_mods
                0x200022f6        0x1 D:\Dane\QMK_MSYS\tmp\ccfdoPfp.ltrans0.ltrans.o
 .bss.waiting_buffer_head
                0x200022f7        0x1 D:\Dane\QMK_MSYS\tmp\ccfdoPfp.ltrans0.ltrans.o
 .bss.waiting_buffer_tail
                0x200022f8        0x1 D:\Dane\QMK_MSYS\tmp\ccfdoPfp.ltrans0.ltrans.o
 *fill*         0x200022f9        0x1 
 .bss.waiting_buffer
                0x200022fa       0x40 D:\Dane\QMK_MSYS\tmp\ccfdoPfp.ltrans0.ltrans.o
 .bss.tapping_key
                0x2000233a        0x8 D:\Dane\QMK_MSYS\tmp\ccfdoPfp.ltrans0.ltrans.o
 *(COMMON)
                0x20002344                        . = ALIGN (0x4)
 *fill*         0x20002342        0x2 
                0x20002344                        __bss_end__ = .
                [!provide]                        PROVIDE (end = .)
                0x20000000                        __ram0_base__ = ORIGIN (ram0)
                0x00040000                        __ram0_size__ = LENGTH (ram0)
                0x20040000                        __ram0_end__ = (__ram0_base__ + __ram0_size__)
                0x00000000                        __ram1_base__ = ORIGIN (ram1)
                0x00040000                        __ram1_size__ = LENGTH (ram1)
                0x00040000                        __ram1_end__ = (__ram1_base__ + __ram1_size__)
                0x00000000                        __ram2_base__ = ORIGIN (ram2)
                0x00000000                        __ram2_size__ = LENGTH (ram2)
                0x00000000                        __ram2_end__ = (__ram2_base__ + __ram2_size__)
                0x00000000                        __ram3_base__ = ORIGIN (ram3)
                0x00000000                        __ram3_size__ = LENGTH (ram3)
                0x00000000                        __ram3_end__ = (__ram3_base__ + __ram3_size__)
                0x20040000                        __ram4_base__ = ORIGIN (ram4)
                0x00001000                        __ram4_size__ = LENGTH (ram4)
                0x20041000                        __ram4_end__ = (__ram4_base__ + __ram4_size__)
                0x20041000                        __ram5_base__ = ORIGIN (ram5)
                0x00001000                        __ram5_size__ = LENGTH (ram5)
                0x20042000                        __ram5_end__ = (__ram5_base__ + __ram5_size__)
                0x00000000                        __ram6_base__ = ORIGIN (ram6)
                0x00000000                        __ram6_size__ = LENGTH (ram6)
                0x00000000                        __ram6_end__ = (__ram6_base__ + __ram6_size__)
                0x20041f00                        __ram7_base__ = ORIGIN (ram7)
                0x00000100                        __ram7_size__ = LENGTH (ram7)
                0x20042000                        __ram7_end__ = (__ram7_base__ + __ram7_size__)
                0x00000000                        __flash0_base__ = ORIGIN (flash0)
                0x00004000                        __flash0_size__ = LENGTH (flash0)
                0x00004000                        __flash0_end__ = (__flash0_base__ + __flash0_size__)
                0x10000000                        __flash1_base__ = ORIGIN (flash1)
                0x00200000                        __flash1_size__ = LENGTH (flash1)
                0x10200000                        __flash1_end__ = (__flash1_base__ + __flash1_size__)
                0x00000000                        __flash2_base__ = ORIGIN (flash2)
                0x00000000                        __flash2_size__ = LENGTH (flash2)
                0x00000000                        __flash2_end__ = (__flash2_base__ + __flash2_size__)
                0x00000000                        __flash3_base__ = ORIGIN (flash3)
                0x00000000                        __flash3_size__ = LENGTH (flash3)
                0x00000000                        __flash3_end__ = (__flash3_base__ + __flash3_size__)
                0x00000000                        __flash4_base__ = ORIGIN (flash4)
                0x00000000                        __flash4_size__ = LENGTH (flash4)
                0x00000000                        __flash4_end__ = (__flash4_base__ + __flash4_size__)
                0x00000000                        __flash5_base__ = ORIGIN (flash5)
                0x00000000                        __flash5_size__ = LENGTH (flash5)
                0x00000000                        __flash5_end__ = (__flash5_base__ + __flash5_size__)
                0x00000000                        __flash6_base__ = ORIGIN (flash6)
                0x00000000                        __flash6_size__ = LENGTH (flash6)
                0x00000000                        __flash6_end__ = (__flash6_base__ + __flash6_size__)
                0x00000000                        __flash7_base__ = ORIGIN (flash7)
                0x00000000                        __flash7_size__ = LENGTH (flash7)
                0x00000000                        __flash7_end__ = (__flash7_base__ + __flash7_size__)

.ram0_init      0x20002344        0x0 load address 0x10006b30
                0x10006b30                        __ram0_init_text__ = LOADADDR (.ram0_init)
                0x20002344                        __ram0_init__ = .
 *(.ram0_init)
 *(.ram0_init.*)
                0x20002344                        . = ALIGN (0x4)

.ram0           0x20002344        0x4 load address 0x10006b30
                0x20002344                        __ram0_clear__ = .
 *(.ram0_clear)
 *(.ram0_clear.*)
                0x20002344                        . = ALIGN (0x4)
                0x20002344                        __ram0_noinit__ = .
 *(.ram0)
 *(.ram0.*)
 .ram0.bootloader_magic
                0x20002344        0x4 D:\Dane\QMK_MSYS\tmp\ccfdoPfp.ltrans0.ltrans.o
                0x20002348                        . = ALIGN (0x4)
                0x20002348                        __ram0_free__ = .

.ram1_init      0x00000000        0x0 load address 0x10006b30
                0x10006b30                        __ram1_init_text__ = LOADADDR (.ram1_init)
                0x00000000                        __ram1_init__ = .
 *(.ram1_init)
 *(.ram1_init.*)
                0x00000000                        . = ALIGN (0x4)

.ram1           0x00000000        0x0 load address 0x10006b30
                0x00000000                        __ram1_clear__ = .
 *(.ram1_clear)
 *(.ram1_clear.*)
                0x00000000                        . = ALIGN (0x4)
                0x00000000                        __ram1_noinit__ = .
 *(.ram1)
 *(.ram1.*)
                0x00000000                        . = ALIGN (0x4)
                0x00000000                        __ram1_free__ = .

.ram2_init      0x00000000        0x0 load address 0x10006b30
                0x10006b30                        __ram2_init_text__ = LOADADDR (.ram2_init)
                0x00000000                        __ram2_init__ = .
 *(.ram2_init)
 *(.ram2_init.*)
                0x00000000                        . = ALIGN (0x4)

.ram2           0x00000000        0x0 load address 0x10006b30
                0x00000000                        __ram2_clear__ = .
 *(.ram2_clear)
 *(.ram2_clear.*)
                0x00000000                        . = ALIGN (0x4)
                0x00000000                        __ram2_noinit__ = .
 *(.ram2)
 *(.ram2.*)
                0x00000000                        . = ALIGN (0x4)
                0x00000000                        __ram2_free__ = .

.ram3_init      0x00000000        0x0 load address 0x10006b30
                0x10006b30                        __ram3_init_text__ = LOADADDR (.ram3_init)
                0x00000000                        __ram3_init__ = .
 *(.ram3_init)
 *(.ram3_init.*)
                0x00000000                        . = ALIGN (0x4)

.ram3           0x00000000        0x0 load address 0x10006b30
                0x00000000                        __ram3_clear__ = .
 *(.ram3_clear)
 *(.ram3_clear.*)
                0x00000000                        . = ALIGN (0x4)
                0x00000000                        __ram3_noinit__ = .
 *(.ram3)
 *(.ram3.*)
                0x00000000                        . = ALIGN (0x4)
                0x00000000                        __ram3_free__ = .

.ram4_init      0x20040c00        0x0 load address 0x10006b30
                0x10006b30                        __ram4_init_text__ = LOADADDR (.ram4_init)
                0x20040c00                        __ram4_init__ = .
 *(.ram4_init)
 *(.ram4_init.*)
                0x20040c00                        . = ALIGN (0x4)

.ram4           0x20040c00      0x120 load address 0x10006b30
                0x20040c00                        __ram4_clear__ = .
 *(.ram4_clear)
 *(.ram4_clear.*)
 .ram4_clear.core0
                0x20040c00      0x120 D:\Dane\QMK_MSYS\tmp\ccfdoPfp.ltrans0.ltrans.o
                0x20040d20                        . = ALIGN (0x4)
                0x20040d20                        __ram4_noinit__ = .
 *(.ram4)
 *(.ram4.*)
                0x20040d20                        . = ALIGN (0x4)
                0x20040d20                        __ram4_free__ = .

.ram5_init      0x20041c00        0x0 load address 0x10006b30
                0x10006b30                        __ram5_init_text__ = LOADADDR (.ram5_init)
                0x20041c00                        __ram5_init__ = .
 *(.ram5_init)
 *(.ram5_init.*)
                0x20041c00                        . = ALIGN (0x4)

.ram5           0x20041c00        0x0 load address 0x10006b30
                0x20041c00                        __ram5_clear__ = .
 *(.ram5_clear)
 *(.ram5_clear.*)
                0x20041c00                        . = ALIGN (0x4)
                0x20041c00                        __ram5_noinit__ = .
 *(.ram5)
 *(.ram5.*)
                0x20041c00                        . = ALIGN (0x4)
                0x20041c00                        __ram5_free__ = .

.ram6_init      0x00000000        0x0 load address 0x10006b30
                0x10006b30                        __ram6_init_text__ = LOADADDR (.ram6_init)
                0x00000000                        __ram6_init__ = .
 *(.ram6_init)
 *(.ram6_init.*)
                0x00000000                        . = ALIGN (0x4)

.ram6           0x00000000        0x0 load address 0x10006b30
                0x00000000                        __ram6_clear__ = .
 *(.ram6_clear)
 *(.ram6_clear.*)
                0x00000000                        . = ALIGN (0x4)
                0x00000000                        __ram6_noinit__ = .
 *(.ram6)
 *(.ram6.*)
                0x00000000                        . = ALIGN (0x4)
                0x00000000                        __ram6_free__ = .

.ram7_init      0x20041f00        0x0 load address 0x10006b30
                0x10006b30                        __ram7_init_text__ = LOADADDR (.ram7_init)
                0x20041f00                        __ram7_init__ = .
 *(.ram7_init)
 *(.ram7_init.*)
                0x20041f00                        . = ALIGN (0x4)

.ram7           0x20041f00        0x0 load address 0x10006b30
                0x20041f00                        __ram7_clear__ = .
 *(.ram7_clear)
 *(.ram7_clear.*)
                0x20041f00                        . = ALIGN (0x4)
                0x20041f00                        __ram7_noinit__ = .
 *(.ram7)
 *(.ram7.*)
                0x20041f00                        . = ALIGN (0x4)
                0x20041f00                        __ram7_free__ = .

.flash0         0x00000000        0x0
                0x00000000                        __flash0_init__ = .
 *(.flash0_init)
 *(.flash0_init.*)
                0x00000000                        __flash0_free__ = .

.flash1         0x10006b30        0x0
                0x10006b30                        __flash1_init__ = .
 *(.flash1_init)
 *(.flash1_init.*)
                0x10006b30                        __flash1_free__ = .

.flash2         0x00000000        0x0
                0x00000000                        __flash2_init__ = .
 *(.flash2_init)
 *(.flash2_init.*)
                0x00000000                        __flash2_free__ = .

.flash3         0x00000000        0x0
                0x00000000                        __flash3_init__ = .
 *(.flash3_init)
 *(.flash3_init.*)
                0x00000000                        __flash3_free__ = .

.flash4         0x00000000        0x0
                0x00000000                        __flash4_init__ = .
 *(.flash4_init)
 *(.flash4_init.*)
                0x00000000                        __flash4_free__ = .

.flash5         0x00000000        0x0
                0x00000000                        __flash5_init__ = .
 *(.flash5_init)
 *(.flash5_init.*)
                0x00000000                        __flash5_free__ = .

.flash6         0x00000000        0x0
                0x00000000                        __flash6_init__ = .
 *(.flash6_init)
 *(.flash6_init.*)
                0x00000000                        __flash6_free__ = .

.flash7         0x00000000        0x0
                0x00000000                        __flash7_init__ = .
 *(.flash7_init)
 *(.flash7_init.*)
                0x00000000                        __flash7_free__ = .

.heap           0x20002348    0x3dcb8
                0x20002348                        . = ALIGN (0x8)
 *fill*         0x20002348        0x0 
                0x20002348                        __heap_base__ = .
                0x20040000                        . = (ORIGIN (HEAP_RAM) + LENGTH (HEAP_RAM))
 *fill*         0x20002348    0x3dcb8 
                0x20040000                        __heap_end__ = .

.flash_end      0x10006b30        0x0
                0x10006b30                        __flash_binary_end = .
OUTPUT(.build/jokapad_default.elf elf32-littlearm)
LOAD linker stubs

.debug_info     0x00000000    0x4fc04
 .debug_info    0x00000000     0xe5d7 D:\Dane\QMK_MSYS\tmp\ccfdoPfp.ltrans0.ltrans.o
 .debug_info    0x0000e5d7     0x2490 D:\Dane\QMK_MSYS\tmp\ccQz9uNG.debug.temp.o
                0x0000e5d7                keymap_introspection.c.f37e5cbb
 .debug_info    0x00010a67     0x2cf2 D:\Dane\QMK_MSYS\tmp\ccvDiYZG.debug.temp.o
                0x00010a67                quantum.c.bcbfe085
 .debug_info    0x00013759      0x2f4 D:\Dane\QMK_MSYS\tmp\ccpxGtJH.debug.temp.o
                0x00013759                led.c.59bd2465
 .debug_info    0x00013a4d     0x3292 D:\Dane\QMK_MSYS\tmp\ccUbvRfI.debug.temp.o
                0x00013a4d                action.c.48e2f5f6
 .debug_info    0x00016cdf      0x7b9 D:\Dane\QMK_MSYS\tmp\cctYEgII.debug.temp.o
                0x00016cdf                action_layer.c.a44f252e
 .debug_info    0x00017498     0x294d D:\Dane\QMK_MSYS\tmp\ccmnxBoJ.debug.temp.o
                0x00017498                action_tapping.c.3b6a7af7
 .debug_info    0x00019de5      0x6d5 D:\Dane\QMK_MSYS\tmp\cch3vlYJ.debug.temp.o
                0x00019de5                action_util.c.5d7fbc2b
 .debug_info    0x0001a4ba      0x385 D:\Dane\QMK_MSYS\tmp\ccAZWYBJ.debug.temp.o
                0x0001a4ba                eeconfig.c.b4b1fda3
 .debug_info    0x0001a83f      0x776 D:\Dane\QMK_MSYS\tmp\ccjjjd9I.debug.temp.o
                0x0001a83f                keyboard.c.69c456d5
 .debug_info    0x0001afb5     0x2af7 D:\Dane\QMK_MSYS\tmp\ccEGRpUI.debug.temp.o
                0x0001afb5                keymap_common.c.644e9873
 .debug_info    0x0001daac     0x24de D:\Dane\QMK_MSYS\tmp\ccrGWURI.debug.temp.o
                0x0001daac                keycode_config.c.1fac47d1
 .debug_info    0x0001ff8a      0x113 D:\Dane\QMK_MSYS\tmp\ccTfVePI.debug.temp.o
                0x0001ff8a                debug.c.b71e78d6
 .debug_info    0x0002009d       0xb3 D:\Dane\QMK_MSYS\tmp\ccGHGAQI.debug.temp.o
                0x0002009d                sendchar.c.b570f3e4
 .debug_info    0x00020150      0x113 D:\Dane\QMK_MSYS\tmp\ccXKLeTH.debug.temp.o
                0x00020150                print.c.18bc8389
 .debug_info    0x00020263      0x36d D:\Dane\QMK_MSYS\tmp\ccSgzzRG.debug.temp.o
                0x00020263                matrix_common.c.f0345893
 .debug_info    0x000205d0      0x926 D:\Dane\QMK_MSYS\tmp\ccxu5t3F.debug.temp.o
                0x000205d0                matrix.c.12ea1851
 .debug_info    0x00020ef6      0x24b D:\Dane\QMK_MSYS\tmp\cciRa9aF.debug.temp.o
                0x00020ef6                sym_defer_g.c.2c346618
 .debug_info    0x00021141       0xee D:\Dane\QMK_MSYS\tmp\ccfU0EuE.debug.temp.o
                0x00021141                main.c.81213602
 .debug_info    0x0002122f      0x7f4 D:\Dane\QMK_MSYS\tmp\ccIfw7JD.debug.temp.o
                0x0002122f                printf.c.66631d1c
 .debug_info    0x00021a23      0x31d D:\Dane\QMK_MSYS\tmp\ccP9U8cD.debug.temp.o
                0x00021a23                eeprom_driver.c.677ca9fe
 .debug_info    0x00021d40      0x1a2 D:\Dane\QMK_MSYS\tmp\ccOR9ioG.debug.temp.o
                0x00021d40                eeprom_wear_leveling.c.40e3c71b
 .debug_info    0x00021ee2      0x70c D:\Dane\QMK_MSYS\tmp\ccxbWavJ.debug.temp.o
                0x00021ee2                wear_leveling.c.ffde7257
 .debug_info    0x000225ee      0x86b D:\Dane\QMK_MSYS\tmp\ccS4q9PM.debug.temp.o
                0x000225ee                wear_leveling_rp2040_flash.c.6ec53a55
 .debug_info    0x00022e59      0x11e D:\Dane\QMK_MSYS\tmp\ccvUePOW.debug.temp.o
                0x00022e59                hash_64a.c.626efb1d
 .debug_info    0x00022f77      0x163 D:\Dane\QMK_MSYS\tmp\ccEH9co0.debug.temp.o
                0x00022f77                bootmagic.c.eaa6cc49
 .debug_info    0x000230da     0x2712 D:\Dane\QMK_MSYS\tmp\ccd6k7S3.debug.temp.o
                0x000230da                dynamic_keymap.c.dae736d9
 .debug_info    0x000257ec     0x25c9 D:\Dane\QMK_MSYS\tmp\ccWPqcr6.debug.temp.o
                0x000257ec                process_grave_esc.c.5869de11
 .debug_info    0x00027db5     0x2636 D:\Dane\QMK_MSYS\tmp\cc56Iib9.debug.temp.o
                0x00027db5                process_magic.c.e973c84f
 .debug_info    0x0002a3eb     0x26b4 D:\Dane\QMK_MSYS\tmp\ccY1BnRb.debug.temp.o
                0x0002a3eb                mousekey.c.0b36566e
 .debug_info    0x0002ca9f     0x2694 D:\Dane\QMK_MSYS\tmp\ccdQz3Ie.debug.temp.o
                0x0002ca9f                send_string.c.38feffc9
 .debug_info    0x0002f133     0x25af D:\Dane\QMK_MSYS\tmp\cccOEQwh.debug.temp.o
                0x0002f133                process_space_cadet.c.c22ce5a3
 .debug_info    0x000316e2     0x2557 D:\Dane\QMK_MSYS\tmp\cctlbzyk.debug.temp.o
                0x000316e2                process_tri_layer.c.0ebe323f
 .debug_info    0x00033c39      0x92f D:\Dane\QMK_MSYS\tmp\ccvhaIsp.debug.temp.o
                0x00033c39                via.c.c8ad4339
 .debug_info    0x00034568      0x614 D:\Dane\QMK_MSYS\tmp\ccej7Dmr.debug.temp.o
                0x00034568                host.c.1ce6c7e1
 .debug_info    0x00034b7c     0x275d D:\Dane\QMK_MSYS\tmp\ccPIm2tt.debug.temp.o
                0x00034b7c                report.c.a225277c
 .debug_info    0x000372d9      0x17f D:\Dane\QMK_MSYS\tmp\ccQFMowv.debug.temp.o
                0x000372d9                usb_device_state.c.5474cf57
 .debug_info    0x00037458      0x101 D:\Dane\QMK_MSYS\tmp\ccSF3fXz.debug.temp.o
                0x00037458                suspend.c.44b367b9
 .debug_info    0x00037559       0x93 D:\Dane\QMK_MSYS\tmp\ccoA7blH.debug.temp.o
                0x00037559                platform.c.a51679ea
 .debug_info    0x000375ec      0x156 D:\Dane\QMK_MSYS\tmp\ccltYIPI.debug.temp.o
                0x000375ec                suspend.c.e5aca589
 .debug_info    0x00037742      0x50f D:\Dane\QMK_MSYS\tmp\cc2ZrhxK.debug.temp.o
                0x00037742                timer.c.79ad859f
 .debug_info    0x00037c51      0x276 D:\Dane\QMK_MSYS\tmp\ccbJ2LaM.debug.temp.o
                0x00037c51                rp2040.c.327eadae
 .debug_info    0x00037ec7     0x23d1 D:\Dane\QMK_MSYS\tmp\ccMyDq0N.debug.temp.o
                0x00037ec7                usb_main.c.22329b15
 .debug_info    0x0003a298      0xf63 D:\Dane\QMK_MSYS\tmp\ccX6FwKP.debug.temp.o
                0x0003a298                chibios.c.57137845
 .debug_info    0x0003b1fb      0x774 D:\Dane\QMK_MSYS\tmp\ccItvjcV.debug.temp.o
                0x0003b1fb                usb_descriptor.c.ef3c0dca
 .debug_info    0x0003b96f     0x189d D:\Dane\QMK_MSYS\tmp\ccRomFQ0.debug.temp.o
                0x0003b96f                usb_driver.c.9f0414be
 .debug_info    0x0003d20c     0x11d2 D:\Dane\QMK_MSYS\tmp\ccedscr6.debug.temp.o
                0x0003d20c                usb_endpoints.c.e5d52e40
 .debug_info    0x0003e3de     0x18c4 D:\Dane\QMK_MSYS\tmp\ccp3TYcc.debug.temp.o
                0x0003e3de                usb_report_handling.c.0d777041
 .debug_info    0x0003fca2      0x29d D:\Dane\QMK_MSYS\tmp\cchMCR3n.debug.temp.o
                0x0003fca2                crt1.c.546de711
 .debug_info    0x0003ff3f     0x1171 D:\Dane\QMK_MSYS\tmp\ccsySWZs.debug.temp.o
                0x0003ff3f                chsys.c.e05603b0
 .debug_info    0x000410b0      0x6f8 D:\Dane\QMK_MSYS\tmp\ccthx8Ox.debug.temp.o
                0x000410b0                chrfcu.c.d78d4a7b
 .debug_info    0x000417a8     0x1073 D:\Dane\QMK_MSYS\tmp\ccKlmycN.debug.temp.o
                0x000417a8                chvt.c.950c62a9
 .debug_info    0x0004281b      0xf8d D:\Dane\QMK_MSYS\tmp\ccF5eWwS.debug.temp.o
                0x0004281b                chschd.c.a7551d78
 .debug_info    0x000437a8      0xbe2 D:\Dane\QMK_MSYS\tmp\cc0YXfNX.debug.temp.o
                0x000437a8                chinstances.c.887ddf83
 .debug_info    0x0004438a     0x11ac D:\Dane\QMK_MSYS\tmp\ccVAMB41.debug.temp.o
                0x0004438a                chthreads.c.a8583feb
 .debug_info    0x00045536      0xee7 D:\Dane\QMK_MSYS\tmp\ccNfTWYH.debug.temp.o
                0x00045536                chcore.c.2e77ac08
 .debug_info    0x0004641d      0x5b6 D:\Dane\QMK_MSYS\tmp\cccWfNTX.debug.temp.o
                0x0004641d                chmemcore.c.2198b541
 .debug_info    0x000469d3       0xb0 D:\Dane\QMK_MSYS\tmp\ccT1PkDP.debug.temp.o
                0x000469d3                hal.c.39abd979
 .debug_info    0x00046a83      0x811 D:\Dane\QMK_MSYS\tmp\ccQyloZW.debug.temp.o
                0x00046a83                hal_st.c.e90f2ed9
 .debug_info    0x00047294      0xc40 D:\Dane\QMK_MSYS\tmp\cczmnaz4.debug.temp.o
                0x00047294                hal_buffers.c.036f1a35
 .debug_info    0x00047ed4     0x1c77 D:\Dane\QMK_MSYS\tmp\ccemMxOg.debug.temp.o
                0x00047ed4                hal_usb.c.4bd8ecc2
 .debug_info    0x00049b4b      0x2e9 D:\Dane\QMK_MSYS\tmp\ccmDgUIC.debug.temp.o
                0x00049b4b                nvic.c.ba38824c
 .debug_info    0x00049e34      0x1da D:\Dane\QMK_MSYS\tmp\ccCDS9zG.debug.temp.o
                0x00049e34                hal_lld.c.d0aee6d0
 .debug_info    0x0004a00e       0xf5 D:\Dane\QMK_MSYS\tmp\ccUS33sK.debug.temp.o
                0x0004a00e                hal_pal_lld.c.5006e831
 .debug_info    0x0004a103      0x960 D:\Dane\QMK_MSYS\tmp\ccwij6MO.debug.temp.o
                0x0004a103                hal_st_lld.c.e09d0103
 .debug_info    0x0004aa63     0x1da7 D:\Dane\QMK_MSYS\tmp\ccqJwLBY.debug.temp.o
                0x0004aa63                hal_usb_lld.c.1e6a3c7e
 .debug_info    0x0004c80a      0xb4a D:\Dane\QMK_MSYS\tmp\ccwOxL22.debug.temp.o
                0x0004c80a                syscalls.c.34496223
 .debug_info    0x0004d354      0xbeb D:\Dane\QMK_MSYS\tmp\ccmH2Fk3.debug.temp.o
                0x0004d354                syscall_fallbacks.c.b9e82b65
 .debug_info    0x0004df3f      0x786 D:\Dane\QMK_MSYS\tmp\cca3wqCc.debug.temp.o
                0x0004df3f                clocks.c.3d51ca73
 .debug_info    0x0004e6c5      0x26c D:\Dane\QMK_MSYS\tmp\ccKfycng.debug.temp.o
                0x0004e6c5                pll.c.6a7bc022
 .debug_info    0x0004e931      0x6ff D:\Dane\QMK_MSYS\tmp\ccgwIpMp.debug.temp.o
                0x0004e931                flash.c.cbaad917
 .debug_info    0x0004f030      0x2a0 D:\Dane\QMK_MSYS\tmp\cc26cImF.debug.temp.o
                0x0004f030                watchdog.c.58acb0d6
 .debug_info    0x0004f2d0      0x163 D:\Dane\QMK_MSYS\tmp\ccKvCWAL.debug.temp.o
                0x0004f2d0                xosc.c.1c9a8727
 .debug_info    0x0004f433      0x1c7 D:\Dane\QMK_MSYS\tmp\ccettQWR.debug.temp.o
                0x0004f433                bootrom.c.e2e9bacb
 .debug_info    0x0004f5fa       0xaa D:\Dane\QMK_MSYS\tmp\cc4R6OsX.debug.temp.o
                0x0004f5fa                stage2_bootloaders.c.2b8026f5
 .debug_info    0x0004f6a4       0x39 d:/dane/qmk_msys/mingw64/bin/../lib/gcc/arm-none-eabi/12.2.0/thumb/v6-m/nofp\libgcc.a(_dvmd_tls.o)
 .debug_info    0x0004f6dd       0x2f d:/dane/qmk_msys/mingw64/bin/../lib/gcc/arm-none-eabi/12.2.0/thumb/v6-m/nofp\libgcc.a(_thumb1_case_sqi.o)
 .debug_info    0x0004f70c       0x2f d:/dane/qmk_msys/mingw64/bin/../lib/gcc/arm-none-eabi/12.2.0/thumb/v6-m/nofp\libgcc.a(_thumb1_case_uqi.o)
 .debug_info    0x0004f73b       0x2f d:/dane/qmk_msys/mingw64/bin/../lib/gcc/arm-none-eabi/12.2.0/thumb/v6-m/nofp\libgcc.a(_thumb1_case_shi.o)
 .debug_info    0x0004f76a       0x2f d:/dane/qmk_msys/mingw64/bin/../lib/gcc/arm-none-eabi/12.2.0/thumb/v6-m/nofp\libgcc.a(_thumb1_case_uhi.o)
 .debug_info    0x0004f799       0xb9 d:/dane/qmk_msys/mingw64/bin/../lib/gcc/arm-none-eabi/12.2.0/../../../../arm-none-eabi/lib/thumb/v6-m/nofp\libg_nano.a(libc_a-ctype_.o)
 .debug_info    0x0004f852      0x135 d:/dane/qmk_msys/mingw64/bin/../lib/gcc/arm-none-eabi/12.2.0/../../../../arm-none-eabi/lib/thumb/v6-m/nofp\libg_nano.a(libc_a-memset.o)
 .debug_info    0x0004f987      0x152 d:/dane/qmk_msys/mingw64/bin/../lib/gcc/arm-none-eabi/12.2.0/../../../../arm-none-eabi/lib/thumb/v6-m/nofp\libg_nano.a(libc_a-memcpy-stub.o)
 .debug_info    0x0004fad9      0x12b d:/dane/qmk_msys/mingw64/bin/../lib/gcc/arm-none-eabi/12.2.0/../../../../arm-none-eabi/lib/thumb/v6-m/nofp\libg_nano.a(libc_a-memcmp.o)

.debug_abbrev   0x00000000     0x82d0
 .debug_abbrev  0x00000000      0x388 D:\Dane\QMK_MSYS\tmp\ccfdoPfp.ltrans0.ltrans.o
 .debug_abbrev  0x00000388       0xd2 D:\Dane\QMK_MSYS\tmp\ccQz9uNG.debug.temp.o
 .debug_abbrev  0x0000045a      0x24e D:\Dane\QMK_MSYS\tmp\ccvDiYZG.debug.temp.o
 .debug_abbrev  0x000006a8      0x167 D:\Dane\QMK_MSYS\tmp\ccpxGtJH.debug.temp.o
 .debug_abbrev  0x0000080f      0x309 D:\Dane\QMK_MSYS\tmp\ccUbvRfI.debug.temp.o
 .debug_abbrev  0x00000b18      0x243 D:\Dane\QMK_MSYS\tmp\cctYEgII.debug.temp.o
 .debug_abbrev  0x00000d5b      0x224 D:\Dane\QMK_MSYS\tmp\ccmnxBoJ.debug.temp.o
 .debug_abbrev  0x00000f7f      0x24b D:\Dane\QMK_MSYS\tmp\cch3vlYJ.debug.temp.o
 .debug_abbrev  0x000011ca      0x17e D:\Dane\QMK_MSYS\tmp\ccAZWYBJ.debug.temp.o
 .debug_abbrev  0x00001348      0x267 D:\Dane\QMK_MSYS\tmp\ccjjjd9I.debug.temp.o
 .debug_abbrev  0x000015af      0x191 D:\Dane\QMK_MSYS\tmp\ccEGRpUI.debug.temp.o
 .debug_abbrev  0x00001740      0x10e D:\Dane\QMK_MSYS\tmp\ccrGWURI.debug.temp.o
 .debug_abbrev  0x0000184e       0x9e D:\Dane\QMK_MSYS\tmp\ccTfVePI.debug.temp.o
 .debug_abbrev  0x000018ec       0x57 D:\Dane\QMK_MSYS\tmp\ccGHGAQI.debug.temp.o
 .debug_abbrev  0x00001943       0xa4 D:\Dane\QMK_MSYS\tmp\ccXKLeTH.debug.temp.o
 .debug_abbrev  0x000019e7      0x192 D:\Dane\QMK_MSYS\tmp\ccSgzzRG.debug.temp.o
 .debug_abbrev  0x00001b79      0x2aa D:\Dane\QMK_MSYS\tmp\ccxu5t3F.debug.temp.o
 .debug_abbrev  0x00001e23      0x11b D:\Dane\QMK_MSYS\tmp\cciRa9aF.debug.temp.o
 .debug_abbrev  0x00001f3e       0x64 D:\Dane\QMK_MSYS\tmp\ccfU0EuE.debug.temp.o
 .debug_abbrev  0x00001fa2      0x18f D:\Dane\QMK_MSYS\tmp\ccIfw7JD.debug.temp.o
 .debug_abbrev  0x00002131      0x121 D:\Dane\QMK_MSYS\tmp\ccP9U8cD.debug.temp.o
 .debug_abbrev  0x00002252       0xe7 D:\Dane\QMK_MSYS\tmp\ccOR9ioG.debug.temp.o
 .debug_abbrev  0x00002339      0x1ed D:\Dane\QMK_MSYS\tmp\ccxbWavJ.debug.temp.o
 .debug_abbrev  0x00002526      0x1ca D:\Dane\QMK_MSYS\tmp\ccS4q9PM.debug.temp.o
 .debug_abbrev  0x000026f0       0x9f D:\Dane\QMK_MSYS\tmp\ccvUePOW.debug.temp.o
 .debug_abbrev  0x0000278f       0xc9 D:\Dane\QMK_MSYS\tmp\ccEH9co0.debug.temp.o
 .debug_abbrev  0x00002858      0x17f D:\Dane\QMK_MSYS\tmp\ccd6k7S3.debug.temp.o
 .debug_abbrev  0x000029d7      0x16a D:\Dane\QMK_MSYS\tmp\ccWPqcr6.debug.temp.o
 .debug_abbrev  0x00002b41      0x14d D:\Dane\QMK_MSYS\tmp\cc56Iib9.debug.temp.o
 .debug_abbrev  0x00002c8e      0x242 D:\Dane\QMK_MSYS\tmp\ccY1BnRb.debug.temp.o
 .debug_abbrev  0x00002ed0      0x183 D:\Dane\QMK_MSYS\tmp\ccdQz3Ie.debug.temp.o
 .debug_abbrev  0x00003053      0x14f D:\Dane\QMK_MSYS\tmp\cccOEQwh.debug.temp.o