Archive member included to satisfy reference by file (symbol)

.build/obj_davepad_default/i2c_master.a(i2c_master.o)
                              .build/obj_davepad_default/matrix.o (symbol from plugin) (i2c_init)
/usr/lib/gcc/arm-none-eabi/14.1.0/thumb/v6-m/nofp/libgcc.a(_dvmd_tls.o)
                              .build/obj_davepad_default/./lib/pico-sdk/src/rp2_common/pico_divider/divider.o (__aeabi_idiv0)
/usr/lib/gcc/arm-none-eabi/14.1.0/../../../../arm-none-eabi/lib/thumb/v6-m/nofp/libg_nano.a(libc_a-rand.o)
                              .build/obj_davepad_default/quantum/send_string/send_string.o (symbol from plugin) (rand)
/usr/lib/gcc/arm-none-eabi/14.1.0/../../../../arm-none-eabi/lib/thumb/v6-m/nofp/libg_nano.a(libc_a-ctype_.o)
                              .build/obj_davepad_default/quantum/send_string/send_string.o (symbol from plugin) (_ctype_)
/usr/lib/gcc/arm-none-eabi/14.1.0/../../../../arm-none-eabi/lib/thumb/v6-m/nofp/libg_nano.a(libc_a-impure.o)
                              /usr/lib/gcc/arm-none-eabi/14.1.0/../../../../arm-none-eabi/lib/thumb/v6-m/nofp/libg_nano.a(libc_a-rand.o) (_impure_ptr)
/usr/lib/gcc/arm-none-eabi/14.1.0/../../../../arm-none-eabi/lib/thumb/v6-m/nofp/libg_nano.a(libc_a-errno.o)
                              .build/obj_davepad_default/platforms/chibios/syscall-fallbacks.o (symbol from plugin) (__errno)
/usr/lib/gcc/arm-none-eabi/14.1.0/../../../../arm-none-eabi/lib/thumb/v6-m/nofp/libg_nano.a(libc_a-assert.o)
                              /usr/lib/gcc/arm-none-eabi/14.1.0/../../../../arm-none-eabi/lib/thumb/v6-m/nofp/libg_nano.a(libc_a-rand.o) (__assert_func)
/usr/lib/gcc/arm-none-eabi/14.1.0/../../../../arm-none-eabi/lib/thumb/v6-m/nofp/libg_nano.a(libc_a-malloc.o)
                              /usr/lib/gcc/arm-none-eabi/14.1.0/../../../../arm-none-eabi/lib/thumb/v6-m/nofp/libg_nano.a(libc_a-rand.o) (malloc)
/usr/lib/gcc/arm-none-eabi/14.1.0/../../../../arm-none-eabi/lib/thumb/v6-m/nofp/libg_nano.a(libc_a-mallocr.o)
                              /usr/lib/gcc/arm-none-eabi/14.1.0/../../../../arm-none-eabi/lib/thumb/v6-m/nofp/libg_nano.a(libc_a-malloc.o) (_malloc_r)
/usr/lib/gcc/arm-none-eabi/14.1.0/../../../../arm-none-eabi/lib/thumb/v6-m/nofp/libg_nano.a(libc_a-mlock.o)
                              /usr/lib/gcc/arm-none-eabi/14.1.0/../../../../arm-none-eabi/lib/thumb/v6-m/nofp/libg_nano.a(libc_a-mallocr.o) (__malloc_lock)
/usr/lib/gcc/arm-none-eabi/14.1.0/../../../../arm-none-eabi/lib/thumb/v6-m/nofp/libg_nano.a(libc_a-fprintf.o)
                              /usr/lib/gcc/arm-none-eabi/14.1.0/../../../../arm-none-eabi/lib/thumb/v6-m/nofp/libg_nano.a(libc_a-assert.o) (fiprintf)
/usr/lib/gcc/arm-none-eabi/14.1.0/../../../../arm-none-eabi/lib/thumb/v6-m/nofp/libg_nano.a(libc_a-lock.o)
                              /usr/lib/gcc/arm-none-eabi/14.1.0/../../../../arm-none-eabi/lib/thumb/v6-m/nofp/libg_nano.a(libc_a-mlock.o) (__retarget_lock_acquire_recursive)
/usr/lib/gcc/arm-none-eabi/14.1.0/../../../../arm-none-eabi/lib/thumb/v6-m/nofp/libg_nano.a(libc_a-abort.o)
                              /usr/lib/gcc/arm-none-eabi/14.1.0/../../../../arm-none-eabi/lib/thumb/v6-m/nofp/libg_nano.a(libc_a-assert.o) (abort)
/usr/lib/gcc/arm-none-eabi/14.1.0/../../../../arm-none-eabi/lib/thumb/v6-m/nofp/libg_nano.a(libc_a-freer.o)
                              /usr/lib/gcc/arm-none-eabi/14.1.0/../../../../arm-none-eabi/lib/thumb/v6-m/nofp/libg_nano.a(libc_a-malloc.o) (_free_r)
/usr/lib/gcc/arm-none-eabi/14.1.0/../../../../arm-none-eabi/lib/thumb/v6-m/nofp/libg_nano.a(libc_a-nano-vfprintf.o)
                              /usr/lib/gcc/arm-none-eabi/14.1.0/../../../../arm-none-eabi/lib/thumb/v6-m/nofp/libg_nano.a(libc_a-fprintf.o) (_vfprintf_r)
/usr/lib/gcc/arm-none-eabi/14.1.0/../../../../arm-none-eabi/lib/thumb/v6-m/nofp/libg_nano.a(libc_a-nano-vfprintf_i.o)
                              /usr/lib/gcc/arm-none-eabi/14.1.0/../../../../arm-none-eabi/lib/thumb/v6-m/nofp/libg_nano.a(libc_a-nano-vfprintf.o) (_printf_i)
/usr/lib/gcc/arm-none-eabi/14.1.0/../../../../arm-none-eabi/lib/thumb/v6-m/nofp/libg_nano.a(libc_a-findfp.o)
                              /usr/lib/gcc/arm-none-eabi/14.1.0/../../../../arm-none-eabi/lib/thumb/v6-m/nofp/libg_nano.a(libc_a-nano-vfprintf.o) (__sinit)
/usr/lib/gcc/arm-none-eabi/14.1.0/../../../../arm-none-eabi/lib/thumb/v6-m/nofp/libg_nano.a(libc_a-fvwrite.o)
                              /usr/lib/gcc/arm-none-eabi/14.1.0/../../../../arm-none-eabi/lib/thumb/v6-m/nofp/libg_nano.a(libc_a-nano-vfprintf.o) (__sfvwrite_r)
/usr/lib/gcc/arm-none-eabi/14.1.0/../../../../arm-none-eabi/lib/thumb/v6-m/nofp/libg_nano.a(libc_a-fwalk.o)
                              /usr/lib/gcc/arm-none-eabi/14.1.0/../../../../arm-none-eabi/lib/thumb/v6-m/nofp/libg_nano.a(libc_a-findfp.o) (_fwalk_sglue)
/usr/lib/gcc/arm-none-eabi/14.1.0/../../../../arm-none-eabi/lib/thumb/v6-m/nofp/libg_nano.a(libc_a-stdio.o)
[...]
Memory Configuration

Name             Origin             Length             Attributes
flash0           0x00000000         0x00004000         xr
flash1           0x10000000         0x00200000         xr
flash2           0x00000000         0x00000000         xr
flash3           0x00000000         0x00000000         xr
flash4           0x00000000         0x00000000         xr
flash5           0x00000000         0x00000000         xr
flash6           0x00000000         0x00000000         xr
flash7           0x00000000         0x00000000         xr
ram0             0x20000000         0x00040000         xw
ram1             0x00000000         0x00040000         xw
ram2             0x00000000         0x00000000         xw
ram3             0x00000000         0x00000000         xw
ram4             0x20040000         0x00001000         xw
ram5             0x20041000         0x00001000         xw
ram6             0x00000000         0x00000000         xw
ram7             0x20041f00         0x00000100         xw
*default*        0x00000000         0xffffffff

Linker script and memory map

LOAD .build/obj_davepad_default/matrix.o
LOAD /tmp/ccSXqDCs.ltrans0.ltrans.o
LOAD /tmp/cc7plmk8.debug.temp.o
LOAD /tmp/ccW6QSNX.debug.temp.o
LOAD /tmp/cclRuhfr.debug.temp.o
LOAD /tmp/cc6VIEp8.debug.temp.o
LOAD /tmp/ccS5e8Qt.debug.temp.o
LOAD /tmp/ccgCImyJ.debug.temp.o
LOAD /tmp/cc3HdLB0.debug.temp.o
LOAD /tmp/ccJFF37Q.debug.temp.o
LOAD /tmp/cc48289p.debug.temp.o
LOAD /tmp/cc7FpVTz.debug.temp.o
LOAD /tmp/ccx6LRmu.debug.temp.o
LOAD /tmp/ccLjBC5V.debug.temp.o
LOAD /tmp/cc9WferG.debug.temp.o
LOAD /tmp/ccWpFDvq.debug.temp.o
LOAD /tmp/cc69CoPU.debug.temp.o
LOAD /tmp/ccOV5m5M.debug.temp.o
LOAD /tmp/ccysNUKp.debug.temp.o
LOAD /tmp/ccVXcwC8.debug.temp.o
LOAD /tmp/ccxIYkbG.debug.temp.o
LOAD /tmp/cca9YR0Z.debug.temp.o
LOAD /tmp/cc41ggKY.debug.temp.o
LOAD /tmp/ccfqo5oW.debug.temp.o
LOAD /tmp/cco9jGb7.debug.temp.o
LOAD /tmp/cckOMpxh.debug.temp.o
LOAD /tmp/ccOyCZSH.debug.temp.o
LOAD /tmp/ccuBByZW.debug.temp.o
LOAD /tmp/ccpYoNIT.debug.temp.o
LOAD /tmp/ccKcbAZw.debug.temp.o
LOAD /tmp/ccZBU9AY.debug.temp.o
LOAD /tmp/cc27InRY.debug.temp.o
LOAD /tmp/ccqeopTT.debug.temp.o
LOAD /tmp/cchuop66.debug.temp.o
LOAD /tmp/ccfWOrjg.debug.temp.o
LOAD /tmp/ccuPvYGQ.debug.temp.o
LOAD /tmp/ccx4cmPa.debug.temp.o
LOAD /tmp/cc8yAUjM.debug.temp.o
LOAD /tmp/cc57IHLu.debug.temp.o
LOAD /tmp/cc4VXkhU.debug.temp.o
LOAD /tmp/ccLxkIxJ.debug.temp.o
LOAD /tmp/ccK3CJW6.debug.temp.o
LOAD /tmp/ccB2hIiV.debug.temp.o
LOAD /tmp/cc7a1Svm.debug.temp.o
LOAD /tmp/ccjTg4r8.debug.temp.o
LOAD /tmp/ccNbyI2K.debug.temp.o
LOAD /tmp/ccl2Xd57.debug.temp.o
LOAD /tmp/ccmqhubO.debug.temp.o
LOAD /tmp/ccEHuqTT.debug.temp.o
LOAD /tmp/ccheXwu3.debug.temp.o
LOAD /tmp/ccQ28WoE.debug.temp.o
LOAD /tmp/ccQGDgeD.debug.temp.o
LOAD /tmp/cc9cucPM.debug.temp.o
LOAD /tmp/ccCqljfW.debug.temp.o
LOAD /tmp/ccGF0lXM.debug.temp.o
LOAD /tmp/ccZxgwKA.debug.temp.o
LOAD /tmp/ccnt0Q9q.debug.temp.o
LOAD /tmp/ccs6fe2O.debug.temp.o
LOAD /tmp/ccwsameT.debug.temp.o
LOAD /tmp/ccERSRoW.debug.temp.o
LOAD /tmp/ccRfiuNA.debug.temp.o
LOAD /tmp/ccHNnxIz.debug.temp.o
LOAD /tmp/ccNyB9Ah.debug.temp.o
LOAD /tmp/ccKEFhGu.debug.temp.o
LOAD /tmp/ccugxiLn.debug.temp.o
LOAD /tmp/cc8cvpaw.debug.temp.o
LOAD /tmp/ccf6kSbI.debug.temp.o
LOAD /tmp/ccoTIrRB.debug.temp.o
LOAD /tmp/ccRRRJaq.debug.temp.o
LOAD /tmp/ccJffph2.debug.temp.o
LOAD /tmp/ccGoqzLv.debug.temp.o
LOAD /tmp/ccIMwEzx.debug.temp.o
LOAD /tmp/ccgPzYsF.debug.temp.o
LOAD /tmp/ccFeCRPO.debug.temp.o
LOAD /tmp/ccMMhrBs.debug.temp.o
LOAD /tmp/ccoG02XS.debug.temp.o
LOAD /tmp/ccyEeINh.debug.temp.o
LOAD /tmp/ccpKQkBh.debug.temp.o
LOAD /tmp/cc4W1SkU.debug.temp.o
LOAD /tmp/ccRZhIn4.debug.temp.o
LOAD /tmp/ccAJl7ce.debug.temp.o
LOAD /tmp/ccUZzJWF.debug.temp.o
LOAD /tmp/ccvD8Nrt.debug.temp.o
LOAD /tmp/ccxaDzuP.debug.temp.o
LOAD /tmp/ccBuxykc.debug.temp.o
LOAD /tmp/cc1Xjl44.debug.temp.o
LOAD /tmp/ccwCHtwp.debug.temp.o
LOAD /tmp/ccS5kZSp.debug.temp.o
LOAD /tmp/ccNXeJou.debug.temp.o
LOAD /tmp/ccL32kkv.debug.temp.o
LOAD /tmp/ccqV6iHD.debug.temp.o
LOAD /tmp/ccESLqFu.debug.temp.o
LOAD /tmp/cc3sJy8i.debug.temp.o
LOAD /tmp/cctZIxxg.debug.temp.o
LOAD /tmp/cc6eidva.debug.temp.o
LOAD /tmp/ccicb8DJ.debug.temp.o
LOAD /tmp/ccBjTaFp.debug.temp.o
LOAD /tmp/ccIETnzt.debug.temp.o
LOAD /tmp/ccrOCFpx.debug.temp.o
LOAD /tmp/ccIjqD6Q.debug.temp.o
LOAD /tmp/ccKBZpOJ.debug.temp.o
LOAD /tmp/ccDc985b.debug.temp.o
LOAD /tmp/ccYK1Awv.debug.temp.o
LOAD /tmp/ccRixEnv.debug.temp.o
LOAD /tmp/ccXZxSwN.debug.temp.o
LOAD /tmp/ccXjTSe0.debug.temp.o
LOAD /tmp/cc0olVGs.debug.temp.o
LOAD /tmp/ccxg8oiL.debug.temp.o
LOAD /tmp/cc4uw5NF.debug.temp.o
LOAD /tmp/ccFOKLWt.debug.temp.o
LOAD /tmp/ccaVPvjJ.debug.temp.o
LOAD /tmp/ccip1GOB.debug.temp.o
LOAD /tmp/ccipYc1N.debug.temp.o
LOAD /tmp/ccZeT95b.debug.temp.o
LOAD /tmp/ccs6AcYR.debug.temp.o
LOAD /tmp/ccn6ljvp.debug.temp.o
LOAD /tmp/cczXdAaW.debug.temp.o
LOAD /tmp/ccjjuOrJ.debug.temp.o
LOAD /tmp/ccvqwWCy.debug.temp.o
LOAD /tmp/cclNqSEe.debug.temp.o
LOAD /tmp/ccya7eEO.debug.temp.o
LOAD /tmp/cccciVPq.debug.temp.o
LOAD /tmp/ccTE7BuQ.debug.temp.o
LOAD /tmp/ccHq2Dvw.debug.temp.o
LOAD /tmp/ccN6MmiH.debug.temp.o
LOAD /tmp/ccsKsTiV.debug.temp.o
LOAD /tmp/cct9eCQt.debug.temp.o
LOAD /tmp/ccaGycdf.debug.temp.o
LOAD /tmp/ccroHUBZ.debug.temp.o
LOAD /tmp/cc5z2Mt6.debug.temp.o
LOAD /tmp/ccefFbuQ.debug.temp.o
LOAD /tmp/cca05SBT.debug.temp.o
LOAD /tmp/ccaVPHd5.debug.temp.o
LOAD /tmp/ccRp9Usr.debug.temp.o
LOAD /tmp/ccZWN4sR.debug.temp.o
LOAD /tmp/ccVCNlNA.debug.temp.o
LOAD /tmp/cc9wZ2Ju.debug.temp.o
LOAD /tmp/ccVPOHQy.debug.temp.o
LOAD /tmp/ccN0D96i.debug.temp.o
LOAD /tmp/cckRupZK.debug.temp.o
LOAD /tmp/ccBGkZZd.debug.temp.o
LOAD /tmp/ccN7GJiK.debug.temp.o
LOAD /tmp/cclLGTWH.debug.temp.o
LOAD /tmp/ccQ4GtiJ.debug.temp.o
LOAD /tmp/cc6rL3ce.debug.temp.o
LOAD /tmp/cc6lKnSP.debug.temp.o
LOAD /tmp/ccQvHCOF.debug.temp.o
LOAD /tmp/ccjJJEVr.debug.temp.o
LOAD /tmp/ccfg05pj.debug.temp.o
LOAD /tmp/cc8V5SCB.debug.temp.o
LOAD /tmp/ccjNXHHv.debug.temp.o
LOAD /tmp/cchHGfpe.debug.temp.o
LOAD /tmp/ccTTK1YK.debug.temp.o
LOAD /tmp/ccog0o6A.debug.temp.o
LOAD /tmp/ccSiT0rc.debug.temp.o
LOAD /tmp/ccVgVUUh.debug.temp.o
LOAD /tmp/ccFF34HX.debug.temp.o
LOAD /tmp/ccuLdaCd.debug.temp.o
LOAD /tmp/ccra9wcH.debug.temp.o
LOAD /tmp/ccbv0rDE.debug.temp.o
LOAD /tmp/cc1KMg3V.debug.temp.o
LOAD /tmp/cc4DV3lG.debug.temp.o
LOAD /tmp/ccayBJ9g.debug.temp.o
LOAD /tmp/ccf6T3sA.debug.temp.o
LOAD /tmp/cc7Cluu3.debug.temp.o
LOAD /tmp/ccEsUD0V.debug.temp.o
LOAD /tmp/ccY1awTr.debug.temp.o
LOAD .build/obj_davepad_default/.build/obj_davepad_default/src/default_keyboard.o
LOAD .build/obj_davepad_default/quantum/keymap_introspection.o
LOAD .build/obj_davepad_default/quantum/quantum.o
LOAD .build/obj_davepad_default/quantum/bitwise.o
LOAD .build/obj_davepad_default/quantum/led.o
LOAD .build/obj_davepad_default/quantum/action.o
LOAD .build/obj_davepad_default/quantum/action_layer.o
LOAD .build/obj_davepad_default/quantum/action_tapping.o
LOAD .build/obj_davepad_default/quantum/action_util.o
LOAD .build/obj_davepad_default/quantum/eeconfig.o
LOAD .build/obj_davepad_default/quantum/keyboard.o
LOAD .build/obj_davepad_default/quantum/keymap_common.o
LOAD .build/obj_davepad_default/quantum/keycode_config.o
LOAD .build/obj_davepad_default/quantum/sync_timer.o
LOAD .build/obj_davepad_default/quantum/logging/debug.o
LOAD .build/obj_davepad_default/quantum/logging/sendchar.o
LOAD .build/obj_davepad_default/quantum/logging/print.o
LOAD .build/obj_davepad_default/quantum/debounce/sym_defer_g.o
LOAD .build/obj_davepad_default/quantum/main.o
LOAD .build/obj_davepad_default/printf.o
LOAD .build/obj_davepad_default/quantum/midi/midi.o
LOAD .build/obj_davepad_default/quantum/midi/midi_device.o
LOAD .build/obj_davepad_default/quantum/midi/qmk_midi.o
LOAD .build/obj_davepad_default/quantum/midi/sysex_tools.o
LOAD .build/obj_davepad_default/quantum/midi/bytequeue/bytequeue.o
LOAD .build/obj_davepad_default/quantum/midi/bytequeue/interrupt_setting.o
LOAD .build/obj_davepad_default/quantum/process_keycode/process_midi.o
LOAD .build/obj_davepad_default/eeprom_driver.o
LOAD .build/obj_davepad_default/eeprom_wear_leveling.o
LOAD .build/obj_davepad_default/wear_leveling.o
LOAD .build/obj_davepad_default/wear_leveling_rp2040_flash.o
LOAD .build/obj_davepad_default/qmk_fnv_type_validation.o
LOAD .build/obj_davepad_default/hash_32a.o
LOAD .build/obj_davepad_default/hash_64a.o
LOAD .build/obj_davepad_default/oled_driver.o
LOAD .build/obj_davepad_default/quantum/process_keycode/process_unicode.o
LOAD .build/obj_davepad_default/quantum/process_keycode/process_unicode_common.o
LOAD .build/obj_davepad_default/quantum/unicode/unicode.o
LOAD .build/obj_davepad_default/quantum/unicode/utf8.o
LOAD .build/obj_davepad_default/quantum/encoder.o
LOAD .build/obj_davepad_default/encoder_quadrature.o
LOAD .build/obj_davepad_default/quantum/bootmagic/bootmagic.o
LOAD .build/obj_davepad_default/quantum/process_keycode/process_grave_esc.o
LOAD .build/obj_davepad_default/quantum/process_keycode/process_magic.o
LOAD .build/obj_davepad_default/quantum/mousekey.o
LOAD .build/obj_davepad_default/quantum/process_keycode/process_music.o
LOAD .build/obj_davepad_default/quantum/process_keycode/process_repeat_key.o
LOAD .build/obj_davepad_default/quantum/repeat_key.o
LOAD .build/obj_davepad_default/quantum/send_string/send_string.o
LOAD .build/obj_davepad_default/quantum/process_keycode/process_space_cadet.o
LOAD .build/obj_davepad_default/protocol/host.o
LOAD .build/obj_davepad_default/protocol/report.o
LOAD .build/obj_davepad_default/protocol/usb_device_state.o
LOAD .build/obj_davepad_default/protocol/usb_util.o
LOAD .build/obj_davepad_default/platforms/suspend.o
LOAD .build/obj_davepad_default/platforms/synchronization_util.o
LOAD .build/obj_davepad_default/platforms/timer.o
LOAD .build/obj_davepad_default/platforms/chibios/hardware_id.o
LOAD .build/obj_davepad_default/platforms/chibios/platform.o
LOAD .build/obj_davepad_default/platforms/chibios/suspend.o
LOAD .build/obj_davepad_default/platforms/chibios/timer.o
LOAD .build/obj_davepad_default/platforms/chibios/bootloaders/rp2040.o
LOAD .build/obj_davepad_default/i2c_master.a
LOAD .build/obj_davepad_default/./lib/chibios/os/common/startup/ARMCMx/compilers/GCC/crt0_v6m.o
LOAD .build/obj_davepad_default/./lib/chibios/os/common/startup/ARMCMx/compilers/GCC/vectors.o
LOAD .build/obj_davepad_default/./lib/chibios/os/common/ports/ARMv6-M-RP2/compilers/GCC/chcoreasm.o
LOAD .build/obj_davepad_default/protocol/chibios/usb_main.o
LOAD .build/obj_davepad_default/protocol/chibios/chibios.o
LOAD .build/obj_davepad_default/usb_descriptor.o
LOAD .build/obj_davepad_default/protocol/chibios/usb_driver.o
LOAD .build/obj_davepad_default/protocol/chibios/usb_endpoints.o
LOAD .build/obj_davepad_default/protocol/chibios/usb_report_handling.o
LOAD .build/obj_davepad_default/protocol/chibios/usb_util.o
LOAD .build/obj_davepad_default/lib/chibios/os/common/startup/ARMCMx/compilers/GCC/crt1.o
LOAD .build/obj_davepad_default/lib/chibios/os/rt/src/chsys.o
LOAD .build/obj_davepad_default/lib/chibios/os/rt/src/chrfcu.o
LOAD .build/obj_davepad_default/lib/chibios/os/rt/src/chdebug.o
LOAD .build/obj_davepad_default/lib/chibios/os/rt/src/chtrace.o
LOAD .build/obj_davepad_default/lib/chibios/os/rt/src/chvt.o
LOAD .build/obj_davepad_default/lib/chibios/os/rt/src/chschd.o
LOAD .build/obj_davepad_default/lib/chibios/os/rt/src/chinstances.o
LOAD .build/obj_davepad_default/lib/chibios/os/rt/src/chthreads.o
LOAD .build/obj_davepad_default/lib/chibios/os/rt/src/chtm.o
LOAD .build/obj_davepad_default/lib/chibios/os/rt/src/chstats.o
LOAD .build/obj_davepad_default/lib/chibios/os/rt/src/chregistry.o
LOAD .build/obj_davepad_default/lib/chibios/os/rt/src/chsem.o
LOAD .build/obj_davepad_default/lib/chibios/os/rt/src/chmtx.o
LOAD .build/obj_davepad_default/lib/chibios/os/rt/src/chcond.o
LOAD .build/obj_davepad_default/lib/chibios/os/rt/src/chevents.o
LOAD .build/obj_davepad_default/lib/chibios/os/rt/src/chmsg.o
LOAD .build/obj_davepad_default/lib/chibios/os/rt/src/chdynamic.o
LOAD .build/obj_davepad_default/lib/chibios/os/common/ports/ARMv6-M-RP2/chcore.o
LOAD .build/obj_davepad_default/lib/chibios/os/hal/osal/rt-nil/osal.o
LOAD .build/obj_davepad_default/lib/chibios/os/oslib/src/chmboxes.o
LOAD .build/obj_davepad_default/lib/chibios/os/oslib/src/chmemcore.o
LOAD .build/obj_davepad_default/lib/chibios/os/oslib/src/chmemheaps.o
LOAD .build/obj_davepad_default/lib/chibios/os/oslib/src/chmempools.o
LOAD .build/obj_davepad_default/lib/chibios/os/oslib/src/chpipes.o
LOAD .build/obj_davepad_default/lib/chibios/os/oslib/src/chobjcaches.o
LOAD .build/obj_davepad_default/lib/chibios/os/oslib/src/chdelegates.o
LOAD .build/obj_davepad_default/lib/chibios/os/oslib/src/chfactory.o
LOAD .build/obj_davepad_default/lib/chibios/os/hal/src/hal.o
LOAD .build/obj_davepad_default/lib/chibios/os/hal/src/hal_st.o
LOAD .build/obj_davepad_default/lib/chibios/os/hal/src/hal_buffers.o
LOAD .build/obj_davepad_default/lib/chibios/os/hal/src/hal_queues.o
LOAD .build/obj_davepad_default/lib/chibios/os/hal/src/hal_flash.o
LOAD .build/obj_davepad_default/lib/chibios/os/hal/src/hal_mmcsd.o
LOAD .build/obj_davepad_default/lib/chibios/os/hal/src/hal_adc.o
LOAD .build/obj_davepad_default/lib/chibios/os/hal/src/hal_can.o
LOAD .build/obj_davepad_default/lib/chibios/os/hal/src/hal_crypto.o
LOAD .build/obj_davepad_default/lib/chibios/os/hal/src/hal_dac.o
LOAD .build/obj_davepad_default/lib/chibios/os/hal/src/hal_efl.o
LOAD .build/obj_davepad_default/lib/chibios/os/hal/src/hal_gpt.o
LOAD .build/obj_davepad_default/lib/chibios/os/hal/src/hal_i2c.o
LOAD .build/obj_davepad_default/lib/chibios/os/hal/src/hal_i2s.o
LOAD .build/obj_davepad_default/lib/chibios/os/hal/src/hal_icu.o
LOAD .build/obj_davepad_default/lib/chibios/os/hal/src/hal_mac.o
LOAD .build/obj_davepad_default/lib/chibios/os/hal/src/hal_mmc_spi.o
LOAD .build/obj_davepad_default/lib/chibios/os/hal/src/hal_pal.o
LOAD .build/obj_davepad_default/lib/chibios/os/hal/src/hal_pwm.o
LOAD .build/obj_davepad_default/lib/chibios/os/hal/src/hal_rtc.o
LOAD .build/obj_davepad_default/lib/chibios/os/hal/src/hal_sdc.o
LOAD .build/obj_davepad_default/lib/chibios/os/hal/src/hal_serial.o
LOAD .build/obj_davepad_default/lib/chibios/os/hal/src/hal_serial_usb.o
LOAD .build/obj_davepad_default/lib/chibios/os/hal/src/hal_sio.o
LOAD .build/obj_davepad_default/lib/chibios/os/hal/src/hal_spi.o
LOAD .build/obj_davepad_default/lib/chibios/os/hal/src/hal_trng.o
LOAD .build/obj_davepad_default/lib/chibios/os/hal/src/hal_uart.o
LOAD .build/obj_davepad_default/lib/chibios/os/hal/src/hal_usb.o
LOAD .build/obj_davepad_default/lib/chibios/os/hal/src/hal_wdg.o
LOAD .build/obj_davepad_default/lib/chibios/os/hal/src/hal_wspi.o
LOAD .build/obj_davepad_default/lib/chibios/os/hal/ports/common/ARMCMx/nvic.o
LOAD .build/obj_davepad_default/lib/chibios/os/hal/ports/RP/RP2040/rp_isr.o
LOAD .build/obj_davepad_default/lib/chibios/os/hal/ports/RP/RP2040/hal_lld.o
LOAD .build/obj_davepad_default/lib/chibios/os/hal/ports/RP/LLD/DMAv1/rp_dma.o
LOAD .build/obj_davepad_default/lib/chibios/os/hal/ports/RP/LLD/GPIOv1/hal_pal_lld.o
LOAD .build/obj_davepad_default/lib/chibios/os/hal/ports/RP/LLD/SPIv1/hal_spi_lld.o
LOAD .build/obj_davepad_default/lib/chibios/os/hal/ports/RP/LLD/TIMERv1/hal_st_lld.o
LOAD .build/obj_davepad_default/lib/chibios/os/hal/ports/RP/LLD/UARTv1/hal_sio_lld.o
LOAD .build/obj_davepad_default/lib/chibios/os/hal/ports/RP/LLD/RTCv1/hal_rtc_lld.o
LOAD .build/obj_davepad_default/lib/chibios/os/hal/ports/RP/LLD/WDGv1/hal_wdg_lld.o
LOAD .build/obj_davepad_default/lib/chibios-contrib/os/hal/ports/RP/LLD/I2Cv1/hal_i2c_lld.o
LOAD .build/obj_davepad_default/lib/chibios-contrib/os/hal/ports/RP/LLD/PWMv1/hal_pwm_lld.o
LOAD .build/obj_davepad_default/lib/chibios-contrib/os/hal/ports/RP/LLD/ADCv1/hal_adc_lld.o
LOAD .build/obj_davepad_default/lib/chibios-contrib/os/hal/ports/RP/LLD/USBDv1/hal_usb_lld.o
LOAD .build/obj_davepad_default/lib/chibios/os/hal/boards/RP_PICO_RP2040/board.o
LOAD .build/obj_davepad_default/lib/chibios/os/hal/lib/streams/chprintf.o
LOAD .build/obj_davepad_default/lib/chibios/os/hal/lib/streams/chscanf.o
LOAD .build/obj_davepad_default/lib/chibios/os/hal/lib/streams/memstreams.o
LOAD .build/obj_davepad_default/lib/chibios/os/hal/lib/streams/nullstreams.o
LOAD .build/obj_davepad_default/lib/chibios/os/hal/lib/streams/bufstreams.o
LOAD .build/obj_davepad_default/lib/chibios/os/various/syscalls.o
LOAD .build/obj_davepad_default/platforms/chibios/syscall-fallbacks.o
LOAD .build/obj_davepad_default/platforms/chibios/wait.o
LOAD .build/obj_davepad_default/platforms/chibios/synchronization_util.o
LOAD .build/obj_davepad_default/platforms/chibios/interrupt_handlers.o
LOAD .build/obj_davepad_default/./lib/pico-sdk/src/rp2_common/hardware_clocks/clocks.o
LOAD .build/obj_davepad_default/./lib/pico-sdk/src/rp2_common/hardware_pll/pll.o
LOAD .build/obj_davepad_default/./lib/pico-sdk/src/rp2_common/hardware_pio/pio.o
LOAD .build/obj_davepad_default/./lib/pico-sdk/src/rp2_common/hardware_timer/timer.o
LOAD .build/obj_davepad_default/./lib/pico-sdk/src/rp2_common/hardware_flash/flash.o
LOAD .build/obj_davepad_default/./lib/pico-sdk/src/rp2_common/hardware_gpio/gpio.o
LOAD .build/obj_davepad_default/./lib/pico-sdk/src/rp2_common/hardware_claim/claim.o
LOAD .build/obj_davepad_default/./lib/pico-sdk/src/rp2_common/hardware_watchdog/watchdog.o
LOAD .build/obj_davepad_default/./lib/pico-sdk/src/rp2_common/hardware_xosc/xosc.o
LOAD .build/obj_davepad_default/./lib/pico-sdk/src/rp2_common/pico_bootrom/bootrom.o
LOAD .build/obj_davepad_default/platforms/chibios/vendors/RP/stage2_bootloaders.o
LOAD .build/obj_davepad_default/platforms/chibios/vendors/RP/pico_sdk_shims.o
LOAD .build/obj_davepad_default/./lib/pico-sdk/src/rp2_common/pico_divider/divider.o
LOAD .build/obj_davepad_default/./lib/pico-sdk/src/rp2_common/pico_int64_ops/pico_int64_ops_aeabi.o
                0x00000800                        __process_stack_size__ = 0x800
                0x00000400                        __main_stack_size__ = 0x400
LOAD /usr/lib/gcc/arm-none-eabi/14.1.0/../../../../arm-none-eabi/lib/thumb/v6-m/nofp/libm.a
START GROUP
LOAD /usr/lib/gcc/arm-none-eabi/14.1.0/thumb/v6-m/nofp/libgcc.a
LOAD /usr/lib/gcc/arm-none-eabi/14.1.0/../../../../arm-none-eabi/lib/thumb/v6-m/nofp/libg_nano.a
LOAD /usr/lib/gcc/arm-none-eabi/14.1.0/../../../../arm-none-eabi/lib/thumb/v6-m/nofp/libc_nano.a
END GROUP
START GROUP
LOAD /usr/lib/gcc/arm-none-eabi/14.1.0/thumb/v6-m/nofp/libgcc.a
LOAD /usr/lib/gcc/arm-none-eabi/14.1.0/../../../../arm-none-eabi/lib/thumb/v6-m/nofp/libc_nano.a
END GROUP

.flash_begin    0x10000000        0x0
                0x10000000                        __flash_binary_start = .

.boot2          0x10000000      0x100
                0x10000000                        __boot2_start__ = .
 *(.boot2)
 .boot2         0x10000000      0x100 /tmp/ccSXqDCs.ltrans0.ltrans.o
                0x10000000                BOOT2_ROM
                0x10000100                        __boot2_end__ = .

.mstack         0x20040000      0x400
                0x20040000                        . = ALIGN (0x8)
                0x20040000                        __main_stack_base__ = .
                0x20040400                        . = (. + __main_stack_size__)
 *fill*         0x20040000      0x400 
                0x20040400                        . = ALIGN (0x8)
                0x20040400                        __main_stack_end__ = .

.pstack         0x20040400      0x800
                0x20040400                        . = ALIGN (0x8)
                0x20040400                        __process_stack_base__ = .
                0x20040400                        __main_thread_stack_base__ = .
                0x20040c00                        . = (. + __process_stack_size__)
 *fill*         0x20040400      0x800 
                0x20040c00                        . = ALIGN (0x8)
                0x20040c00                        __process_stack_end__ = .
                0x20040c00                        __main_thread_stack_end__ = .
                0x00000400                        __c1_main_stack_size__ = __main_stack_size__
                0x00000800                        __c1_process_stack_size__ = __process_stack_size__

.c1_mstack      0x20041000      0x400
                0x20041000                        . = ALIGN (0x8)
                0x20041000                        __c1_main_stack_base__ = .
                0x20041400                        . = (. + __c1_main_stack_size__)
 *fill*         0x20041000      0x400 
                0x20041400                        . = ALIGN (0x8)
                0x20041400                        __c1_main_stack_end__ = .

.c1_pstack      0x20041400      0x800
                0x20041400                        . = ALIGN (0x8)
                0x20041400                        __c1_process_stack_base__ = .
                0x20041400                        __c1_main_thread_stack_base__ = .
                0x20041c00                        . = (. + __c1_process_stack_size__)
 *fill*         0x20041400      0x800 
                0x20041c00                        . = ALIGN (0x8)
                0x20041c00                        __c1_process_stack_end__ = .
                0x20041c00                        __c1_main_thread_stack_end__ = .

.vectors        0x10000100       0xc0
                0x10000100                        __textvectors_base__ = LOADADDR (.vectors)
                0x10000100                        __vectors_base__ = .
 *(.vectors)
 .vectors       0x10000100       0xc0 .build/obj_davepad_default/./lib/chibios/os/common/startup/ARMCMx/compilers/GCC/vectors.o
                0x10000100                _vectors
                0x100001c0                        __vectors_end__ = .

.xtors          0x100001c0        0x0
                0x100001c0                        __init_array_base__ = .
 *(SORT_BY_NAME(.init_array.*))
 *(.init_array)
                0x100001c0                        __init_array_end__ = .
                0x100001c0                        __fini_array_base__ = .
 *(.fini_array)
 *(SORT_BY_NAME(.fini_array.*))
                0x100001c0                        __fini_array_end__ = .

.text           0x100001c0     0x6700
                0x100001c0                        __text_base__ = .
 *(.text)
 .text          0x100001c0      0x104 .build/obj_davepad_default/./lib/chibios/os/common/startup/ARMCMx/compilers/GCC/crt0_v6m.o
                0x100001c0                _crt0_entry
 .text          0x100002c4        0x8 .build/obj_davepad_default/./lib/chibios/os/common/startup/ARMCMx/compilers/GCC/vectors.o
                0x100002c4                Reset_Handler
                0x100002c6                Vector58
                0x100002c6                Vector9C
                0x100002c6                VectorAC
                0x100002c6                DebugMon_Handler
                0x100002c6                Vector5C
                0x100002c6                HardFault_Handler
                0x100002c6                Vector8C
                0x100002c6                SysTick_Handler
                0x100002c6                PendSV_Handler
                0x100002c6                Vector94
                0x100002c6                VectorA8
                0x100002c6                VectorB4
                0x100002c6                Vector74
                0x100002c6                UsageFault_Handler
                0x100002c6                VectorBC
                0x100002c6                Vector64
                0x100002c6                Vector98
                0x100002c6                Vector24
                0x100002c6                Vector84
                0x100002c6                SecureFault_Handler
                0x100002c6                MemManage_Handler
                0x100002c6                Vector6C
                0x100002c6                SVC_Handler
                0x100002c6                VectorB0
                0x100002c6                Vector90
                0x100002c6                Vector60
                0x100002c6                Vector70
                0x100002c6                Vector68
                0x100002c6                Vector78
                0x100002c6                Vector88
                0x100002c6                BusFault_Handler
                0x100002c6                Vector50
                0x100002c6                Vector28
                0x100002c6                VectorB8
                0x100002c6                Vector34
                0x100002c6                VectorA4
                0x100002c6                Vector20
                0x100002ca                _unhandled_exception
 .text          0x100002cc       0x48 .build/obj_davepad_default/./lib/chibios/os/common/ports/ARMv6-M-RP2/compilers/GCC/chcoreasm.o
                0x100002cc                __port_switch
                0x100002ec                __port_thread_start
                0x100002fe                __port_switch_from_isr
                0x10000302                __port_exit_from_isr
 .text          0x10000314        0x4 /usr/lib/gcc/arm-none-eabi/14.1.0/thumb/v6-m/nofp/libgcc.a(_dvmd_tls.o)
                0x10000314                __aeabi_ldiv0
                0x10000314                __aeabi_idiv0
 .text          0x10000318       0x14 /usr/lib/gcc/arm-none-eabi/14.1.0/thumb/v6-m/nofp/libgcc.a(_thumb1_case_sqi.o)
                0x10000318                __gnu_thumb1_case_sqi
 .text          0x1000032c       0x14 /usr/lib/gcc/arm-none-eabi/14.1.0/thumb/v6-m/nofp/libgcc.a(_thumb1_case_uqi.o)
                0x1000032c                __gnu_thumb1_case_uqi
 .text          0x10000340       0x14 /usr/lib/gcc/arm-none-eabi/14.1.0/thumb/v6-m/nofp/libgcc.a(_thumb1_case_uhi.o)
                0x10000340                __gnu_thumb1_case_uhi
 .text          0x10000354        0xe /usr/lib/gcc/arm-none-eabi/14.1.0/../../../../arm-none-eabi/lib/thumb/v6-m/nofp/libg_nano.a(libc_a-strlen.o)
                0x10000354                strlen
 *(.text.*)
 .text.do_code16
                0x10000362       0x22 /tmp/ccSXqDCs.ltrans0.ltrans.o
 .text.layer_on
                0x10000384       0x14 /tmp/ccSXqDCs.ltrans0.ltrans.o
 .text.layer_off
                0x10000398       0x14 /tmp/ccSXqDCs.ltrans0.ltrans.o
 .text.update_source_layers_cache_impl
                0x100003ac       0x30 /tmp/ccSXqDCs.ltrans0.ltrans.o
 .text.read_source_layers_cache_impl
                0x100003dc       0x26 /tmp/ccSXqDCs.ltrans0.ltrans.o
 *fill*         0x10000402        0x2 
 .text.update_source_layers_cache
                0x10000404       0x38 /tmp/ccSXqDCs.ltrans0.ltrans.o
 .text.read_source_layers_cache
                0x1000043c       0x38 /tmp/ccSXqDCs.ltrans0.ltrans.o
 .text.debug_waiting_buffer
                0x10000474       0x20 /tmp/ccSXqDCs.ltrans0.ltrans.o
 .text.clear_oneshot_layer_state
                0x10000494       0x38 /tmp/ccSXqDCs.ltrans0.ltrans.o
 .text.get_mods_for_report
                0x100004cc       0x6c /tmp/ccSXqDCs.ltrans0.ltrans.o
 .text.del_mods
                0x10000538       0x10 /tmp/ccSXqDCs.ltrans0.ltrans.o
 .text.keymap_key_to_keycode
                0x10000548       0x6c /tmp/ccSXqDCs.ltrans0.ltrans.o
 .text.keycode_config
                0x100005b4      0x124 /tmp/ccSXqDCs.ltrans0.ltrans.o
 .text.mod_config
                0x100006d8       0x98 /tmp/ccSXqDCs.ltrans0.ltrans.o
 .text.action_for_keycode
                0x10000770      0x1c8 /tmp/ccSXqDCs.ltrans0.ltrans.o
 .text.layer_switch_get_layer
                0x10000938       0x50 /tmp/ccSXqDCs.ltrans0.ltrans.o
 .text.get_record_keycode
                0x10000988       0x3c /tmp/ccSXqDCs.ltrans0.ltrans.o
 .text.layer_switch_get_action
                0x100009c4       0x20 /tmp/ccSXqDCs.ltrans0.ltrans.o
 .text.is_tap_record
                0x100009e4       0x6a /tmp/ccSXqDCs.ltrans0.ltrans.o
 .text.sendchar
                0x10000a4e        0x4 /tmp/ccSXqDCs.ltrans0.ltrans.o
 .text.null_sendchar_func
                0x10000a52        0x4 /tmp/ccSXqDCs.ltrans0.ltrans.o
 .text.fallthrough_callback
                0x10000a56        0x2 /tmp/ccSXqDCs.ltrans0.ltrans.o
 .text.cc_callback
                0x10000a58        0x2 /tmp/ccSXqDCs.ltrans0.ltrans.o
 .text.__idle_thread
                0x10000a5a        0x4 /tmp/ccSXqDCs.ltrans0.ltrans.o
 *fill*         0x10000a5e        0x2 
 .text.midi_packet_length
                0x10000a60       0x74 /tmp/ccSXqDCs.ltrans0.ltrans.o
 .text.port_lock.lto_priv.0
                0x10000ad4       0x16 /tmp/ccSXqDCs.ltrans0.ltrans.o
 .text.port_unlock.lto_priv.0
                0x10000aea       0x12 /tmp/ccSXqDCs.ltrans0.ltrans.o
 .text.wear_leveling_unlock
                0x10000afc       0x1c /tmp/ccSXqDCs.ltrans0.ltrans.o
 .text.wear_leveling_lock
                0x10000b18       0x1c /tmp/ccSXqDCs.ltrans0.ltrans.o
 .text.backing_store_read_bulk
                0x10000b34       0x20 /tmp/ccSXqDCs.ltrans0.ltrans.o
 .text.times_inv_sqrt2
                0x10000b54       0x20 /tmp/ccSXqDCs.ltrans0.ltrans.o
 .text.move_unit
                0x10000b74       0x40 /tmp/ccSXqDCs.ltrans0.ltrans.o
 .text.wheel_unit
                0x10000bb4       0x50 /tmp/ccSXqDCs.ltrans0.ltrans.o
 .text.mousekey_on
                0x10000c04       0xac /tmp/ccSXqDCs.ltrans0.ltrans.o
 .text.mousekey_off
                0x10000cb0       0xe8 /tmp/ccSXqDCs.ltrans0.ltrans.o
 .text.update_last_repeat_count
                0x10000d98       0x20 /tmp/ccSXqDCs.ltrans0.ltrans.o
 .text.find_alt_keycode
                0x10000db8       0x20 /tmp/ccSXqDCs.ltrans0.ltrans.o
 .text.host_keyboard_leds
                0x10000dd8       0x14 /tmp/ccSXqDCs.ltrans0.ltrans.o
 .text.host_system_send
                0x10000dec       0x30 /tmp/ccSXqDCs.ltrans0.ltrans.o
 .text.host_consumer_send
                0x10000e1c       0x30 /tmp/ccSXqDCs.ltrans0.ltrans.o
 .text.add_key_to_report
                0x10000e4c       0x6c /tmp/ccSXqDCs.ltrans0.ltrans.o
 .text.del_key_from_report
                0x10000eb8       0x58 /tmp/ccSXqDCs.ltrans0.ltrans.o
 .text.timer_read32
                0x10000f10       0x7c /tmp/ccSXqDCs.ltrans0.ltrans.o
 .text.mousekey_send
                0x10000f8c       0x44 /tmp/ccSXqDCs.ltrans0.ltrans.o
 .text.usb_get_descriptor_cb
                0x10000fd0       0xb8 /tmp/ccSXqDCs.ltrans0.ltrans.o
 .text.set_led_transfer_cb
                0x10001088       0x30 /tmp/ccSXqDCs.ltrans0.ltrans.o
 .text.usb_requests_hook_cb
                0x100010b8      0x1a8 /tmp/ccSXqDCs.ltrans0.ltrans.o
 .text.keyboard_leds
                0x10001260        0xc /tmp/ccSXqDCs.ltrans0.ltrans.o
 .text.usb_endpoint_in_is_inactive
                0x1000126c       0x32 /tmp/ccSXqDCs.ltrans0.ltrans.o
 *fill*         0x1000129e        0x2 
 .text.usb_set_idle_rate
                0x100012a0       0x1c /tmp/ccSXqDCs.ltrans0.ltrans.o
 .text.usb_get_idle_rate
                0x100012bc        0xe /tmp/ccSXqDCs.ltrans0.ltrans.o
 *fill*         0x100012ca        0x2 
 .text.usb_idle_timer_elapsed
                0x100012cc       0x58 /tmp/ccSXqDCs.ltrans0.ltrans.o
 .text.usb_shared_set_idle_rate
                0x10001324       0x24 /tmp/ccSXqDCs.ltrans0.ltrans.o
 .text.usb_shared_get_idle_rate
                0x10001348       0x18 /tmp/ccSXqDCs.ltrans0.ltrans.o
 .text.usb_shared_idle_timer_elapsed
                0x10001360       0x60 /tmp/ccSXqDCs.ltrans0.ltrans.o
 .text.chSysPolledDelayX
                0x100013c0       0x14 /tmp/ccSXqDCs.ltrans0.ltrans.o
 .text.chThdGetSelfX
                0x100013d4       0x18 /tmp/ccSXqDCs.ltrans0.ltrans.o
 .text.__port_irq_epilogue
                0x100013ec       0x4c /tmp/ccSXqDCs.ltrans0.ltrans.o
 .text.obqPostFullBufferS
                0x10001438       0x2a /tmp/ccSXqDCs.ltrans0.ltrans.o
 *fill*         0x10001462        0x2 
 .text.set_address
                0x10001464       0x30 /tmp/ccSXqDCs.ltrans0.ltrans.o
 .text.hal_lld_peripheral_unreset.lto_priv.0
                0x10001494       0x14 /tmp/ccSXqDCs.ltrans0.ltrans.o
 .text.i2c_lld_disableS
                0x100014a8       0x68 /tmp/ccSXqDCs.ltrans0.ltrans.o
 .text.usb_isochronous_buffer_size
                0x10001510       0x44 /tmp/ccSXqDCs.ltrans0.ltrans.o
 .text.usb_prepare_out_ep
                0x10001554       0x8c /tmp/ccSXqDCs.ltrans0.ltrans.o
 .text.usbStartReceiveI
                0x100015e0       0x42 /tmp/ccSXqDCs.ltrans0.ltrans.o
 .text.usb_start_receive
                0x10001622       0x36 /tmp/ccSXqDCs.ltrans0.ltrans.o
 .text.ibnotify
                0x10001658        0xa /tmp/ccSXqDCs.ltrans0.ltrans.o
 *fill*         0x10001662        0x2 
 .text._usb_wakeup.constprop.0
                0x10001664       0x24 /tmp/ccSXqDCs.ltrans0.ltrans.o
 .text.midi_input_callbacks.constprop.0
                0x10001688      0x130 /tmp/ccSXqDCs.ltrans0.ltrans.o
 .text.backing_store_erase
                0x100017b8       0x20 /tmp/ccSXqDCs.ltrans0.ltrans.o
 .text.reset_usb_boot.constprop.0
                0x100017d8       0x1c /tmp/ccSXqDCs.ltrans0.ltrans.o
 .text.clock_configure.constprop.0.isra.0
                0x100017f4       0xc8 /tmp/ccSXqDCs.ltrans0.ltrans.o
 .text.clocks_init
                0x100018bc      0x198 /tmp/ccSXqDCs.ltrans0.ltrans.o
 .text.usb_event_queue_enqueue.isra.0
                0x10001a54       0x28 /tmp/ccSXqDCs.ltrans0.ltrans.o
 .text.waiting_buffer_typed.isra.0
                0x10001a7c       0x4c /tmp/ccSXqDCs.ltrans0.ltrans.o
 .text.usb_lld_reset.constprop.0
                0x10001ac8       0x74 /tmp/ccSXqDCs.ltrans0.ltrans.o
 .text.send_keyboard_report
                0x10001b3c       0x94 /tmp/ccSXqDCs.ltrans0.ltrans.o
 .text.unregister_code
                0x10001bd0       0x6a /tmp/ccSXqDCs.ltrans0.ltrans.o
 *fill*         0x10001c3a        0x2 
 .text.register_mods
                0x10001c3c       0x18 /tmp/ccSXqDCs.ltrans0.ltrans.o
 .text.unregister_mods
                0x10001c54       0x10 /tmp/ccSXqDCs.ltrans0.ltrans.o
 .text.register_weak_mods
                0x10001c64       0x18 /tmp/ccSXqDCs.ltrans0.ltrans.o
 .text.unregister_weak_mods
                0x10001c7c       0x18 /tmp/ccSXqDCs.ltrans0.ltrans.o
 .text.register_code.part.0
                0x10001c94       0x68 /tmp/ccSXqDCs.ltrans0.ltrans.o
 .text.register_code
                0x10001cfc       0x70 /tmp/ccSXqDCs.ltrans0.ltrans.o
 .text.wear_leveling_clear_cache
                0x10001d6c       0x24 /tmp/ccSXqDCs.ltrans0.ltrans.o
 .text.wear_leveling_erase.isra.0
                0x10001d90       0x1a /tmp/ccSXqDCs.ltrans0.ltrans.o
 *fill*         0x10001daa        0x2 
 .text.oled_clear
                0x10001dac       0x2c /tmp/ccSXqDCs.ltrans0.ltrans.o
 .text.clear_keys_from_report
                0x10001dd8       0x34 /tmp/ccSXqDCs.ltrans0.ltrans.o
 .text.clear_keyboard
                0x10001e0c       0x54 /tmp/ccSXqDCs.ltrans0.ltrans.o
 .text.usb_reset_report
                0x10001e60       0x20 /tmp/ccSXqDCs.ltrans0.ltrans.o
 .text.usb_shared_reset_report
                0x10001e80       0x2a /tmp/ccSXqDCs.ltrans0.ltrans.o
 *fill*         0x10001eaa        0x2 
 .text.usbInitEndpointI
                0x10001eac      0x154 /tmp/ccSXqDCs.ltrans0.ltrans.o
 .text.usb_set_report
                0x10002000       0x1c /tmp/ccSXqDCs.ltrans0.ltrans.o
 .text.usb_get_report
                0x1000201c       0x1a /tmp/ccSXqDCs.ltrans0.ltrans.o
 *fill*         0x10002036        0x2 
 .text.usb_shared_set_report
                0x10002038       0x24 /tmp/ccSXqDCs.ltrans0.ltrans.o
 .text.usb_shared_get_report
                0x1000205c       0x20 /tmp/ccSXqDCs.ltrans0.ltrans.o
 .text.usb_prepare_in_ep_buffer
                0x1000207c       0x6e /tmp/ccSXqDCs.ltrans0.ltrans.o
 *fill*         0x100020ea        0x2 
 .text.usb_prepare_in_ep
                0x100020ec       0x88 /tmp/ccSXqDCs.ltrans0.ltrans.o
 .text.usbStartTransmitI
                0x10002174       0x28 /tmp/ccSXqDCs.ltrans0.ltrans.o
 .text.obnotify
                0x1000219c       0x32 /tmp/ccSXqDCs.ltrans0.ltrans.o
 *fill*         0x100021ce        0x2 
 .text._usb_ep0in
                0x100021d0       0xd8 /tmp/ccSXqDCs.ltrans0.ltrans.o
 .text._usb_ep0out
                0x100022a8       0xa0 /tmp/ccSXqDCs.ltrans0.ltrans.o
 .text.oled_write_char.constprop.0
                0x10002348       0xbc /tmp/ccSXqDCs.ltrans0.ltrans.o
 .text.oled_advance_page
                0x10002404       0x60 /tmp/ccSXqDCs.ltrans0.ltrans.o
 .text.wear_leveling_read.isra.0
                0x10002464       0x20 /tmp/ccSXqDCs.ltrans0.ltrans.o
 .text.eeprom_read_byte
                0x10002484       0x16 /tmp/ccSXqDCs.ltrans0.ltrans.o
 .text.eeprom_read_word
                0x1000249a       0x16 /tmp/ccSXqDCs.ltrans0.ltrans.o
 .text.backing_store_write_bulk
                0x100024b0       0x24 /tmp/ccSXqDCs.ltrans0.ltrans.o
 .text.wear_leveling_consolidate_force
                0x100024d4       0xc4 /tmp/ccSXqDCs.ltrans0.ltrans.o
 .text.wear_leveling_consolidate_if_needed
                0x10002598       0x20 /tmp/ccSXqDCs.ltrans0.ltrans.o
 .text.wear_leveling_append_raw
                0x100025b8       0x28 /tmp/ccSXqDCs.ltrans0.ltrans.o
 .text.wear_leveling_write.isra.0
                0x100025e0      0x120 /tmp/ccSXqDCs.ltrans0.ltrans.o
 .text.eeprom_update_dword.constprop.0
                0x10002700       0x24 /tmp/ccSXqDCs.ltrans0.ltrans.o
 .text.eeprom_update_byte
                0x10002724       0x1e /tmp/ccSXqDCs.ltrans0.ltrans.o
 *fill*         0x10002742        0x2 
 .text.persist_unicode_input_mode
                0x10002744       0x14 /tmp/ccSXqDCs.ltrans0.ltrans.o
 .text.eeprom_update_word
                0x10002758       0x1e /tmp/ccSXqDCs.ltrans0.ltrans.o
 *fill*         0x10002776        0x2 
 .text.oneshot_set
                0x10002778       0x30 /tmp/ccSXqDCs.ltrans0.ltrans.o
 .text.vt_set_alarm
                0x100027a8       0x4c /tmp/ccSXqDCs.ltrans0.ltrans.o
 .text.vt_insert_first
                0x100027f4       0x7c /tmp/ccSXqDCs.ltrans0.ltrans.o
 .text.chVTDoTickI
                0x10002870       0xe8 /tmp/ccSXqDCs.ltrans0.ltrans.o
 .text.__sch_ready_behind.isra.0
                0x10002958       0x1c /tmp/ccSXqDCs.ltrans0.ltrans.o
 .text.__sch_wakeup
                0x10002974       0x42 /tmp/ccSXqDCs.ltrans0.ltrans.o
 *fill*         0x100029b6        0x2 
 .text.chSchReadyI.isra.0
                0x100029b8       0x2c /tmp/ccSXqDCs.ltrans0.ltrans.o
 .text.usb_endpoint_out_rx_complete_cb
                0x100029e4       0x74 /tmp/ccSXqDCs.ltrans0.ltrans.o
 .text.usb_endpoint_in_tx_complete_cb
                0x10002a58       0xd2 /tmp/ccSXqDCs.ltrans0.ltrans.o
 .text.chThdResumeI
                0x10002b2a       0x16 /tmp/ccSXqDCs.ltrans0.ltrans.o
 .text._usb_ep0setup
                0x10002b40      0x3d8 /tmp/ccSXqDCs.ltrans0.ltrans.o
 .text.chThdDequeueAllI.constprop.0
                0x10002f18       0x1e /tmp/ccSXqDCs.ltrans0.ltrans.o
 .text.obqResetI
                0x10002f36       0x18 /tmp/ccSXqDCs.ltrans0.ltrans.o
 *fill*         0x10002f4e        0x2 
 .text.usb_event_cb
                0x10002f50      0x110 /tmp/ccSXqDCs.ltrans0.ltrans.o
 .text.oled_send_cmd
                0x10003060       0x16 /tmp/ccSXqDCs.ltrans0.ltrans.o
 *fill*         0x10003076        0x2 
 .text.oled_on.isra.0
                0x10003078       0x44 /tmp/ccSXqDCs.ltrans0.ltrans.o
 .text.oled_off.isra.0
                0x100030bc       0x30 /tmp/ccSXqDCs.ltrans0.ltrans.o
 .text.oled_render_dirty
                0x100030ec      0x170 /tmp/ccSXqDCs.ltrans0.ltrans.o
 .text.chSchGoSleepS
                0x1000325c       0x2c /tmp/ccSXqDCs.ltrans0.ltrans.o
 .text.chSchGoSleepTimeoutS
                0x10003288      0x128 /tmp/ccSXqDCs.ltrans0.ltrans.o
 .text.usb_get_midi
                0x100033b0      0x148 /tmp/ccSXqDCs.ltrans0.ltrans.o
 .text.oled_write.constprop.0
                0x100034f8       0x1a /tmp/ccSXqDCs.ltrans0.ltrans.o
 *fill*         0x10003512        0x2 
 .text.oled_render_boot
                0x10003514       0x5c /tmp/ccSXqDCs.ltrans0.ltrans.o
 .text.oled_task
                0x10003570      0x108 /tmp/ccSXqDCs.ltrans0.ltrans.o
 .text.expander_write.isra.0
                0x10003678       0x1a /tmp/ccSXqDCs.ltrans0.ltrans.o
 *fill*         0x10003692        0x2 
 .text.matrix_scan.isra.0
                0x10003694       0xdc /tmp/ccSXqDCs.ltrans0.ltrans.o
 .text.matrix_init_user
                0x10003770        0x2 /tmp/ccSXqDCs.ltrans0.ltrans.o
                0x10003770                __cpu_init
 *fill*         0x10003772        0x2 
 .text.__late_init
                0x10003774       0x30 /tmp/ccSXqDCs.ltrans0.ltrans.o
                0x10003774                __late_init
 .text.__early_init
                0x100037a4        0x2 /tmp/ccSXqDCs.ltrans0.ltrans.o
                0x100037a4                __early_init
 .text.__default_exit
                0x100037a6        0x2 /tmp/ccSXqDCs.ltrans0.ltrans.o
                0x100037a6                __default_exit
 .text.__init_ram_areas
                0x100037a8       0x44 /tmp/ccSXqDCs.ltrans0.ltrans.o
                0x100037a8                __init_ram_areas
 .text.__sch_reschedule_ahead
                0x100037ec       0x44 /tmp/ccSXqDCs.ltrans0.ltrans.o
                0x100037ec                chSchDoPreemption
 .text.chSchRescheduleS
                0x10003830       0x28 /tmp/ccSXqDCs.ltrans0.ltrans.o
 .text.send_report.isra.0
                0x10003858      0x180 /tmp/ccSXqDCs.ltrans0.ltrans.o
 .text.usb_send_func
                0x100039d8       0x62 /tmp/ccSXqDCs.ltrans0.ltrans.o
 .text.send_keyboard
                0x10003a3a        0xe /tmp/ccSXqDCs.ltrans0.ltrans.o
 .text.send_nkro
                0x10003a48        0xe /tmp/ccSXqDCs.ltrans0.ltrans.o
 .text.send_mouse
                0x10003a56        0xe /tmp/ccSXqDCs.ltrans0.ltrans.o
 .text.send_extra
                0x10003a64        0xe /tmp/ccSXqDCs.ltrans0.ltrans.o
 .text.chThdExit
                0x10003a72       0x16 /tmp/ccSXqDCs.ltrans0.ltrans.o
                0x10003a72                chThdExit
 .text.chThdSleep
                0x10003a88       0x16 /tmp/ccSXqDCs.ltrans0.ltrans.o
                0x10003a88                chThdSleep
 *fill*         0x10003a9e        0x2 
 .text.tap_code16
                0x10003aa0       0x2c /tmp/ccSXqDCs.ltrans0.ltrans.o
 .text.soft_reset_keyboard
                0x10003acc       0x30 /tmp/ccSXqDCs.ltrans0.ltrans.o
 .text.tap_code_delay
                0x10003afc       0x44 /tmp/ccSXqDCs.ltrans0.ltrans.o
 .text.tap_code
                0x10003b40       0x10 /tmp/ccSXqDCs.ltrans0.ltrans.o
 .text.perform_space_cadet.isra.0
                0x10003b50       0x94 /tmp/ccSXqDCs.ltrans0.ltrans.o
 .text.send_char_with_delay.constprop.0
                0x10003be4       0x9c /tmp/ccSXqDCs.ltrans0.ltrans.o
 .text.send_nibble_wrapper
                0x10003c80       0x44 /tmp/ccSXqDCs.ltrans0.ltrans.o
 .text.process_record
                0x10003cc4      0xb40 /tmp/ccSXqDCs.ltrans0.ltrans.o
 .text.waiting_buffer_scan_tap
                0x10004804       0x84 /tmp/ccSXqDCs.ltrans0.ltrans.o
 .text.process_tapping
                0x10004888      0x200 /tmp/ccSXqDCs.ltrans0.ltrans.o
 .text.action_exec
                0x10004a88       0xf4 /tmp/ccSXqDCs.ltrans0.ltrans.o
 .text.generate_tick_event
                0x10004b7c       0x30 /tmp/ccSXqDCs.ltrans0.ltrans.o
 .text.startup.main
                0x10004bac     0x1214 /tmp/ccSXqDCs.ltrans0.ltrans.o
                0x10004bac                main
 .text.NMI_Handler
                0x10005dc0       0x12 /tmp/ccSXqDCs.ltrans0.ltrans.o
                0x10005dc0                NMI_Handler
 .text.Vector7C
                0x10005dd2       0x20 /tmp/ccSXqDCs.ltrans0.ltrans.o
                0x10005dd2                Vector7C
 *fill*         0x10005df2        0x2 
 .text.Vector80
                0x10005df4       0x3c /tmp/ccSXqDCs.ltrans0.ltrans.o
                0x10005df4                Vector80
 .text.__port_spinlock_release
                0x10005e30       0x10 /tmp/ccSXqDCs.ltrans0.ltrans.o
                0x10005e30                __port_spinlock_release
 .text.i2cStart
                0x10005e40      0x11c /tmp/ccSXqDCs.ltrans0.ltrans.o
                0x10005e40                i2cStart
 .text.i2cStop  0x10005f5c       0xc4 /tmp/ccSXqDCs.ltrans0.ltrans.o
                0x10005f5c                i2cStop
 .text.i2cMasterTransmitTimeout
                0x10006020       0xc0 /tmp/ccSXqDCs.ltrans0.ltrans.o
                0x10006020                i2cMasterTransmitTimeout
 .text.Vector40
                0x100060e0       0x24 /tmp/ccSXqDCs.ltrans0.ltrans.o
                0x100060e0                Vector40
 .text.Vector44
                0x10006104       0x24 /tmp/ccSXqDCs.ltrans0.ltrans.o
                0x10006104                Vector44
 .text.Vector48
                0x10006128       0x28 /tmp/ccSXqDCs.ltrans0.ltrans.o
                0x10006128                Vector48
 .text.Vector4C
                0x10006150       0x28 /tmp/ccSXqDCs.ltrans0.ltrans.o
                0x10006150                Vector4C
 .text.VectorA0
                0x10006178      0x150 /tmp/ccSXqDCs.ltrans0.ltrans.o
                0x10006178                VectorA0
 .text.Vector54
                0x100062c8      0x2a8 /tmp/ccSXqDCs.ltrans0.ltrans.o
                0x100062c8                Vector54
 .text._fini    0x10006570        0x2 /tmp/ccSXqDCs.ltrans0.ltrans.o
                0x10006570                _fini
 *fill*         0x10006572        0x2 
 .text.i2c_epilogue
                0x10006574       0x20 .build/obj_davepad_default/i2c_master.a(i2c_master.o)
 .text.i2c_init
                0x10006594       0x54 .build/obj_davepad_default/i2c_master.a(i2c_master.o)
                0x10006594                i2c_init
 .text.i2c_transmit
                0x100065e8       0x64 .build/obj_davepad_default/i2c_master.a(i2c_master.o)
                0x100065e8                i2c_transmit
 .text.i2c_write_register
                0x1000664c       0xa0 .build/obj_davepad_default/i2c_master.a(i2c_master.o)
                0x1000664c                i2c_write_register
 .text.i2c_write_register16
                0x100066ec       0xa4 .build/obj_davepad_default/i2c_master.a(i2c_master.o)
                0x100066ec                i2c_write_register16
 .text.i2c_read_register16
                0x10006790       0x70 .build/obj_davepad_default/i2c_master.a(i2c_master.o)
                0x10006790                i2c_read_register16
 .text.memset   0x10006800       0x10 /usr/lib/gcc/arm-none-eabi/14.1.0/../../../../arm-none-eabi/lib/thumb/v6-m/nofp/libg_nano.a(libc_a-memset.o)
                0x10006800                memset
 .text.memcpy   0x10006810       0x12 /usr/lib/gcc/arm-none-eabi/14.1.0/../../../../arm-none-eabi/lib/thumb/v6-m/nofp/libg_nano.a(libc_a-memcpy-stub.o)
                0x10006810                memcpy
 .text.memcmp   0x10006822       0x1c /usr/lib/gcc/arm-none-eabi/14.1.0/../../../../arm-none-eabi/lib/thumb/v6-m/nofp/libg_nano.a(libc_a-memcmp.o)
                0x10006822                memcmp
 *fill*         0x1000683e        0x2 
 .text.memcmp.__stub
                0x10006840       0x80 linker stubs
 *(.glue_7t)
 .glue_7t       0x100068c0        0x0 linker stubs
 *(.glue_7)
 .glue_7        0x100068c0        0x0 linker stubs
 *(.gcc*)
                0x100068c0                        __text_end__ = .

.vfp11_veneer   0x100068c0        0x0
 .vfp11_veneer  0x100068c0        0x0 linker stubs

.v4_bx          0x100068c0        0x0
 .v4_bx         0x100068c0        0x0 linker stubs

.iplt           0x100068c0        0x0
 .iplt          0x100068c0        0x0 .build/obj_davepad_default/i2c_master.a(i2c_master.o)

.rodata         0x100068c0      0xe3c
                0x100068c0                        __rodata_base__ = .
 *(.rodata)
 .rodata        0x100068c0      0x100 /tmp/ccSXqDCs.ltrans0.ltrans.o
 *(.rodata.*)
 .rodata.oled_render_boot.str1.1
                0x100069c0       0x7f /tmp/ccSXqDCs.ltrans0.ltrans.o
                                 0x22 (size before relaxing)
 .rodata.oled_task.str1.1
                0x10006a3f       0x4d /tmp/ccSXqDCs.ltrans0.ltrans.o
 .rodata.Vector80.str1.1
                0x10006a3f        0xd /tmp/ccSXqDCs.ltrans0.ltrans.o
 .rodata.ProductString
                0x10006a3f       0x12 /tmp/ccSXqDCs.ltrans0.ltrans.o
 .rodata.ManufacturerString
                0x10006a51       0x1c /tmp/ccSXqDCs.ltrans0.ltrans.o
 .rodata.LanguageString
                0x10006a6d        0x4 /tmp/ccSXqDCs.ltrans0.ltrans.o
 .rodata.display_on.5
                0x10006a71        0x2 /tmp/ccSXqDCs.ltrans0.ltrans.o
 .rodata.display_off.4
                0x10006a73        0x2 /tmp/ccSXqDCs.ltrans0.ltrans.o
 .rodata.font   0x10006a75      0x540 /tmp/ccSXqDCs.ltrans0.ltrans.o
 .rodata.ascii_to_altgr_lut
                0x10006fb5       0x10 /tmp/ccSXqDCs.ltrans0.ltrans.o
 .rodata.ascii_to_shift_lut
                0x10006fc5       0x10 /tmp/ccSXqDCs.ltrans0.ltrans.o
 .rodata.ascii_to_keycode_lut
                0x10006fd5       0x80 /tmp/ccSXqDCs.ltrans0.ltrans.o
 *fill*         0x10007055        0x3 
 .rodata.ep0config
                0x10007058       0x1c /tmp/ccSXqDCs.ltrans0.ltrans.o
 .rodata.active_status
                0x10007074        0x2 /tmp/ccSXqDCs.ltrans0.ltrans.o
 .rodata.halted_status
                0x10007076        0x2 /tmp/ccSXqDCs.ltrans0.ltrans.o
 .rodata.zero_status
                0x10007078        0x2 /tmp/ccSXqDCs.ltrans0.ltrans.o
 *fill*         0x1000707a        0x2 
 .rodata.ram_areas
                0x1000707c       0x80 /tmp/ccSXqDCs.ltrans0.ltrans.o
 .rodata.usb_endpoint_interface_lut
                0x100070fc        0x4 /tmp/ccSXqDCs.ltrans0.ltrans.o
 .rodata.SharedReport
                0x10007100       0xb6 /tmp/ccSXqDCs.ltrans0.ltrans.o
 .rodata.KeyboardReport
                0x100071b6       0x44 /tmp/ccSXqDCs.ltrans0.ltrans.o
 .rodata.ConfigurationDescriptor
                0x100071fa       0x9f /tmp/ccSXqDCs.ltrans0.ltrans.o
 .rodata.DeviceDescriptor
                0x10007299       0x12 /tmp/ccSXqDCs.ltrans0.ltrans.o
 .rodata.CSWTCH.2
                0x100072ab        0x3 /tmp/ccSXqDCs.ltrans0.ltrans.o
 *fill*         0x100072ae        0x2 
 .rodata.CSWTCH.1
                0x100072b0        0xc /tmp/ccSXqDCs.ltrans0.ltrans.o
 .rodata.target_map.7
                0x100072bc        0x4 /tmp/ccSXqDCs.ltrans0.ltrans.o
 .rodata.source_map.8
                0x100072c0        0x4 /tmp/ccSXqDCs.ltrans0.ltrans.o
 .rodata.CSWTCH.12
                0x100072c4        0x4 /tmp/ccSXqDCs.ltrans0.ltrans.o
 .rodata.alarm_irqs
                0x100072c8       0x20 /tmp/ccSXqDCs.ltrans0.ltrans.o
 .rodata.str1.1
                0x100072e8        0x3 /tmp/ccSXqDCs.ltrans0.ltrans.o
 .rodata.ch_core0_cfg
                0x100072e8        0xc /tmp/ccSXqDCs.ltrans0.ltrans.o
 .rodata.usbcfg
                0x100072f4       0x10 /tmp/ccSXqDCs.ltrans0.ltrans.o
 .rodata.MATRIX_ROW_PINS
                0x10007304        0x4 /tmp/ccSXqDCs.ltrans0.ltrans.o
 .rodata.MATRIX_COL_PINS
                0x10007308        0x5 /tmp/ccSXqDCs.ltrans0.ltrans.o
 .rodata.display_setup2.11
                0x1000730d        0xd /tmp/ccSXqDCs.ltrans0.ltrans.o
 .rodata.display_flipped.12
                0x1000731a        0x5 /tmp/ccSXqDCs.ltrans0.ltrans.o
 .rodata.display_normal.13
                0x1000731f        0x5 /tmp/ccSXqDCs.ltrans0.ltrans.o
 .rodata.display_setup1.14
                0x10007324        0xb /tmp/ccSXqDCs.ltrans0.ltrans.o
 *fill*         0x1000732f        0x1 
 .rodata.encoders_pad_a
                0x10007330        0x8 /tmp/ccSXqDCs.ltrans0.ltrans.o
 .rodata.encoders_pad_b
                0x10007338        0x8 /tmp/ccSXqDCs.ltrans0.ltrans.o
 .rodata.encoder_LUT
                0x10007340       0x10 /tmp/ccSXqDCs.ltrans0.ltrans.o
 .rodata.keymaps
                0x10007350      0x280 /tmp/ccSXqDCs.ltrans0.ltrans.o
 .rodata.encoder_map
                0x100075d0       0x80 /tmp/ccSXqDCs.ltrans0.ltrans.o
 .rodata.CSWTCH.10
                0x10007650       0x36 /tmp/ccSXqDCs.ltrans0.ltrans.o
 .rodata.pairs.2
                0x10007686       0x1e /tmp/ccSXqDCs.ltrans0.ltrans.o
 .rodata.pairs.3
                0x100076a4        0x8 /tmp/ccSXqDCs.ltrans0.ltrans.o
 .rodata.pairs.4
                0x100076ac        0xa /tmp/ccSXqDCs.ltrans0.ltrans.o
 .rodata.qmk_logo.0
                0x100076b6       0x40 /tmp/ccSXqDCs.ltrans0.ltrans.o
 *fill*         0x100076f6        0x2 
 .rodata.i2cconfig
                0x100076f8        0x4 .build/obj_davepad_default/i2c_master.a(i2c_master.o)
                0x100076fc                        . = ALIGN (0x4)
                0x100076fc                        __rodata_end__ = .

.rel.dyn        0x100076fc        0x0
 .rel.iplt      0x100076fc        0x0 .build/obj_davepad_default/i2c_master.a(i2c_master.o)

.ARM.extab
 *(.ARM.extab* .gnu.linkonce.armextab.*)

.ARM.exidx      0x100076fc        0x0
                0x100076fc                        __exidx_base__ = .
                0x100076fc                        __exidx_start = .
 *(.ARM.exidx* .gnu.linkonce.armexidx.*)
                0x100076fc                        __exidx_end__ = .
                0x100076fc                        __exidx_end = .

.eh_frame_hdr
 *(.eh_frame_hdr)

.eh_frame
 *(.eh_frame)

.data           0x20000000      0xb54 load address 0x100076fc
                [!provide]                        PROVIDE (_textdata = LOADADDR (.data))
                [!provide]                        PROVIDE (_data = .)
                0x100076fc                        __textdata_base__ = LOADADDR (.data)
                0x20000000                        __data_base__ = .
 *(vtable)
 *(.time_critical*)
 .time_critical.flash_enable_xip_via_boot2
                0x20000000       0x18 /tmp/ccSXqDCs.ltrans0.ltrans.o
 .time_critical.flash_cs_force
                0x20000018       0x20 /tmp/ccSXqDCs.ltrans0.ltrans.o
 .time_critical.flash_was_aborted
                0x20000038       0x10 /tmp/ccSXqDCs.ltrans0.ltrans.o
 .time_critical.flash_init_boot2_copyout
                0x20000048       0x30 /tmp/ccSXqDCs.ltrans0.ltrans.o
 .time_critical.flash_range_erase
                0x20000078       0x60 /tmp/ccSXqDCs.ltrans0.ltrans.o
 .time_critical.flash_put_cmd_addr
                0x200000d8       0x24 /tmp/ccSXqDCs.ltrans0.ltrans.o
 .time_critical.flash_put_get
                0x200000fc       0x6c /tmp/ccSXqDCs.ltrans0.ltrans.o
 .time_critical._flash_do_cmd
                0x20000168       0x22 /tmp/ccSXqDCs.ltrans0.ltrans.o
 .time_critical.flash_wait_ready
                0x2000018a       0x22 /tmp/ccSXqDCs.ltrans0.ltrans.o
 .time_critical.flash_enable_write
                0x200001ac        0xe /tmp/ccSXqDCs.ltrans0.ltrans.o
 *fill*         0x200001ba        0x2 
 .time_critical.pico_program_bulk
                0x200001bc       0x94 /tmp/ccSXqDCs.ltrans0.ltrans.o
 .time_critical.__wrap___aeabi_idiv
                0x20000250       0x40 .build/obj_davepad_default/./lib/pico-sdk/src/rp2_common/pico_divider/divider.o
                0x20000250                __wrap___aeabi_idivmod
                0x20000250                divmod_s32s32
                0x20000250                div_s32s32
                0x20000250                __wrap___aeabi_idiv
                0x20000250                divmod_s32s32_unsafe
 .time_critical.__wrap___aeabi_uidiv
                0x20000290       0x3c .build/obj_davepad_default/./lib/pico-sdk/src/rp2_common/pico_divider/divider.o
                0x20000290                divmod_u32u32_unsafe
                0x20000290                __wrap___aeabi_uidiv
                0x20000290                __wrap___aeabi_uidivmod
                0x20000290                div_u32u32
                0x20000290                divmod_u32u32
 .time_critical.__wrap___aeabi_ldiv
                0x200002cc      0x3ec .build/obj_davepad_default/./lib/pico-sdk/src/rp2_common/pico_divider/divider.o
                0x200002cc                div_s64s64
                0x200002cc                divmod_s64s64
                0x200002cc                __wrap___aeabi_ldivmod
                0x200002e0                div_u64u64
                0x200002e0                divmod_u64u64
                0x200002e0                __wrap___aeabi_uldivmod
                0x200002f4                divmod_s64s64_unsafe
                0x2000037c                divmod_u64u64_unsafe
 .time_critical.__aeabi_lmul
                0x200006b8       0x32 .build/obj_davepad_default/./lib/pico-sdk/src/rp2_common/pico_int64_ops/pico_int64_ops_aeabi.o
                0x200006b8                __wrap___aeabi_lmul
 *fill*         0x200006ea        0x6 
 .time_critical.__aeabi_lmul.__stub
                0x200006f0       0x20 linker stubs
                0x20000710                        . = ALIGN (0x4)
 *fill*         0x20000710        0x0 
 *(.data)
 *(.data.*)
 .data.__compound_literal.7
                0x20000710       0x4c /tmp/ccSXqDCs.ltrans0.ltrans.o
 .data.__compound_literal.3
                0x2000075c       0x4c /tmp/ccSXqDCs.ltrans0.ltrans.o
 .data.__compound_literal.2
                0x200007a8       0x4c /tmp/ccSXqDCs.ltrans0.ltrans.o
 .data.__compound_literal.1.lto_priv.1
                0x200007f4       0x4c /tmp/ccSXqDCs.ltrans0.ltrans.o
 .data.__compound_literal.0.lto_priv.1
                0x20000840       0x4c /tmp/ccSXqDCs.ltrans0.ltrans.o
 .data.__compound_literal.8
                0x2000088c        0x4 /tmp/ccSXqDCs.ltrans0.ltrans.o
 .data.__compound_literal.4
                0x20000890       0x24 /tmp/ccSXqDCs.ltrans0.ltrans.o
 .data.__compound_literal.9
                0x200008b4       0x1c /tmp/ccSXqDCs.ltrans0.ltrans.o
 .data.__compound_literal.5
                0x200008d0       0x1c /tmp/ccSXqDCs.ltrans0.ltrans.o
 .data.display_start.10
                0x200008ec        0x7 /tmp/ccSXqDCs.ltrans0.ltrans.o
 *fill*         0x200008f3        0x1 
 .data.func     0x200008f4        0x4 /tmp/ccSXqDCs.ltrans0.ltrans.o
 .data.usb_endpoints_out
                0x200008f8       0x88 /tmp/ccSXqDCs.ltrans0.ltrans.o
 .data.chibios_driver
                0x20000980       0x14 /tmp/ccSXqDCs.ltrans0.ltrans.o
 .data.usb_endpoints_in
                0x20000994      0x1bc /tmp/ccSXqDCs.ltrans0.ltrans.o
 .data.keyboard_protocol
                0x20000b50        0x1 /tmp/ccSXqDCs.ltrans0.ltrans.o
 *(.ramtext)
                0x20000b54                        . = ALIGN (0x4)
 *fill*         0x20000b51        0x3 
                [!provide]                        PROVIDE (_edata = .)
                0x20000b54                        __data_end__ = .

.igot.plt       0x20000b54        0x0 load address 0x10008250
 .igot.plt      0x20000b54        0x0 .build/obj_davepad_default/i2c_master.a(i2c_master.o)

.bss            0x20000b54     0x1c6c load address 0x10008250
                0x20000b54                        __bss_base__ = .
 *(.bss)
 *(.bss.*)
 .bss.ep0_state
                0x20000b54       0x3c /tmp/ccSXqDCs.ltrans0.ltrans.o
 .bss.__compound_literal.12
                0x20000b90      0x110 /tmp/ccSXqDCs.ltrans0.ltrans.o
 .bss.__compound_literal.11
                0x20000ca0      0x110 /tmp/ccSXqDCs.ltrans0.ltrans.o
 .bss.__compound_literal.10
                0x20000db0       0x30 /tmp/ccSXqDCs.ltrans0.ltrans.o
 .bss.__compound_literal.6
                0x20000de0       0x90 /tmp/ccSXqDCs.ltrans0.ltrans.o
 .bss.__compound_literal.1.lto_priv.0
                0x20000e70       0x20 /tmp/ccSXqDCs.ltrans0.ltrans.o
 .bss.__compound_literal.0.lto_priv.0
                0x20000e90        0x8 /tmp/ccSXqDCs.ltrans0.ltrans.o
 .bss.debouncing_time
                0x20000e98        0x4 /tmp/ccSXqDCs.ltrans0.ltrans.o
 .bss.debouncing
                0x20000e9c        0x1 /tmp/ccSXqDCs.ltrans0.ltrans.o
 *fill*         0x20000e9d        0x1 
 .bss.sc_timer  0x20000e9e        0x2 /tmp/ccSXqDCs.ltrans0.ltrans.o
 .bss.oled_temp_buffer.6
                0x20000ea0        0x6 /tmp/ccSXqDCs.ltrans0.ltrans.o
 *fill*         0x20000ea6        0x2 
 .bss.boot2_copyout
                0x20000ea8      0x100 /tmp/ccSXqDCs.ltrans0.ltrans.o
 .bss.boot2_copyout_valid
                0x20000fa8        0x1 /tmp/ccSXqDCs.ltrans0.ltrans.o
 *fill*         0x20000fa9        0x3 
 .bss.report.2  0x20000fac       0x4c /tmp/ccSXqDCs.ltrans0.ltrans.o
 .bss.idle_rate.0
                0x20000ff8        0x1 /tmp/ccSXqDCs.ltrans0.ltrans.o
 .bss.keyboard_led_state
                0x20000ff9        0x1 /tmp/ccSXqDCs.ltrans0.ltrans.o
 *fill*         0x20000ffa        0x2 
 .bss.set_report_buf
                0x20000ffc        0x2 /tmp/ccSXqDCs.ltrans0.ltrans.o
 *fill*         0x20000ffe        0x2 
 .bss.descriptor.0
                0x20001000        0x8 /tmp/ccSXqDCs.ltrans0.ltrans.o
 .bss.last_consumer_usage
                0x20001008        0x2 /tmp/ccSXqDCs.ltrans0.ltrans.o
 .bss.last_system_usage
                0x2000100a        0x2 /tmp/ccSXqDCs.ltrans0.ltrans.o
 .bss.temp_buffer.9
                0x2000100c       0x20 /tmp/ccSXqDCs.ltrans0.ltrans.o
 .bss.oled_dirty
                0x2000102c        0x2 /tmp/ccSXqDCs.ltrans0.ltrans.o
 *fill*         0x2000102e        0x2 
 .bss.interrupts
                0x20001030        0x4 /tmp/ccSXqDCs.ltrans0.ltrans.o
 .bss.bulk_write_buffer.0
                0x20001034       0x80 /tmp/ccSXqDCs.ltrans0.ltrans.o
 .bss.configured_freq
                0x200010b4       0x28 /tmp/ccSXqDCs.ltrans0.ltrans.o
 .bss.st_callbacks
                0x200010dc       0x10 /tmp/ccSXqDCs.ltrans0.ltrans.o
 .bss.ch_memcore
                0x200010ec        0x8 /tmp/ccSXqDCs.ltrans0.ltrans.o
 .bss.ch_system
                0x200010f4       0x10 /tmp/ccSXqDCs.ltrans0.ltrans.o
 .bss.wear_leveling
                0x20001104     0x1008 /tmp/ccSXqDCs.ltrans0.ltrans.o
 .bss.BOOT2_ROM_RAM
                0x2000210c      0x100 /tmp/ccSXqDCs.ltrans0.ltrans.o
 .bss.ms_offset
                0x2000220c        0x4 /tmp/ccSXqDCs.ltrans0.ltrans.o
 .bss.last_ticks
                0x20002210        0x4 /tmp/ccSXqDCs.ltrans0.ltrans.o
 .bss.ticks_offset
                0x20002214        0x4 /tmp/ccSXqDCs.ltrans0.ltrans.o
 .bss.raw_matrix
                0x20002218        0x4 /tmp/ccSXqDCs.ltrans0.ltrans.o
 .bss.oled_scrolling
                0x2000221c        0x1 /tmp/ccSXqDCs.ltrans0.ltrans.o
 .bss.oled_active
                0x2000221d        0x1 /tmp/ccSXqDCs.ltrans0.ltrans.o
 .bss.oled_initialized
                0x2000221e        0x1 /tmp/ccSXqDCs.ltrans0.ltrans.o
 *fill*         0x2000221f        0x1 
 .bss.oled_timeout
                0x20002220        0x4 /tmp/ccSXqDCs.ltrans0.ltrans.o
 .bss.oled_rotation
                0x20002224        0x1 /tmp/ccSXqDCs.ltrans0.ltrans.o
 *fill*         0x20002225        0x3 
 .bss.driver.lto_priv.1
                0x20002228        0x4 /tmp/ccSXqDCs.ltrans0.ltrans.o
 .bss.event_queue
                0x2000222c       0x10 /tmp/ccSXqDCs.ltrans0.ltrans.o
 .bss.event_queue_tail
                0x2000223c        0x1 /tmp/ccSXqDCs.ltrans0.ltrans.o
 .bss.event_queue_head
                0x2000223d        0x1 /tmp/ccSXqDCs.ltrans0.ltrans.o
 .bss.last_suspend_state
                0x2000223e        0x1 /tmp/ccSXqDCs.ltrans0.ltrans.o
 *fill*         0x2000223f        0x1 
 .bss.USBD1     0x20002240       0xe4 /tmp/ccSXqDCs.ltrans0.ltrans.o
 .bss.matrix    0x20002324        0x4 /tmp/ccSXqDCs.ltrans0.ltrans.o
 .bss.debug_config
                0x20002328        0x1 /tmp/ccSXqDCs.ltrans0.ltrans.o
 .bss.matrix_previous.1
                0x20002329        0x4 /tmp/ccSXqDCs.ltrans0.ltrans.o
 .bss.encoder_pulses
                0x2000232d        0x2 /tmp/ccSXqDCs.ltrans0.ltrans.o
 .bss.encoder_state
                0x2000232f        0x2 /tmp/ccSXqDCs.ltrans0.ltrans.o
 .bss.thisCount
                0x20002331        0x1 /tmp/ccSXqDCs.ltrans0.ltrans.o
 .bss.encoder_events
                0x20002332        0x8 /tmp/ccSXqDCs.ltrans0.ltrans.o
 .bss.signal_queue_drain
                0x2000233a        0x1 /tmp/ccSXqDCs.ltrans0.ltrans.o
 *fill*         0x2000233b        0x1 
 .bss.last_timer_w
                0x2000233c        0x2 /tmp/ccSXqDCs.ltrans0.ltrans.o
 .bss.last_timer_c
                0x2000233e        0x2 /tmp/ccSXqDCs.ltrans0.ltrans.o
 .bss.midi_device
                0x20002340      0x114 /tmp/ccSXqDCs.ltrans0.ltrans.o
 .bss.last_led_status.0
                0x20002454        0x1 /tmp/ccSXqDCs.ltrans0.ltrans.o
 *fill*         0x20002455        0x3 
 .bss.report.1  0x20002458       0x4c /tmp/ccSXqDCs.ltrans0.ltrans.o
 .bss.run_idle_task
                0x200024a4        0x1 /tmp/ccSXqDCs.ltrans0.ltrans.o
 *fill*         0x200024a5        0x1 
 .bss.last_tick.0
                0x200024a6        0x2 /tmp/ccSXqDCs.ltrans0.ltrans.o
 .bss.last_report.0
                0x200024a8       0x20 /tmp/ccSXqDCs.ltrans0.ltrans.o
 .bss.driver.lto_priv.0
                0x200024c8        0x4 /tmp/ccSXqDCs.ltrans0.ltrans.o
 .bss.last_report.1
                0x200024cc        0x8 /tmp/ccSXqDCs.ltrans0.ltrans.o
 .bss.encoder_source_layers_cache
                0x200024d4        0x4 /tmp/ccSXqDCs.ltrans0.ltrans.o
 .bss.source_layers_cache
                0x200024d8        0xc /tmp/ccSXqDCs.ltrans0.ltrans.o
 .bss.mousekey_accel
                0x200024e4        0x1 /tmp/ccSXqDCs.ltrans0.ltrans.o
 .bss.mousekey_wheel_repeat
                0x200024e5        0x1 /tmp/ccSXqDCs.ltrans0.ltrans.o
 .bss.mousekey_repeat
                0x200024e6        0x1 /tmp/ccSXqDCs.ltrans0.ltrans.o
 .bss.mouse_report
                0x200024e7        0x6 /tmp/ccSXqDCs.ltrans0.ltrans.o
 .bss.registered_repeat_count.0
                0x200024ed        0x1 /tmp/ccSXqDCs.ltrans0.ltrans.o
 .bss.registered_record.1
                0x200024ee        0xa /tmp/ccSXqDCs.ltrans0.ltrans.o
 .bss.registered_repeat_count.5
                0x200024f8        0x1 /tmp/ccSXqDCs.ltrans0.ltrans.o
 .bss.last_repeat_count
                0x200024f9        0x1 /tmp/ccSXqDCs.ltrans0.ltrans.o
 .bss.registered_record.6
                0x200024fa        0xa /tmp/ccSXqDCs.ltrans0.ltrans.o
 .bss.last_mods
                0x20002504        0x1 /tmp/ccSXqDCs.ltrans0.ltrans.o
 *fill*         0x20002505        0x1 
 .bss.last_record
                0x20002506        0xa /tmp/ccSXqDCs.ltrans0.ltrans.o
 .bss.processing_repeat_count
                0x20002510        0x1 /tmp/ccSXqDCs.ltrans0.ltrans.o
 .bss.unicode_saved_mods
                0x20002511        0x1 /tmp/ccSXqDCs.ltrans0.ltrans.o
 .bss.unicode_saved_led_state
                0x20002512        0x1 /tmp/ccSXqDCs.ltrans0.ltrans.o
 .bss.unicode_config
                0x20002513        0x1 /tmp/ccSXqDCs.ltrans0.ltrans.o
 .bss.sc_last   0x20002514        0x1 /tmp/ccSXqDCs.ltrans0.ltrans.o
 .bss.grave_esc_was_shifted
                0x20002515        0x1 /tmp/ccSXqDCs.ltrans0.ltrans.o
 .bss.real_mods
                0x20002516        0x1 /tmp/ccSXqDCs.ltrans0.ltrans.o
 .bss.oneshot_mods
                0x20002517        0x1 /tmp/ccSXqDCs.ltrans0.ltrans.o
 .bss.oneshot_locked_mods
                0x20002518        0x1 /tmp/ccSXqDCs.ltrans0.ltrans.o
 *fill*         0x20002519        0x1 
 .bss.default_layer_state
                0x2000251a        0x2 /tmp/ccSXqDCs.ltrans0.ltrans.o
 .bss.layer_state
                0x2000251c        0x2 /tmp/ccSXqDCs.ltrans0.ltrans.o
 .bss.oneshot_layer_data
                0x2000251e        0x1 /tmp/ccSXqDCs.ltrans0.ltrans.o
 *fill*         0x2000251f        0x1 
 .bss.keymap_config
                0x20002520        0x2 /tmp/ccSXqDCs.ltrans0.ltrans.o
 .bss.weak_mods
                0x20002522        0x1 /tmp/ccSXqDCs.ltrans0.ltrans.o
 .bss.waiting_buffer_head
                0x20002523        0x1 /tmp/ccSXqDCs.ltrans0.ltrans.o
 .bss.waiting_buffer_tail
                0x20002524        0x1 /tmp/ccSXqDCs.ltrans0.ltrans.o
 *fill*         0x20002525        0x1 
 .bss.waiting_buffer
                0x20002526       0x50 /tmp/ccSXqDCs.ltrans0.ltrans.o
 .bss.tapping_key
                0x20002576        0xa /tmp/ccSXqDCs.ltrans0.ltrans.o
 .bss.oled_cursor
                0x20002580        0x4 /tmp/ccSXqDCs.ltrans0.ltrans.o
 .bss.oled_buffer
                0x20002584      0x200 /tmp/ccSXqDCs.ltrans0.ltrans.o
 .bss.oled_rotation_width
                0x20002784        0x1 /tmp/ccSXqDCs.ltrans0.ltrans.o
 .bss.is_initialised.0
                0x20002785        0x1 .build/obj_davepad_default/i2c_master.a(i2c_master.o)
 *(COMMON)
 *fill*         0x20002786        0x2 
 COMMON         0x20002788       0x38 /tmp/ccSXqDCs.ltrans0.ltrans.o
                0x20002788                I2CD1
                0x200027c0                        . = ALIGN (0x4)
                0x200027c0                        __bss_end__ = .
                [!provide]                        PROVIDE (end = .)
                0x20000000                        __ram0_base__ = ORIGIN (ram0)
                0x00040000                        __ram0_size__ = LENGTH (ram0)
                0x20040000                        __ram0_end__ = (__ram0_base__ + __ram0_size__)
                0x00000000                        __ram1_base__ = ORIGIN (ram1)
                0x00040000                        __ram1_size__ = LENGTH (ram1)
                0x00040000                        __ram1_end__ = (__ram1_base__ + __ram1_size__)
                0x00000000                        __ram2_base__ = ORIGIN (ram2)
                0x00000000                        __ram2_size__ = LENGTH (ram2)
                0x00000000                        __ram2_end__ = (__ram2_base__ + __ram2_size__)
                0x00000000                        __ram3_base__ = ORIGIN (ram3)
                0x00000000                        __ram3_size__ = LENGTH (ram3)
                0x00000000                        __ram3_end__ = (__ram3_base__ + __ram3_size__)
                0x20040000                        __ram4_base__ = ORIGIN (ram4)
                0x00001000                        __ram4_size__ = LENGTH (ram4)
                0x20041000                        __ram4_end__ = (__ram4_base__ + __ram4_size__)
                0x20041000                        __ram5_base__ = ORIGIN (ram5)
                0x00001000                        __ram5_size__ = LENGTH (ram5)
                0x20042000                        __ram5_end__ = (__ram5_base__ + __ram5_size__)
                0x00000000                        __ram6_base__ = ORIGIN (ram6)
                0x00000000                        __ram6_size__ = LENGTH (ram6)
                0x00000000                        __ram6_end__ = (__ram6_base__ + __ram6_size__)
                0x20041f00                        __ram7_base__ = ORIGIN (ram7)
                0x00000100                        __ram7_size__ = LENGTH (ram7)
                0x20042000                        __ram7_end__ = (__ram7_base__ + __ram7_size__)
                0x00000000                        __flash0_base__ = ORIGIN (flash0)
                0x00004000                        __flash0_size__ = LENGTH (flash0)
                0x00004000                        __flash0_end__ = (__flash0_base__ + __flash0_size__)
                0x10000000                        __flash1_base__ = ORIGIN (flash1)
                0x00200000                        __flash1_size__ = LENGTH (flash1)
                0x10200000                        __flash1_end__ = (__flash1_base__ + __flash1_size__)
                0x00000000                        __flash2_base__ = ORIGIN (flash2)
                0x00000000                        __flash2_size__ = LENGTH (flash2)
                0x00000000                        __flash2_end__ = (__flash2_base__ + __flash2_size__)
                0x00000000                        __flash3_base__ = ORIGIN (flash3)
                0x00000000                        __flash3_size__ = LENGTH (flash3)
                0x00000000                        __flash3_end__ = (__flash3_base__ + __flash3_size__)
                0x00000000                        __flash4_base__ = ORIGIN (flash4)
                0x00000000                        __flash4_size__ = LENGTH (flash4)
                0x00000000                        __flash4_end__ = (__flash4_base__ + __flash4_size__)
                0x00000000                        __flash5_base__ = ORIGIN (flash5)
                0x00000000                        __flash5_size__ = LENGTH (flash5)
                0x00000000                        __flash5_end__ = (__flash5_base__ + __flash5_size__)
                0x00000000                        __flash6_base__ = ORIGIN (flash6)
                0x00000000                        __flash6_size__ = LENGTH (flash6)
                0x00000000                        __flash6_end__ = (__flash6_base__ + __flash6_size__)
                0x00000000                        __flash7_base__ = ORIGIN (flash7)
                0x00000000                        __flash7_size__ = LENGTH (flash7)
                0x00000000                        __flash7_end__ = (__flash7_base__ + __flash7_size__)

.ram0_init      0x200027c0        0x0 load address 0x10008250
                0x10008250                        __ram0_init_text__ = LOADADDR (.ram0_init)
                0x200027c0                        __ram0_init__ = .
 *(.ram0_init)
 *(.ram0_init.*)
                0x200027c0                        . = ALIGN (0x4)

.ram0           0x200027c0        0x4 load address 0x10008250
                0x200027c0                        __ram0_clear__ = .
 *(.ram0_clear)
 *(.ram0_clear.*)
                0x200027c0                        . = ALIGN (0x4)
                0x200027c0                        __ram0_noinit__ = .
 *(.ram0)
 *(.ram0.*)
 .ram0.bootloader_magic
                0x200027c0        0x4 /tmp/ccSXqDCs.ltrans0.ltrans.o
                0x200027c4                        . = ALIGN (0x4)
                0x200027c4                        __ram0_free__ = .

.ram1_init      0x00000000        0x0 load address 0x10008250
                0x10008250                        __ram1_init_text__ = LOADADDR (.ram1_init)
                0x00000000                        __ram1_init__ = .
 *(.ram1_init)
 *(.ram1_init.*)
                0x00000000                        . = ALIGN (0x4)

.ram1           0x00000000        0x0 load address 0x10008250
                0x00000000                        __ram1_clear__ = .
 *(.ram1_clear)
 *(.ram1_clear.*)
                0x00000000                        . = ALIGN (0x4)
                0x00000000                        __ram1_noinit__ = .
 *(.ram1)
 *(.ram1.*)
                0x00000000                        . = ALIGN (0x4)
                0x00000000                        __ram1_free__ = .

.ram2_init      0x00000000        0x0 load address 0x10008250
                0x10008250                        __ram2_init_text__ = LOADADDR (.ram2_init)
                0x00000000                        __ram2_init__ = .
 *(.ram2_init)
 *(.ram2_init.*)
                0x00000000                        . = ALIGN (0x4)

.ram2           0x00000000        0x0 load address 0x10008250
                0x00000000                        __ram2_clear__ = .
 *(.ram2_clear)
 *(.ram2_clear.*)
                0x00000000                        . = ALIGN (0x4)
                0x00000000                        __ram2_noinit__ = .
 *(.ram2)
 *(.ram2.*)
                0x00000000                        . = ALIGN (0x4)
                0x00000000                        __ram2_free__ = .

.ram3_init      0x00000000        0x0 load address 0x10008250
                0x10008250                        __ram3_init_text__ = LOADADDR (.ram3_init)
                0x00000000                        __ram3_init__ = .
 *(.ram3_init)
 *(.ram3_init.*)
                0x00000000                        . = ALIGN (0x4)

.ram3           0x00000000        0x0 load address 0x10008250
                0x00000000                        __ram3_clear__ = .
 *(.ram3_clear)
 *(.ram3_clear.*)
                0x00000000                        . = ALIGN (0x4)
                0x00000000                        __ram3_noinit__ = .
 *(.ram3)
 *(.ram3.*)
                0x00000000                        . = ALIGN (0x4)
                0x00000000                        __ram3_free__ = .

.ram4_init      0x20040c00        0x0 load address 0x10008250
                0x10008250                        __ram4_init_text__ = LOADADDR (.ram4_init)
                0x20040c00                        __ram4_init__ = .
 *(.ram4_init)
 *(.ram4_init.*)
                0x20040c00                        . = ALIGN (0x4)

.ram4           0x20040c00      0x120 load address 0x10008250
                0x20040c00                        __ram4_clear__ = .
 *(.ram4_clear)
 *(.ram4_clear.*)
 .ram4_clear.core0
                0x20040c00      0x120 /tmp/ccSXqDCs.ltrans0.ltrans.o
                0x20040d20                        . = ALIGN (0x4)
                0x20040d20                        __ram4_noinit__ = .
 *(.ram4)
 *(.ram4.*)
                0x20040d20                        . = ALIGN (0x4)
                0x20040d20                        __ram4_free__ = .

.ram5_init      0x20041c00        0x0 load address 0x10008250
                0x10008250                        __ram5_init_text__ = LOADADDR (.ram5_init)
                0x20041c00                        __ram5_init__ = .
 *(.ram5_init)
 *(.ram5_init.*)
                0x20041c00                        . = ALIGN (0x4)

.ram5           0x20041c00        0x0 load address 0x10008250
                0x20041c00                        __ram5_clear__ = .
 *(.ram5_clear)
 *(.ram5_clear.*)
                0x20041c00                        . = ALIGN (0x4)
                0x20041c00                        __ram5_noinit__ = .
 *(.ram5)
 *(.ram5.*)
                0x20041c00                        . = ALIGN (0x4)
                0x20041c00                        __ram5_free__ = .

.ram6_init      0x00000000        0x0 load address 0x10008250
                0x10008250                        __ram6_init_text__ = LOADADDR (.ram6_init)
                0x00000000                        __ram6_init__ = .
 *(.ram6_init)
 *(.ram6_init.*)
                0x00000000                        . = ALIGN (0x4)

.ram6           0x00000000        0x0 load address 0x10008250
                0x00000000                        __ram6_clear__ = .
 *(.ram6_clear)
 *(.ram6_clear.*)
                0x00000000                        . = ALIGN (0x4)
                0x00000000                        __ram6_noinit__ = .
 *(.ram6)
 *(.ram6.*)
                0x00000000                        . = ALIGN (0x4)
                0x00000000                        __ram6_free__ = .

.ram7_init      0x20041f00        0x0 load address 0x10008250
                0x10008250                        __ram7_init_text__ = LOADADDR (.ram7_init)
                0x20041f00                        __ram7_init__ = .
 *(.ram7_init)
 *(.ram7_init.*)
                0x20041f00                        . = ALIGN (0x4)

.ram7           0x20041f00        0x0 load address 0x10008250
                0x20041f00                        __ram7_clear__ = .
 *(.ram7_clear)
 *(.ram7_clear.*)
                0x20041f00                        . = ALIGN (0x4)
                0x20041f00                        __ram7_noinit__ = .
 *(.ram7)
 *(.ram7.*)
                0x20041f00                        . = ALIGN (0x4)
                0x20041f00                        __ram7_free__ = .

.flash0         0x00000000        0x0
                0x00000000                        __flash0_init__ = .
 *(.flash0_init)
 *(.flash0_init.*)
                0x00000000                        __flash0_free__ = .

.flash1         0x10008250        0x0
                0x10008250                        __flash1_init__ = .
 *(.flash1_init)
 *(.flash1_init.*)
                0x10008250                        __flash1_free__ = .

.flash2         0x00000000        0x0
                0x00000000                        __flash2_init__ = .
 *(.flash2_init)
 *(.flash2_init.*)
                0x00000000                        __flash2_free__ = .

.flash3         0x00000000        0x0
                0x00000000                        __flash3_init__ = .
 *(.flash3_init)
 *(.flash3_init.*)
                0x00000000                        __flash3_free__ = .

.flash4         0x00000000        0x0
                0x00000000                        __flash4_init__ = .
 *(.flash4_init)
 *(.flash4_init.*)
                0x00000000                        __flash4_free__ = .

.flash5         0x00000000        0x0
                0x00000000                        __flash5_init__ = .
 *(.flash5_init)
 *(.flash5_init.*)
                0x00000000                        __flash5_free__ = .

.flash6         0x00000000        0x0
                0x00000000                        __flash6_init__ = .
 *(.flash6_init)
 *(.flash6_init.*)
                0x00000000                        __flash6_free__ = .

.flash7         0x00000000        0x0
                0x00000000                        __flash7_init__ = .
 *(.flash7_init)
 *(.flash7_init.*)
                0x00000000                        __flash7_free__ = .

.heap           0x200027c4    0x3d83c
                0x200027c8                        . = ALIGN (0x8)
 *fill*         0x200027c4        0x4 
                0x200027c8                        __heap_base__ = .
                0x20040000                        . = (ORIGIN (HEAP_RAM) + LENGTH (HEAP_RAM))
 *fill*         0x200027c8    0x3d838 
                0x20040000                        __heap_end__ = .

.flash_end      0x10008250        0x0
                0x10008250                        __flash_binary_end = .
OUTPUT(.build/davepad_default.elf elf32-littlearm)
LOAD linker stubs

.debug_info     0x00000000    0x633e2
 .debug_info    0x00000000    0x11109 /tmp/ccSXqDCs.ltrans0.ltrans.o
 .debug_info    0x00011109      0x423 /tmp/cc7plmk8.debug.temp.o
                0x00011109                matrix.c.27285747
 .debug_info    0x0001152c     0x28e1 /tmp/cclRuhfr.debug.temp.o
                0x0001152c                keymap_introspection.c.03d68be2
 .debug_info    0x00013e0d     0x2d27 /tmp/cc6VIEp8.debug.temp.o
                0x00013e0d                quantum.c.6a40f80c
 .debug_info    0x00016b34      0x1d4 /tmp/ccS5e8Qt.debug.temp.o
                0x00016b34                bitwise.c.cbb2759a
 .debug_info    0x00016d08      0x2f4 /tmp/ccgCImyJ.debug.temp.o
                0x00016d08                led.c.577ec20d
 .debug_info    0x00016ffc     0x32c8 /tmp/cc3HdLB0.debug.temp.o
                0x00016ffc                action.c.1cdd578e
 .debug_info    0x0001a2c4      0x82b /tmp/ccJFF37Q.debug.temp.o
                0x0001a2c4                action_layer.c.16005a00
 .debug_info    0x0001aaef     0x295a /tmp/cc48289p.debug.temp.o
                0x0001aaef                action_tapping.c.7df56c02
 .debug_info    0x0001d449      0x6c5 /tmp/cc7FpVTz.debug.temp.o
                0x0001d449                action_util.c.d1afe59e
 .debug_info    0x0001db0e      0x35f /tmp/ccx6LRmu.debug.temp.o
                0x0001db0e                eeconfig.c.970bdd3a
 .debug_info    0x0001de6d      0x806 /tmp/ccLjBC5V.debug.temp.o
                0x0001de6d                keyboard.c.6ef24668
 .debug_info    0x0001e673     0x2b46 /tmp/cc9WferG.debug.temp.o
                0x0001e673                keymap_common.c.ac7aeab0
 .debug_info    0x000211b9     0x24de /tmp/ccWpFDvq.debug.temp.o
                0x000211b9                keycode_config.c.da00ecce
 .debug_info    0x00023697      0x113 /tmp/ccOV5m5M.debug.temp.o
                0x00023697                debug.c.7c9d385d
 .debug_info    0x000237aa       0xb3 /tmp/ccysNUKp.debug.temp.o
                0x000237aa                sendchar.c.70a63068
 .debug_info    0x0002385d      0x113 /tmp/ccVXcwC8.debug.temp.o
                0x0002385d                print.c.67931c22
 .debug_info    0x00023970      0x24b /tmp/ccxIYkbG.debug.temp.o
                0x00023970                sym_defer_g.c.721ea9e6
 .debug_info    0x00023bbb       0xcd /tmp/cca9YR0Z.debug.temp.o
                0x00023bbb                main.c.e790204a
 .debug_info    0x00023c88      0x7f4 /tmp/cc41ggKY.debug.temp.o
                0x00023c88                printf.c.912f186a
 .debug_info    0x0002447c      0x962 /tmp/ccfqo5oW.debug.temp.o
                0x0002447c                midi.c.0441e54a
 .debug_info    0x00024dde      0x621 /tmp/cco9jGb7.debug.temp.o
                0x00024dde                midi_device.c.5f2e2984
 .debug_info    0x000253ff      0x64d /tmp/cckOMpxh.debug.temp.o
                0x000253ff                qmk_midi.c.0879f26e
 .debug_info    0x00025a4c      0x1ed /tmp/ccuBByZW.debug.temp.o
                0x00025a4c                bytequeue.c.5b64d9cd
 .debug_info    0x00025c39      0x426 /tmp/ccpYoNIT.debug.temp.o
                0x00025c39                interrupt_setting.c.79c5a494
 .debug_info    0x0002605f      0x3ac /tmp/ccKcbAZw.debug.temp.o
                0x0002605f                process_midi.c.379729eb
 .debug_info    0x0002640b      0x31d /tmp/ccZBU9AY.debug.temp.o
                0x0002640b                eeprom_driver.c.7fb7c787
 .debug_info    0x00026728      0x1a2 /tmp/cc27InRY.debug.temp.o
                0x00026728                eeprom_wear_leveling.c.5833ec3b
 .debug_info    0x000268ca      0x70c /tmp/ccqeopTT.debug.temp.o
                0x000268ca                wear_leveling.c.6c34dcb9
 .debug_info    0x00026fd6      0x86b /tmp/cchuop66.debug.temp.o
                0x00026fd6                wear_leveling_rp2040_flash.c.42a38802
 .debug_info    0x00027841      0x11e /tmp/ccx4cmPa.debug.temp.o
                0x00027841                hash_64a.c.8961f02a
 .debug_info    0x0002795f      0xb14 /tmp/cc8yAUjM.debug.temp.o
                0x0002795f                oled_driver.c.b4a067a6
 .debug_info    0x00028473      0x3f2 /tmp/cc57IHLu.debug.temp.o
                0x00028473                process_unicode.c.01f48c8a
 .debug_info    0x00028865     0x25d9 /tmp/cc4VXkhU.debug.temp.o
                0x00028865                process_unicode_common.c.1500b282
 .debug_info    0x0002ae3e     0x282b /tmp/ccLxkIxJ.debug.temp.o
                0x0002ae3e                unicode.c.252f4ce8
 .debug_info    0x0002d669     0x27e0 /tmp/ccB2hIiV.debug.temp.o
                0x0002d669                encoder.c.ba822bd2
 .debug_info    0x0002fe49      0x7ea /tmp/cc7a1Svm.debug.temp.o
                0x0002fe49                encoder_quadrature.c.6a409852
 .debug_info    0x00030633      0x163 /tmp/ccjTg4r8.debug.temp.o
                0x00030633                bootmagic.c.54216f7a
 .debug_info    0x00030796     0x25d6 /tmp/ccNbyI2K.debug.temp.o
                0x00030796                process_grave_esc.c.93c0e3c8
 .debug_info    0x00032d6c     0x263f /tmp/ccl2Xd57.debug.temp.o
                0x00032d6c                process_magic.c.78434391
 .debug_info    0x000353ab     0x26b4 /tmp/ccmqhubO.debug.temp.o
                0x000353ab                mousekey.c.42babb5a
 .debug_info    0x00037a5f     0x27e4 /tmp/ccheXwu3.debug.temp.o
                0x00037a5f                process_repeat_key.c.92ad1756
 .debug_info    0x0003a243     0x296b /tmp/ccQ28WoE.debug.temp.o
                0x0003a243                repeat_key.c.f8a733a2
 .debug_info    0x0003cbae     0x2694 /tmp/ccQGDgeD.debug.temp.o
                0x0003cbae                send_string.c.28c17a06
 .debug_info    0x0003f242     0x25bc /tmp/cc9cucPM.debug.temp.o
                0x0003f242                process_space_cadet.c.60166d14
 .debug_info    0x000417fe      0x609 /tmp/ccCqljfW.debug.temp.o
                0x000417fe                host.c.95d69315
 .debug_info    0x00041e07     0x2748 /tmp/ccGF0lXM.debug.temp.o
                0x00041e07                report.c.8b391940
 .debug_info    0x0004454f      0x17f /tmp/ccZxgwKA.debug.temp.o
                0x0004454f                usb_device_state.c.5d89530d
 .debug_info    0x000446ce      0x101 /tmp/ccs6fe2O.debug.temp.o
                0x000446ce                suspend.c.8d30850f
 .debug_info    0x000447cf       0x93 /tmp/ccHNnxIz.debug.temp.o
                0x000447cf                platform.c.d5ef75b9
 .debug_info    0x00044862      0x156 /tmp/ccNyB9Ah.debug.temp.o
                0x00044862                suspend.c.0bf94433
 .debug_info    0x000449b8      0x50f /tmp/ccKEFhGu.debug.temp.o
                0x000449b8                timer.c.0d39dbe2
 .debug_info    0x00044ec7      0x276 /tmp/ccugxiLn.debug.temp.o
                0x00044ec7                rp2040.c.e1600cda
 .debug_info    0x0004513d     0x23f2 /tmp/cc8cvpaw.debug.temp.o
                0x0004513d                usb_main.c.3834c5ce
 .debug_info    0x0004752f      0xf71 /tmp/ccf6kSbI.debug.temp.o
                0x0004752f                chibios.c.9e781c87
 .debug_info    0x000484a0      0xb74 /tmp/ccoTIrRB.debug.temp.o
                0x000484a0                usb_descriptor.c.68ecd8ad
 .debug_info    0x00049014     0x189d /tmp/ccRRRJaq.debug.temp.o
                0x00049014                usb_driver.c.59144bd0
 .debug_info    0x0004a8b1     0x11d8 /tmp/ccJffph2.debug.temp.o
                0x0004a8b1                usb_endpoints.c.ccdec585
 .debug_info    0x0004ba89     0x18cb /tmp/ccGoqzLv.debug.temp.o
                0x0004ba89                usb_report_handling.c.03cfd16d
 .debug_info    0x0004d354      0x29d /tmp/ccgPzYsF.debug.temp.o
                0x0004d354                crt1.c.b54a2ffb
 .debug_info    0x0004d5f1     0x1171 /tmp/ccFeCRPO.debug.temp.o
                0x0004d5f1                chsys.c.6cdaccab
 .debug_info    0x0004e762      0x6f8 /tmp/ccMMhrBs.debug.temp.o
                0x0004e762                chrfcu.c.73b035d0
 .debug_info    0x0004ee5a     0x1073 /tmp/ccpKQkBh.debug.temp.o
                0x0004ee5a                chvt.c.fab5d8fa
 .debug_info    0x0004fecd      0xf8d /tmp/cc4W1SkU.debug.temp.o
                0x0004fecd                chschd.c.61f6675a
 .debug_info    0x00050e5a      0xbe2 /tmp/ccRZhIn4.debug.temp.o
                0x00050e5a                chinstances.c.d0b16df5
 .debug_info    0x00051a3c     0x11ac /tmp/ccAJl7ce.debug.temp.o
                0x00051a3c                chthreads.c.70246aca
 .debug_info    0x00052be8      0xd61 /tmp/cc1Xjl44.debug.temp.o
                0x00052be8                chmtx.c.8a1044ac
 .debug_info    0x00053949      0xee7 /tmp/ccqV6iHD.debug.temp.o
                0x00053949                chcore.c.e33045fd
 .debug_info    0x00054830      0x5b6 /tmp/cctZIxxg.debug.temp.o
                0x00054830                chmemcore.c.5f5d4416
 .debug_info    0x00054de6       0xb7 /tmp/ccKBZpOJ.debug.temp.o
                0x00054de6                hal.c.b7c29977
 .debug_info    0x00054e9d      0x811 /tmp/ccDc985b.debug.temp.o
                0x00054e9d                hal_st.c.4d425f84
 .debug_info    0x000556ae      0xc40 /tmp/ccYK1Awv.debug.temp.o
                0x000556ae                hal_buffers.c.e80b06f8
 .debug_info    0x000562ee     0x1844 /tmp/ccipYc1N.debug.temp.o
                0x000562ee                hal_i2c.c.d2b6a35d
 .debug_info    0x00057b32     0x1c77 /tmp/ccaGycdf.debug.temp.o
                0x00057b32                hal_usb.c.4c6bb664
 .debug_info    0x000597a9      0x2e9 /tmp/ccefFbuQ.debug.temp.o
                0x000597a9                nvic.c.7929d5db
 .debug_info    0x00059a92      0x1da /tmp/ccaVPHd5.debug.temp.o
                0x00059a92                hal_lld.c.6b933e26
 .debug_info    0x00059c6c       0xf5 /tmp/ccZWN4sR.debug.temp.o
                0x00059c6c                hal_pal_lld.c.6a0d09dc
 .debug_info    0x00059d61      0x960 /tmp/cc9wZ2Ju.debug.temp.o
                0x00059d61                hal_st_lld.c.260f68d3
 .debug_info    0x0005a6c1     0x1be6 /tmp/ccBGkZZd.debug.temp.o
                0x0005a6c1                hal_i2c_lld.c.81cfe1cc
 .debug_info    0x0005c2a7     0x1da7 /tmp/ccQ4GtiJ.debug.temp.o
                0x0005c2a7                hal_usb_lld.c.4a146d52
 .debug_info    0x0005e04e      0xb4a /tmp/ccjNXHHv.debug.temp.o
                0x0005e04e                syscalls.c.35914824
 .debug_info    0x0005eb98      0xbeb /tmp/cchHGfpe.debug.temp.o
                0x0005eb98                syscall_fallbacks.c.1be05743
 .debug_info    0x0005f783      0x786 /tmp/ccVgVUUh.debug.temp.o
                0x0005f783                clocks.c.a396e2bd
 .debug_info    0x0005ff09      0x26c /tmp/ccFF34HX.debug.temp.o
                0x0005ff09                pll.c.ebf8a3f9
 .debug_info    0x00060175      0x6ff /tmp/ccbv0rDE.debug.temp.o
                0x00060175                flash.c.4a647563
 .debug_info    0x00060874      0x2a0 /tmp/ccayBJ9g.debug.temp.o
                0x00060874                watchdog.c.914bc368
 .debug_info    0x00060b14      0x163 /tmp/ccf6T3sA.debug.temp.o
                0x00060b14                xosc.c.7890f563
 .debug_info    0x00060c77      0x1c7 /tmp/cc7Cluu3.debug.temp.o
                0x00060c77                bootrom.c.b379e88f
 .debug_info    0x00060e3e       0xaa /tmp/ccEsUD0V.debug.temp.o
                0x00060e3e                stage2_bootloaders.c.0c5c5403
 .debug_info    0x00060ee8     0x20fb .build/obj_davepad_default/i2c_master.a(i2c_master.o)
 .debug_info    0x00062fe3       0x3c /usr/lib/gcc/arm-none-eabi/14.1.0/thumb/v6-m/nofp/libgcc.a(_dvmd_tls.o)
 .debug_info    0x0006301f       0x31 /usr/lib/gcc/arm-none-eabi/14.1.0/thumb/v6-m/nofp/libgcc.a(_thumb1_case_sqi.o)
 .debug_info    0x00063050       0x31 /usr/lib/gcc/arm-none-eabi/14.1.0/thumb/v6-m/nofp/libgcc.a(_thumb1_case_uqi.o)
 .debug_info    0x00063081       0x31 /usr/lib/gcc/arm-none-eabi/14.1.0/thumb/v6-m/nofp/libgcc.a(_thumb1_case_uhi.o)
 .debug_info    0x000630b2       0xe0 /usr/lib/gcc/arm-none-eabi/14.1.0/../../../../arm-none-eabi/lib/thumb/v6-m/nofp/libg_nano.a(libc_a-memset.o)
 .debug_info    0x00063192      0x11b /usr/lib/gcc/arm-none-eabi/14.1.0/../../../../arm-none-eabi/lib/thumb/v6-m/nofp/libg_nano.a(libc_a-memcpy-stub.o)
 .debug_info    0x000632ad      0x104 /usr/lib/gcc/arm-none-eabi/14.1.0/../../../../arm-none-eabi/lib/thumb/v6-m/nofp/libg_nano.a(libc_a-memcmp.o)
 .debug_info    0x000633b1       0x31 /usr/lib/gcc/arm-none-eabi/14.1.0/../../../../arm-none-eabi/lib/thumb/v6-m/nofp/libg_nano.a(libc_a-strlen.o)

.debug_abbrev   0x00000000     0xa171
 .debug_abbrev  0x00000000      0x38f /tmp/ccSXqDCs.ltrans0.ltrans.o
 .debug_abbrev  0x0000038f      0x19d /tmp/cc7plmk8.debug.temp.o
 .debug_abbrev  0x0000052c      0x204 /tmp/cclRuhfr.debug.temp.o
 .debug_abbrev  0x00000730      0x263 /tmp/cc6VIEp8.debug.temp.o
 .debug_abbrev  0x00000993       0x7f /tmp/ccS5e8Qt.debug.temp.o
 .debug_abbrev  0x00000a12      0x16a /tmp/ccgCImyJ.debug.temp.o
 .debug_abbrev  0x00000b7c      0x31c /tmp/cc3HdLB0.debug.temp.o
 .debug_abbrev  0x00000e98      0x24c /tmp/ccJFF37Q.debug.temp.o
 .debug_abbrev  0x000010e4      0x224 /tmp/cc48289p.debug.temp.o
 .debug_abbrev  0x00001308      0x25f /tmp/cc7FpVTz.debug.temp.o